[0.063s] Invoking command in '/ros2_ws/build/turtlebot3_description': CMAKE_PREFIX_PATH=${CMAKE_PREFIX_PATH}:/opt/ros/jazzy /usr/bin/cmake /ros2_ws/src/turtlebot3/turtlebot3_description -DCMAKE_INSTALL_PREFIX=/ros2_ws/install/turtlebot3_description
[0.206s] -- Found ament_cmake: 2.5.6 (/opt/ros/jazzy/share/ament_cmake/cmake)
[0.677s] -- Override CMake install command with custom implementation using symlinks instead of copying resources
[0.693s] -- Found urdf: 2.10.1 (/opt/ros/jazzy/share/urdf/cmake)
[0.762s] -- Found TinyXML2 via Config file: /usr/lib/x86_64-linux-gnu/cmake/tinyxml2
[1.016s] -- Configuring done (0.9s)
[1.034s] -- Generating done (0.0s)
[1.048s] -- Build files have been written to: /ros2_ws/build/turtlebot3_description
[1.064s] Invoked command in '/ros2_ws/build/turtlebot3_description' returned '0': CMAKE_PREFIX_PATH=${CMAKE_PREFIX_PATH}:/opt/ros/jazzy /usr/bin/cmake /ros2_ws/src/turtlebot3/turtlebot3_description -DCMAKE_INSTALL_PREFIX=/ros2_ws/install/turtlebot3_description
[1.064s] Invoking command in '/ros2_ws/build/turtlebot3_description': CMAKE_PREFIX_PATH=${CMAKE_PREFIX_PATH}:/opt/ros/jazzy /usr/bin/cmake --build /ros2_ws/build/turtlebot3_description -- -j8 -l8
[1.183s] Invoked command in '/ros2_ws/build/turtlebot3_description' returned '0': CMAKE_PREFIX_PATH=${CMAKE_PREFIX_PATH}:/opt/ros/jazzy /usr/bin/cmake --build /ros2_ws/build/turtlebot3_description -- -j8 -l8
[1.184s] Invoking command in '/ros2_ws/build/turtlebot3_description': CMAKE_PREFIX_PATH=${CMAKE_PREFIX_PATH}:/opt/ros/jazzy /usr/bin/cmake --install /ros2_ws/build/turtlebot3_description
[1.218s] -- Install configuration: ""
[1.220s] -- Execute custom install script
[1.224s] -- Up-to-date symlink: /ros2_ws/install/turtlebot3_description/share/turtlebot3_description/meshes/bases/burger_base.stl
[1.225s] -- Up-to-date symlink: /ros2_ws/install/turtlebot3_description/share/turtlebot3_description/meshes/bases/waffle_base.stl
[1.226s] -- Up-to-date symlink: /ros2_ws/install/turtlebot3_description/share/turtlebot3_description/meshes/bases/waffle_pi_base.stl
[1.228s] -- Up-to-date symlink: /ros2_ws/install/turtlebot3_description/share/turtlebot3_description/meshes/sensors/astra.dae
[1.230s] -- Up-to-date symlink: /ros2_ws/install/turtlebot3_description/share/turtlebot3_description/meshes/sensors/astra.jpg
[1.230s] -- Up-to-date symlink: /ros2_ws/install/turtlebot3_description/share/turtlebot3_description/meshes/sensors/lds.stl
[1.230s] -- Up-to-date symlink: /ros2_ws/install/turtlebot3_description/share/turtlebot3_description/meshes/sensors/r200.dae
[1.232s] -- Up-to-date symlink: /ros2_ws/install/turtlebot3_description/share/turtlebot3_description/meshes/sensors/r200.jpg
[1.232s] -- Up-to-date symlink: /ros2_ws/install/turtlebot3_description/share/turtlebot3_description/meshes/wheels/left_tire.stl
[1.233s] -- Up-to-date symlink: /ros2_ws/install/turtlebot3_description/share/turtlebot3_description/meshes/wheels/right_tire.stl
[1.234s] -- Up-to-date symlink: /ros2_ws/install/turtlebot3_description/share/turtlebot3_description/rviz/model.rviz
[1.236s] -- Up-to-date symlink: /ros2_ws/install/turtlebot3_description/share/turtlebot3_description/urdf/common_properties.urdf
[1.236s] -- Up-to-date symlink: /ros2_ws/install/turtlebot3_description/share/turtlebot3_description/urdf/turtlebot3_burger.urdf
[1.237s] -- Up-to-date symlink: /ros2_ws/install/turtlebot3_description/share/turtlebot3_description/urdf/turtlebot3_waffle.urdf
[1.238s] -- Up-to-date symlink: /ros2_ws/install/turtlebot3_description/share/turtlebot3_description/urdf/turtlebot3_waffle_pi.urdf
[1.240s] -- Up-to-date symlink: /ros2_ws/install/turtlebot3_description/share/ament_index/resource_index/package_run_dependencies/turtlebot3_description
[1.240s] -- Up-to-date symlink: /ros2_ws/install/turtlebot3_description/share/ament_index/resource_index/parent_prefix_path/turtlebot3_description
[1.242s] -- Up-to-date symlink: /ros2_ws/install/turtlebot3_description/share/turtlebot3_description/environment/ament_prefix_path.sh
[1.245s] -- Up-to-date symlink: /ros2_ws/install/turtlebot3_description/share/turtlebot3_description/environment/ament_prefix_path.dsv
[1.246s] -- Up-to-date symlink: /ros2_ws/install/turtlebot3_description/share/turtlebot3_description/environment/path.sh
[1.247s] -- Up-to-date symlink: /ros2_ws/install/turtlebot3_description/share/turtlebot3_description/environment/path.dsv
[1.247s] -- Up-to-date symlink: /ros2_ws/install/turtlebot3_description/share/turtlebot3_description/local_setup.bash
[1.249s] -- Up-to-date symlink: /ros2_ws/install/turtlebot3_description/share/turtlebot3_description/local_setup.sh
[1.249s] -- Up-to-date symlink: /ros2_ws/install/turtlebot3_description/share/turtlebot3_description/local_setup.zsh
[1.250s] -- Up-to-date symlink: /ros2_ws/install/turtlebot3_description/share/turtlebot3_description/local_setup.dsv
[1.251s] -- Symlinking: /ros2_ws/install/turtlebot3_description/share/turtlebot3_description/package.dsv
[1.279s] -- Up-to-date symlink: /ros2_ws/install/turtlebot3_description/share/ament_index/resource_index/packages/turtlebot3_description
[1.279s] -- Up-to-date symlink: /ros2_ws/install/turtlebot3_description/share/turtlebot3_description/cmake/turtlebot3_descriptionConfig.cmake
[1.282s] -- Up-to-date symlink: /ros2_ws/install/turtlebot3_description/share/turtlebot3_description/cmake/turtlebot3_descriptionConfig-version.cmake
[1.282s] -- Up-to-date symlink: /ros2_ws/install/turtlebot3_description/share/turtlebot3_description/package.xml
[1.343s] Invoked command in '/ros2_ws/build/turtlebot3_description' returned '0': CMAKE_PREFIX_PATH=${CMAKE_PREFIX_PATH}:/opt/ros/jazzy /usr/bin/cmake --install /ros2_ws/build/turtlebot3_description
