[1.009s] Invoking command in '/ros2_ws/build/turtlebot3_example': AMENT_PREFIX_PATH=/ros2_ws/install/turtlebot3_msgs:${AMENT_PREFIX_PATH} CMAKE_PREFIX_PATH=/ros2_ws/install/turtlebot3_msgs:${CMAKE_PREFIX_PATH} LD_LIBRARY_PATH=/ros2_ws/install/turtlebot3_msgs/lib:${LD_LIBRARY_PATH} PYTHONPATH=/ros2_ws/build/turtlebot3_example/prefix_override:/usr/lib/python3/dist-packages/colcon_core/task/python/colcon_distutils_commands:/ros2_ws/install/turtlebot3_example/lib/python3.12/site-packages:/ros2_ws/install/turtlebot3_msgs/lib/python3.12/site-packages:${PYTHONPATH} /usr/bin/python3 -W ignore:setup.py install is deprecated -W ignore:easy_install command is deprecated setup.py develop --uninstall --editable --build-directory /ros2_ws/build/turtlebot3_example/build
[1.365s] running develop
[1.572s] Removing /ros2_ws/install/turtlebot3_example/lib/python3.12/site-packages/turtlebot3-example.egg-link (link to .)
[1.643s] Invoked command in '/ros2_ws/build/turtlebot3_example' returned '0': AMENT_PREFIX_PATH=/ros2_ws/install/turtlebot3_msgs:${AMENT_PREFIX_PATH} CMAKE_PREFIX_PATH=/ros2_ws/install/turtlebot3_msgs:${CMAKE_PREFIX_PATH} LD_LIBRARY_PATH=/ros2_ws/install/turtlebot3_msgs/lib:${LD_LIBRARY_PATH} PYTHONPATH=/ros2_ws/build/turtlebot3_example/prefix_override:/usr/lib/python3/dist-packages/colcon_core/task/python/colcon_distutils_commands:/ros2_ws/install/turtlebot3_example/lib/python3.12/site-packages:/ros2_ws/install/turtlebot3_msgs/lib/python3.12/site-packages:${PYTHONPATH} /usr/bin/python3 -W ignore:setup.py install is deprecated -W ignore:easy_install command is deprecated setup.py develop --uninstall --editable --build-directory /ros2_ws/build/turtlebot3_example/build
[1.645s] Invoking command in '/ros2_ws/src/turtlebot3/turtlebot3_example': AMENT_PREFIX_PATH=/ros2_ws/install/turtlebot3_msgs:${AMENT_PREFIX_PATH} CMAKE_PREFIX_PATH=/ros2_ws/install/turtlebot3_msgs:${CMAKE_PREFIX_PATH} LD_LIBRARY_PATH=/ros2_ws/install/turtlebot3_msgs/lib:${LD_LIBRARY_PATH} PYTHONPATH=/ros2_ws/build/turtlebot3_example/prefix_override:/usr/lib/python3/dist-packages/colcon_core/task/python/colcon_distutils_commands:/ros2_ws/install/turtlebot3_example/lib/python3.12/site-packages:/ros2_ws/install/turtlebot3_msgs/lib/python3.12/site-packages:${PYTHONPATH} /usr/bin/python3 -W ignore:setup.py install is deprecated -W ignore:easy_install command is deprecated setup.py egg_info --egg-base ../../../build/turtlebot3_example build --build-base /ros2_ws/build/turtlebot3_example/build install --record /ros2_ws/build/turtlebot3_example/install.log --install-scripts $base/lib/turtlebot3_example --single-version-externally-managed install_data --force
[1.965s] running egg_info
[1.989s] writing ../../../build/turtlebot3_example/turtlebot3_example.egg-info/PKG-INFO
[1.989s] writing dependency_links to ../../../build/turtlebot3_example/turtlebot3_example.egg-info/dependency_links.txt
[1.991s] writing entry points to ../../../build/turtlebot3_example/turtlebot3_example.egg-info/entry_points.txt
[1.992s] writing requirements to ../../../build/turtlebot3_example/turtlebot3_example.egg-info/requires.txt
[1.992s] writing top-level names to ../../../build/turtlebot3_example/turtlebot3_example.egg-info/top_level.txt
[2.038s] reading manifest file '../../../build/turtlebot3_example/turtlebot3_example.egg-info/SOURCES.txt'
[2.041s] writing manifest file '../../../build/turtlebot3_example/turtlebot3_example.egg-info/SOURCES.txt'
[2.041s] running build
[2.041s] running build_py
[2.042s] creating /ros2_ws/build/turtlebot3_example/build
[2.042s] creating /ros2_ws/build/turtlebot3_example/build/lib
[2.043s] creating /ros2_ws/build/turtlebot3_example/build/lib/turtlebot3_example
[2.044s] copying turtlebot3_example/__init__.py -> /ros2_ws/build/turtlebot3_example/build/lib/turtlebot3_example
[2.045s] creating /ros2_ws/build/turtlebot3_example/build/lib/turtlebot3_example/turtlebot3_obstacle_detection
[2.046s] copying turtlebot3_example/turtlebot3_obstacle_detection/__init__.py -> /ros2_ws/build/turtlebot3_example/build/lib/turtlebot3_example/turtlebot3_obstacle_detection
[2.047s] copying turtlebot3_example/turtlebot3_obstacle_detection/turtlebot3_obstacle_detection.py -> /ros2_ws/build/turtlebot3_example/build/lib/turtlebot3_example/turtlebot3_obstacle_detection
[2.048s] creating /ros2_ws/build/turtlebot3_example/build/lib/turtlebot3_example/turtlebot3_relative_move
[2.049s] copying turtlebot3_example/turtlebot3_relative_move/__init__.py -> /ros2_ws/build/turtlebot3_example/build/lib/turtlebot3_example/turtlebot3_relative_move
[2.049s] copying turtlebot3_example/turtlebot3_relative_move/turtlebot3_relative_move.py -> /ros2_ws/build/turtlebot3_example/build/lib/turtlebot3_example/turtlebot3_relative_move
[2.051s] creating /ros2_ws/build/turtlebot3_example/build/lib/turtlebot3_example/turtlebot3_absolute_move
[2.052s] copying turtlebot3_example/turtlebot3_absolute_move/turtlebot3_absolute_move.py -> /ros2_ws/build/turtlebot3_example/build/lib/turtlebot3_example/turtlebot3_absolute_move
[2.053s] copying turtlebot3_example/turtlebot3_absolute_move/__init__.py -> /ros2_ws/build/turtlebot3_example/build/lib/turtlebot3_example/turtlebot3_absolute_move
[2.053s] creating /ros2_ws/build/turtlebot3_example/build/lib/turtlebot3_example/turtlebot3_interactive_marker
[2.054s] copying turtlebot3_example/turtlebot3_interactive_marker/__init__.py -> /ros2_ws/build/turtlebot3_example/build/lib/turtlebot3_example/turtlebot3_interactive_marker
[2.054s] copying turtlebot3_example/turtlebot3_interactive_marker/turtlebot3_interactive_marker.py -> /ros2_ws/build/turtlebot3_example/build/lib/turtlebot3_example/turtlebot3_interactive_marker
[2.056s] creating /ros2_ws/build/turtlebot3_example/build/lib/turtlebot3_example/turtlebot3_patrol
[2.057s] copying turtlebot3_example/turtlebot3_patrol/turtlebot3_patrol_client.py -> /ros2_ws/build/turtlebot3_example/build/lib/turtlebot3_example/turtlebot3_patrol
[2.057s] copying turtlebot3_example/turtlebot3_patrol/turtlebot3_patrol_server.py -> /ros2_ws/build/turtlebot3_example/build/lib/turtlebot3_example/turtlebot3_patrol
[2.058s] copying turtlebot3_example/turtlebot3_patrol/__init__.py -> /ros2_ws/build/turtlebot3_example/build/lib/turtlebot3_example/turtlebot3_patrol
[2.059s] running install
[2.067s] running install_lib
[2.088s] creating /ros2_ws/install/turtlebot3_example/lib/python3.12/site-packages/turtlebot3_example
[2.089s] creating /ros2_ws/install/turtlebot3_example/lib/python3.12/site-packages/turtlebot3_example/turtlebot3_obstacle_detection
[2.090s] copying /ros2_ws/build/turtlebot3_example/build/lib/turtlebot3_example/turtlebot3_obstacle_detection/__init__.py -> /ros2_ws/install/turtlebot3_example/lib/python3.12/site-packages/turtlebot3_example/turtlebot3_obstacle_detection
[2.091s] copying /ros2_ws/build/turtlebot3_example/build/lib/turtlebot3_example/turtlebot3_obstacle_detection/turtlebot3_obstacle_detection.py -> /ros2_ws/install/turtlebot3_example/lib/python3.12/site-packages/turtlebot3_example/turtlebot3_obstacle_detection
[2.091s] creating /ros2_ws/install/turtlebot3_example/lib/python3.12/site-packages/turtlebot3_example/turtlebot3_relative_move
[2.092s] copying /ros2_ws/build/turtlebot3_example/build/lib/turtlebot3_example/turtlebot3_relative_move/__init__.py -> /ros2_ws/install/turtlebot3_example/lib/python3.12/site-packages/turtlebot3_example/turtlebot3_relative_move
[2.093s] copying /ros2_ws/build/turtlebot3_example/build/lib/turtlebot3_example/turtlebot3_relative_move/turtlebot3_relative_move.py -> /ros2_ws/install/turtlebot3_example/lib/python3.12/site-packages/turtlebot3_example/turtlebot3_relative_move
[2.093s] creating /ros2_ws/install/turtlebot3_example/lib/python3.12/site-packages/turtlebot3_example/turtlebot3_absolute_move
[2.094s] copying /ros2_ws/build/turtlebot3_example/build/lib/turtlebot3_example/turtlebot3_absolute_move/turtlebot3_absolute_move.py -> /ros2_ws/install/turtlebot3_example/lib/python3.12/site-packages/turtlebot3_example/turtlebot3_absolute_move
[2.095s] copying /ros2_ws/build/turtlebot3_example/build/lib/turtlebot3_example/turtlebot3_absolute_move/__init__.py -> /ros2_ws/install/turtlebot3_example/lib/python3.12/site-packages/turtlebot3_example/turtlebot3_absolute_move
[2.095s] creating /ros2_ws/install/turtlebot3_example/lib/python3.12/site-packages/turtlebot3_example/turtlebot3_interactive_marker
[2.096s] copying /ros2_ws/build/turtlebot3_example/build/lib/turtlebot3_example/turtlebot3_interactive_marker/__init__.py -> /ros2_ws/install/turtlebot3_example/lib/python3.12/site-packages/turtlebot3_example/turtlebot3_interactive_marker
[2.096s] copying /ros2_ws/build/turtlebot3_example/build/lib/turtlebot3_example/turtlebot3_interactive_marker/turtlebot3_interactive_marker.py -> /ros2_ws/install/turtlebot3_example/lib/python3.12/site-packages/turtlebot3_example/turtlebot3_interactive_marker
[2.096s] copying /ros2_ws/build/turtlebot3_example/build/lib/turtlebot3_example/__init__.py -> /ros2_ws/install/turtlebot3_example/lib/python3.12/site-packages/turtlebot3_example
[2.097s] creating /ros2_ws/install/turtlebot3_example/lib/python3.12/site-packages/turtlebot3_example/turtlebot3_patrol
[2.098s] copying /ros2_ws/build/turtlebot3_example/build/lib/turtlebot3_example/turtlebot3_patrol/turtlebot3_patrol_client.py -> /ros2_ws/install/turtlebot3_example/lib/python3.12/site-packages/turtlebot3_example/turtlebot3_patrol
[2.098s] copying /ros2_ws/build/turtlebot3_example/build/lib/turtlebot3_example/turtlebot3_patrol/turtlebot3_patrol_server.py -> /ros2_ws/install/turtlebot3_example/lib/python3.12/site-packages/turtlebot3_example/turtlebot3_patrol
[2.098s] copying /ros2_ws/build/turtlebot3_example/build/lib/turtlebot3_example/turtlebot3_patrol/__init__.py -> /ros2_ws/install/turtlebot3_example/lib/python3.12/site-packages/turtlebot3_example/turtlebot3_patrol
[2.099s] byte-compiling /ros2_ws/install/turtlebot3_example/lib/python3.12/site-packages/turtlebot3_example/turtlebot3_obstacle_detection/__init__.py to __init__.cpython-312.pyc
[2.101s] byte-compiling /ros2_ws/install/turtlebot3_example/lib/python3.12/site-packages/turtlebot3_example/turtlebot3_obstacle_detection/turtlebot3_obstacle_detection.py to turtlebot3_obstacle_detection.cpython-312.pyc
[2.102s] byte-compiling /ros2_ws/install/turtlebot3_example/lib/python3.12/site-packages/turtlebot3_example/turtlebot3_relative_move/__init__.py to __init__.cpython-312.pyc
[2.103s] byte-compiling /ros2_ws/install/turtlebot3_example/lib/python3.12/site-packages/turtlebot3_example/turtlebot3_relative_move/turtlebot3_relative_move.py to turtlebot3_relative_move.cpython-312.pyc
[2.106s] byte-compiling /ros2_ws/install/turtlebot3_example/lib/python3.12/site-packages/turtlebot3_example/turtlebot3_absolute_move/turtlebot3_absolute_move.py to turtlebot3_absolute_move.cpython-312.pyc
[2.110s] byte-compiling /ros2_ws/install/turtlebot3_example/lib/python3.12/site-packages/turtlebot3_example/turtlebot3_absolute_move/__init__.py to __init__.cpython-312.pyc
[2.110s] byte-compiling /ros2_ws/install/turtlebot3_example/lib/python3.12/site-packages/turtlebot3_example/turtlebot3_interactive_marker/__init__.py to __init__.cpython-312.pyc
[2.111s] byte-compiling /ros2_ws/install/turtlebot3_example/lib/python3.12/site-packages/turtlebot3_example/turtlebot3_interactive_marker/turtlebot3_interactive_marker.py to turtlebot3_interactive_marker.cpython-312.pyc
[2.113s] byte-compiling /ros2_ws/install/turtlebot3_example/lib/python3.12/site-packages/turtlebot3_example/__init__.py to __init__.cpython-312.pyc
[2.115s] byte-compiling /ros2_ws/install/turtlebot3_example/lib/python3.12/site-packages/turtlebot3_example/turtlebot3_patrol/turtlebot3_patrol_client.py to turtlebot3_patrol_client.cpython-312.pyc
[2.117s] byte-compiling /ros2_ws/install/turtlebot3_example/lib/python3.12/site-packages/turtlebot3_example/turtlebot3_patrol/turtlebot3_patrol_server.py to turtlebot3_patrol_server.cpython-312.pyc
[2.119s] byte-compiling /ros2_ws/install/turtlebot3_example/lib/python3.12/site-packages/turtlebot3_example/turtlebot3_patrol/__init__.py to __init__.cpython-312.pyc
[2.119s] running install_data
[2.120s] copying resource/turtlebot3_example -> /ros2_ws/install/turtlebot3_example/share/ament_index/resource_index/packages
[2.121s] copying package.xml -> /ros2_ws/install/turtlebot3_example/share/turtlebot3_example
[2.122s] running install_egg_info
[2.142s] Copying ../../../build/turtlebot3_example/turtlebot3_example.egg-info to /ros2_ws/install/turtlebot3_example/lib/python3.12/site-packages/turtlebot3_example-2.3.7-py3.12.egg-info
[2.145s] running install_scripts
[2.310s] Installing turtlebot3_absolute_move script to /ros2_ws/install/turtlebot3_example/lib/turtlebot3_example
[2.311s] Installing turtlebot3_interactive_marker script to /ros2_ws/install/turtlebot3_example/lib/turtlebot3_example
[2.311s] Installing turtlebot3_obstacle_detection script to /ros2_ws/install/turtlebot3_example/lib/turtlebot3_example
[2.312s] Installing turtlebot3_patrol_client script to /ros2_ws/install/turtlebot3_example/lib/turtlebot3_example
[2.312s] Installing turtlebot3_patrol_server script to /ros2_ws/install/turtlebot3_example/lib/turtlebot3_example
[2.312s] Installing turtlebot3_relative_move script to /ros2_ws/install/turtlebot3_example/lib/turtlebot3_example
[2.313s] writing list of installed files to '/ros2_ws/build/turtlebot3_example/install.log'
[2.393s] Invoked command in '/ros2_ws/src/turtlebot3/turtlebot3_example' returned '0': AMENT_PREFIX_PATH=/ros2_ws/install/turtlebot3_msgs:${AMENT_PREFIX_PATH} CMAKE_PREFIX_PATH=/ros2_ws/install/turtlebot3_msgs:${CMAKE_PREFIX_PATH} LD_LIBRARY_PATH=/ros2_ws/install/turtlebot3_msgs/lib:${LD_LIBRARY_PATH} PYTHONPATH=/ros2_ws/build/turtlebot3_example/prefix_override:/usr/lib/python3/dist-packages/colcon_core/task/python/colcon_distutils_commands:/ros2_ws/install/turtlebot3_example/lib/python3.12/site-packages:/ros2_ws/install/turtlebot3_msgs/lib/python3.12/site-packages:${PYTHONPATH} /usr/bin/python3 -W ignore:setup.py install is deprecated -W ignore:easy_install command is deprecated setup.py egg_info --egg-base ../../../build/turtlebot3_example build --build-base /ros2_ws/build/turtlebot3_example/build install --record /ros2_ws/build/turtlebot3_example/install.log --install-scripts $base/lib/turtlebot3_example --single-version-externally-managed install_data --force
