[1.511s] Invoking command in '/ros2_ws/build/turtlebot3_example': AMENT_PREFIX_PATH=/ros2_ws/install/turtlebot3_msgs:${AMENT_PREFIX_PATH} CMAKE_PREFIX_PATH=/ros2_ws/install/turtlebot3_msgs:${CMAKE_PREFIX_PATH} LD_LIBRARY_PATH=/ros2_ws/install/turtlebot3_msgs/lib:${LD_LIBRARY_PATH} PYTHONPATH=/ros2_ws/build/turtlebot3_example/prefix_override:/usr/lib/python3/dist-packages/colcon_core/task/python/colcon_distutils_commands:/ros2_ws/install/turtlebot3_example/lib/python3.12/site-packages:/ros2_ws/install/turtlebot3_msgs/lib/python3.12/site-packages:${PYTHONPATH} /usr/bin/python3 -W ignore:setup.py install is deprecated -W ignore:easy_install command is deprecated setup.py develop --editable --build-directory /ros2_ws/build/turtlebot3_example/build --no-deps symlink_data
[1.848s] running develop
[2.030s] running egg_info
[2.045s] writing turtlebot3_example.egg-info/PKG-INFO
[2.045s] writing dependency_links to turtlebot3_example.egg-info/dependency_links.txt
[2.046s] writing entry points to turtlebot3_example.egg-info/entry_points.txt
[2.046s] writing requirements to turtlebot3_example.egg-info/requires.txt
[2.046s] writing top-level names to turtlebot3_example.egg-info/top_level.txt
[2.079s] reading manifest file 'turtlebot3_example.egg-info/SOURCES.txt'
[2.080s] writing manifest file 'turtlebot3_example.egg-info/SOURCES.txt'
[2.097s] running build_ext
[2.097s] Creating /ros2_ws/install/turtlebot3_example/lib/python3.12/site-packages/turtlebot3-example.egg-link (link to .)
[2.097s] Installing turtlebot3_absolute_move script to /ros2_ws/install/turtlebot3_example/lib/turtlebot3_example
[2.098s] Installing turtlebot3_interactive_marker script to /ros2_ws/install/turtlebot3_example/lib/turtlebot3_example
[2.098s] Installing turtlebot3_obstacle_detection script to /ros2_ws/install/turtlebot3_example/lib/turtlebot3_example
[2.099s] Installing turtlebot3_patrol_client script to /ros2_ws/install/turtlebot3_example/lib/turtlebot3_example
[2.099s] Installing turtlebot3_patrol_server script to /ros2_ws/install/turtlebot3_example/lib/turtlebot3_example
[2.100s] Installing turtlebot3_relative_move script to /ros2_ws/install/turtlebot3_example/lib/turtlebot3_example
[2.100s] 
[2.101s] Installed /ros2_ws/build/turtlebot3_example
[2.101s] running symlink_data
[2.156s] Invoked command in '/ros2_ws/build/turtlebot3_example' returned '0': AMENT_PREFIX_PATH=/ros2_ws/install/turtlebot3_msgs:${AMENT_PREFIX_PATH} CMAKE_PREFIX_PATH=/ros2_ws/install/turtlebot3_msgs:${CMAKE_PREFIX_PATH} LD_LIBRARY_PATH=/ros2_ws/install/turtlebot3_msgs/lib:${LD_LIBRARY_PATH} PYTHONPATH=/ros2_ws/build/turtlebot3_example/prefix_override:/usr/lib/python3/dist-packages/colcon_core/task/python/colcon_distutils_commands:/ros2_ws/install/turtlebot3_example/lib/python3.12/site-packages:/ros2_ws/install/turtlebot3_msgs/lib/python3.12/site-packages:${PYTHONPATH} /usr/bin/python3 -W ignore:setup.py install is deprecated -W ignore:easy_install command is deprecated setup.py develop --editable --build-directory /ros2_ws/build/turtlebot3_example/build --no-deps symlink_data
