-- The C compiler identification is GNU 13.3.0
-- The CXX compiler identification is GNU 13.3.0
-- Detecting C compiler ABI info
-- Detecting C compiler ABI info - done
-- Check for working C compiler: /usr/bin/cc - skipped
-- Detecting C compile features
-- Detecting C compile features - done
-- Detecting CXX compiler ABI info
-- Detecting CXX compiler ABI info - done
-- Check for working CXX compiler: /usr/bin/c++ - skipped
-- Detecting CXX compile features
-- Detecting CXX compile features - done
-- Found ament_cmake: 2.5.6 (/opt/ros/jazzy/share/ament_cmake/cmake)
-- Found Python3: /usr/bin/python3 (found version "3.12.3") found components: Interpreter 
-- Override CMake install command with custom implementation using symlinks instead of copying resources
-- Found urdf: 2.10.1 (/opt/ros/jazzy/share/urdf/cmake)
-- Found TinyXML2 via Config file: /usr/lib/x86_64-linux-gnu/cmake/tinyxml2
-- Configuring done (3.7s)
-- Generating done (0.0s)
-- Build files have been written to: /ros2_ws/build/turtlebot3_description
-- Install configuration: ""
-- Execute custom install script
-- Symlinking: /ros2_ws/install/turtlebot3_description/share/turtlebot3_description/meshes/bases/burger_base.stl
-- Symlinking: /ros2_ws/install/turtlebot3_description/share/turtlebot3_description/meshes/bases/waffle_base.stl
-- Symlinking: /ros2_ws/install/turtlebot3_description/share/turtlebot3_description/meshes/bases/waffle_pi_base.stl
-- Symlinking: /ros2_ws/install/turtlebot3_description/share/turtlebot3_description/meshes/sensors/astra.dae
-- Symlinking: /ros2_ws/install/turtlebot3_description/share/turtlebot3_description/meshes/sensors/astra.jpg
-- Symlinking: /ros2_ws/install/turtlebot3_description/share/turtlebot3_description/meshes/sensors/lds.stl
-- Symlinking: /ros2_ws/install/turtlebot3_description/share/turtlebot3_description/meshes/sensors/r200.dae
-- Symlinking: /ros2_ws/install/turtlebot3_description/share/turtlebot3_description/meshes/sensors/r200.jpg
-- Symlinking: /ros2_ws/install/turtlebot3_description/share/turtlebot3_description/meshes/wheels/left_tire.stl
-- Symlinking: /ros2_ws/install/turtlebot3_description/share/turtlebot3_description/meshes/wheels/right_tire.stl
-- Symlinking: /ros2_ws/install/turtlebot3_description/share/turtlebot3_description/rviz/model.rviz
-- Symlinking: /ros2_ws/install/turtlebot3_description/share/turtlebot3_description/urdf/common_properties.urdf
-- Symlinking: /ros2_ws/install/turtlebot3_description/share/turtlebot3_description/urdf/turtlebot3_burger.urdf
-- Symlinking: /ros2_ws/install/turtlebot3_description/share/turtlebot3_description/urdf/turtlebot3_waffle.urdf
-- Symlinking: /ros2_ws/install/turtlebot3_description/share/turtlebot3_description/urdf/turtlebot3_waffle_pi.urdf
-- Symlinking: /ros2_ws/install/turtlebot3_description/share/ament_index/resource_index/package_run_dependencies/turtlebot3_description
-- Symlinking: /ros2_ws/install/turtlebot3_description/share/ament_index/resource_index/parent_prefix_path/turtlebot3_description
-- Symlinking: /ros2_ws/install/turtlebot3_description/share/turtlebot3_description/environment/ament_prefix_path.sh
-- Symlinking: /ros2_ws/install/turtlebot3_description/share/turtlebot3_description/environment/ament_prefix_path.dsv
-- Symlinking: /ros2_ws/install/turtlebot3_description/share/turtlebot3_description/environment/path.sh
-- Symlinking: /ros2_ws/install/turtlebot3_description/share/turtlebot3_description/environment/path.dsv
-- Symlinking: /ros2_ws/install/turtlebot3_description/share/turtlebot3_description/local_setup.bash
-- Symlinking: /ros2_ws/install/turtlebot3_description/share/turtlebot3_description/local_setup.sh
-- Symlinking: /ros2_ws/install/turtlebot3_description/share/turtlebot3_description/local_setup.zsh
-- Symlinking: /ros2_ws/install/turtlebot3_description/share/turtlebot3_description/local_setup.dsv
-- Symlinking: /ros2_ws/install/turtlebot3_description/share/turtlebot3_description/package.dsv
-- Symlinking: /ros2_ws/install/turtlebot3_description/share/ament_index/resource_index/packages/turtlebot3_description
-- Symlinking: /ros2_ws/install/turtlebot3_description/share/turtlebot3_description/cmake/turtlebot3_descriptionConfig.cmake
-- Symlinking: /ros2_ws/install/turtlebot3_description/share/turtlebot3_description/cmake/turtlebot3_descriptionConfig-version.cmake
-- Symlinking: /ros2_ws/install/turtlebot3_description/share/turtlebot3_description/package.xml
