-- The C compiler identification is GNU 13.3.0
-- The CXX compiler identification is GNU 13.3.0
-- Detecting C compiler ABI info
-- Detecting C compiler ABI info - done
-- Check for working C compiler: /usr/bin/cc - skipped
-- Detecting C compile features
-- Detecting C compile features - done
-- Detecting CXX compiler ABI info
-- Detecting CXX compiler ABI info - done
-- Check for working CXX compiler: /usr/bin/c++ - skipped
-- Detecting CXX compile features
-- Detecting CXX compile features - done
-- Found ament_cmake: 2.5.6 (/opt/ros/jazzy/share/ament_cmake/cmake)
-- Found Python3: /usr/bin/python3 (found version "3.12.3") found components: Interpreter 
-- Override CMake install command with custom implementation using symlinks instead of copying resources
-- Found dynamixel_sdk: 4.0.5 (/ros2_ws/install/dynamixel_sdk/share/dynamixel_sdk/cmake)
-- Found geometry_msgs: 5.3.8 (/opt/ros/jazzy/share/geometry_msgs/cmake)
-- Found rosidl_generator_c: 4.6.9 (/opt/ros/jazzy/share/rosidl_generator_c/cmake)
-- Found rosidl_generator_cpp: 4.6.9 (/opt/ros/jazzy/share/rosidl_generator_cpp/cmake)
-- Using all available rosidl_typesupport_c: rosidl_typesupport_fastrtps_c;rosidl_typesupport_introspection_c
-- Using all available rosidl_typesupport_cpp: rosidl_typesupport_fastrtps_cpp;rosidl_typesupport_introspection_cpp
-- Found message_filters: 4.11.17 (/opt/ros/jazzy/share/message_filters/cmake)
-- Found rmw_implementation_cmake: 7.3.3 (/opt/ros/jazzy/share/rmw_implementation_cmake/cmake)
-- Found rmw_fastrtps_cpp: 8.4.4 (/opt/ros/jazzy/share/rmw_fastrtps_cpp/cmake)
-- Found OpenSSL: /usr/lib/x86_64-linux-gnu/libcrypto.so (found version "3.0.13")  
-- Found FastRTPS: /opt/ros/jazzy/include (Required is at least version "2.13") 
-- Using RMW implementation 'rmw_fastrtps_cpp' as default
-- Found nav_msgs: 5.3.8 (/opt/ros/jazzy/share/nav_msgs/cmake)
-- Found sensor_msgs: 5.3.8 (/opt/ros/jazzy/share/sensor_msgs/cmake)
-- Found std_srvs: 5.3.8 (/opt/ros/jazzy/share/std_srvs/cmake)
-- Found tf2: 0.36.21 (/opt/ros/jazzy/share/tf2/cmake)
-- Found tf2_ros: 0.36.21 (/opt/ros/jazzy/share/tf2_ros/cmake)
-- Found turtlebot3_msgs: 2.4.0 (/ros2_ws/install/turtlebot3_msgs/share/turtlebot3_msgs/cmake)
-- Configuring done (3.9s)
-- Generating done (0.0s)
-- Build files have been written to: /ros2_ws/build/turtlebot3_node
-- Found ament_cmake: 2.5.6 (/opt/ros/jazzy/share/ament_cmake/cmake)
-- Override CMake install command with custom implementation using symlinks instead of copying resources
-- Found dynamixel_sdk: 4.0.5 (/ros2_ws/install/dynamixel_sdk/share/dynamixel_sdk/cmake)
-- Found geometry_msgs: 5.3.8 (/opt/ros/jazzy/share/geometry_msgs/cmake)
-- Found rosidl_generator_c: 4.6.9 (/opt/ros/jazzy/share/rosidl_generator_c/cmake)
-- Found rosidl_generator_cpp: 4.6.9 (/opt/ros/jazzy/share/rosidl_generator_cpp/cmake)
-- Using all available rosidl_typesupport_c: rosidl_typesupport_fastrtps_c;rosidl_typesupport_introspection_c
-- Using all available rosidl_typesupport_cpp: rosidl_typesupport_fastrtps_cpp;rosidl_typesupport_introspection_cpp
-- Found message_filters: 4.11.17 (/opt/ros/jazzy/share/message_filters/cmake)
-- Found rmw_implementation_cmake: 7.3.3 (/opt/ros/jazzy/share/rmw_implementation_cmake/cmake)
-- Found rmw_fastrtps_cpp: 8.4.4 (/opt/ros/jazzy/share/rmw_fastrtps_cpp/cmake)
-- Using RMW implementation 'rmw_fastrtps_cpp' as default
-- Found nav_msgs: 5.3.8 (/opt/ros/jazzy/share/nav_msgs/cmake)
-- Found sensor_msgs: 5.3.8 (/opt/ros/jazzy/share/sensor_msgs/cmake)
-- Found std_srvs: 5.3.8 (/opt/ros/jazzy/share/std_srvs/cmake)
-- Found tf2: 0.36.21 (/opt/ros/jazzy/share/tf2/cmake)
-- Found tf2_ros: 0.36.21 (/opt/ros/jazzy/share/tf2_ros/cmake)
-- Found turtlebot3_msgs: 2.4.0 (/ros2_ws/install/turtlebot3_msgs/share/turtlebot3_msgs/cmake)
-- Configuring done (1.4s)
-- Generating done (0.0s)
-- Build files have been written to: /ros2_ws/build/turtlebot3_node
[  7%] [32mBuilding CXX object CMakeFiles/turtlebot3_node_lib.dir/src/dynamixel_sdk_wrapper.cpp.o[0m
[ 14%] [32mBuilding CXX object CMakeFiles/turtlebot3_node_lib.dir/src/devices/motor_power.cpp.o[0m
[ 21%] [32mBuilding CXX object CMakeFiles/turtlebot3_node_lib.dir/src/diff_drive_controller.cpp.o[0m
[ 28%] [32mBuilding CXX object CMakeFiles/turtlebot3_node_lib.dir/src/devices/sound.cpp.o[0m
[ 35%] [32mBuilding CXX object CMakeFiles/turtlebot3_node_lib.dir/src/devices/reset.cpp.o[0m
[ 42%] [32mBuilding CXX object CMakeFiles/turtlebot3_node_lib.dir/src/turtlebot3.cpp.o[0m
[ 50%] [32mBuilding CXX object CMakeFiles/turtlebot3_node_lib.dir/src/odometry.cpp.o[0m
[ 57%] [32mBuilding CXX object CMakeFiles/turtlebot3_node_lib.dir/src/sensors/battery_state.cpp.o[0m
[ 64%] [32mBuilding CXX object CMakeFiles/turtlebot3_node_lib.dir/src/sensors/imu.cpp.o[0m
[ 71%] [32mBuilding CXX object CMakeFiles/turtlebot3_node_lib.dir/src/sensors/joint_state.cpp.o[0m
[ 78%] [32mBuilding CXX object CMakeFiles/turtlebot3_node_lib.dir/src/sensors/sensor_state.cpp.o[0m
[ 85%] [32m[1mLinking CXX static library libturtlebot3_node_lib.a[0m
[ 85%] Built target turtlebot3_node_lib
[ 92%] [32mBuilding CXX object CMakeFiles/turtlebot3_ros.dir/src/node_main.cpp.o[0m
[100%] [32m[1mLinking CXX executable turtlebot3_ros[0m
[100%] Built target turtlebot3_ros
-- Install configuration: ""
-- Execute custom install script
-- Symlinking: /ros2_ws/install/turtlebot3_node/share/turtlebot3_node/param/burger.yaml
-- Symlinking: /ros2_ws/install/turtlebot3_node/share/turtlebot3_node/param/waffle.yaml
-- Symlinking: /ros2_ws/install/turtlebot3_node/share/turtlebot3_node/param/waffle_pi.yaml
-- Symlinking: /ros2_ws/install/turtlebot3_node/lib/turtlebot3_node/turtlebot3_ros
-- Symlinking: /ros2_ws/install/turtlebot3_node/share/ament_index/resource_index/package_run_dependencies/turtlebot3_node
-- Symlinking: /ros2_ws/install/turtlebot3_node/share/ament_index/resource_index/parent_prefix_path/turtlebot3_node
-- Symlinking: /ros2_ws/install/turtlebot3_node/share/turtlebot3_node/environment/ament_prefix_path.sh
-- Symlinking: /ros2_ws/install/turtlebot3_node/share/turtlebot3_node/environment/ament_prefix_path.dsv
-- Symlinking: /ros2_ws/install/turtlebot3_node/share/turtlebot3_node/environment/path.sh
-- Symlinking: /ros2_ws/install/turtlebot3_node/share/turtlebot3_node/environment/path.dsv
-- Symlinking: /ros2_ws/install/turtlebot3_node/share/turtlebot3_node/local_setup.bash
-- Symlinking: /ros2_ws/install/turtlebot3_node/share/turtlebot3_node/local_setup.sh
-- Symlinking: /ros2_ws/install/turtlebot3_node/share/turtlebot3_node/local_setup.zsh
-- Symlinking: /ros2_ws/install/turtlebot3_node/share/turtlebot3_node/local_setup.dsv
-- Symlinking: /ros2_ws/install/turtlebot3_node/share/turtlebot3_node/package.dsv
-- Symlinking: /ros2_ws/install/turtlebot3_node/share/ament_index/resource_index/packages/turtlebot3_node
-- Symlinking: /ros2_ws/install/turtlebot3_node/share/turtlebot3_node/cmake/ament_cmake_export_dependencies-extras.cmake
-- Symlinking: /ros2_ws/install/turtlebot3_node/share/turtlebot3_node/cmake/ament_cmake_export_include_directories-extras.cmake
-- Symlinking: /ros2_ws/install/turtlebot3_node/share/turtlebot3_node/cmake/turtlebot3_nodeConfig.cmake
-- Symlinking: /ros2_ws/install/turtlebot3_node/share/turtlebot3_node/cmake/turtlebot3_nodeConfig-version.cmake
-- Symlinking: /ros2_ws/install/turtlebot3_node/share/turtlebot3_node/package.xml
