[0.156s] Invoking command in '/ros2_ws/build/turtlebot3_msgs': CMAKE_PREFIX_PATH=${CMAKE_PREFIX_PATH}:/opt/ros/jazzy /usr/bin/cmake /ros2_ws/src/turtlebot3_msgs -DAMENT_CMAKE_SYMLINK_INSTALL=1 -DCMAKE_INSTALL_PREFIX=/ros2_ws/install/turtlebot3_msgs
[0.355s] -- Found action_msgs: 2.0.4 (/opt/ros/jazzy/share/action_msgs/cmake)
[0.728s] -- Override CMake install command with custom implementation using symlinks instead of copying resources
[0.945s] -- Found rosidl_generator_c: 4.6.9 (/opt/ros/jazzy/share/rosidl_generator_c/cmake)
[1.005s] -- Found rosidl_generator_cpp: 4.6.9 (/opt/ros/jazzy/share/rosidl_generator_cpp/cmake)
[1.077s] -- Using all available rosidl_typesupport_c: rosidl_typesupport_fastrtps_c;rosidl_typesupport_introspection_c
[1.163s] -- Using all available rosidl_typesupport_cpp: rosidl_typesupport_fastrtps_cpp;rosidl_typesupport_introspection_cpp
[1.494s] -- Found rosidl_default_generators: 1.6.1 (/opt/ros/jazzy/share/rosidl_default_generators/cmake)
[1.532s] -- Found rosidl_adapter: 4.6.9 (/opt/ros/jazzy/share/rosidl_adapter/cmake)
[1.550s] -- Found std_msgs: 5.3.8 (/opt/ros/jazzy/share/std_msgs/cmake)
[1.613s] -- Found geometry_msgs: 5.3.8 (/opt/ros/jazzy/share/geometry_msgs/cmake)
[2.494s] -- Found ament_cmake_cppcheck: 0.17.5 (/opt/ros/jazzy/share/ament_cmake_cppcheck/cmake)
[2.499s] -- Found ament_cmake_cpplint: 0.17.5 (/opt/ros/jazzy/share/ament_cmake_cpplint/cmake)
[2.505s] -- Found ament_cmake_uncrustify: 0.17.5 (/opt/ros/jazzy/share/ament_cmake_uncrustify/cmake)
[2.509s] -- Found ament_cmake_ros: 0.12.1 (/opt/ros/jazzy/share/ament_cmake_ros/cmake)
[3.295s] -- Using all available rosidl_typesupport_c: rosidl_typesupport_fastrtps_c;rosidl_typesupport_introspection_c
[3.607s] -- Using all available rosidl_typesupport_cpp: rosidl_typesupport_fastrtps_cpp;rosidl_typesupport_introspection_cpp
[3.612s] -- Found python_cmake_module: 0.11.1 (/opt/ros/jazzy/share/python_cmake_module/cmake)
[4.285s] -- Found Python3: /usr/bin/python3 (found version "3.12.3") found components: Interpreter Development NumPy Development.Module Development.Embed 
[4.378s] -- Found ament_cmake_flake8: 0.17.5 (/opt/ros/jazzy/share/ament_cmake_flake8/cmake)
[4.382s] -- Found ament_cmake_pep257: 0.17.5 (/opt/ros/jazzy/share/ament_cmake_pep257/cmake)
[4.519s] -- Found Python3: /usr/bin/python3 (found version "3.12.3") found components: Interpreter 
[4.578s] -- Configuring done (4.3s)
[4.821s] -- Generating done (0.2s)
[4.853s] -- Build files have been written to: /ros2_ws/build/turtlebot3_msgs
[4.880s] Invoked command in '/ros2_ws/build/turtlebot3_msgs' returned '0': CMAKE_PREFIX_PATH=${CMAKE_PREFIX_PATH}:/opt/ros/jazzy /usr/bin/cmake /ros2_ws/src/turtlebot3_msgs -DAMENT_CMAKE_SYMLINK_INSTALL=1 -DCMAKE_INSTALL_PREFIX=/ros2_ws/install/turtlebot3_msgs
[4.890s] Invoking command in '/ros2_ws/build/turtlebot3_msgs': CMAKE_PREFIX_PATH=${CMAKE_PREFIX_PATH}:/opt/ros/jazzy /usr/bin/cmake --build /ros2_ws/build/turtlebot3_msgs -- -j8 -l8
[5.098s] [  1%] Built target turtlebot3_msgs__rosidl_generator_type_description
[5.100s] [  2%] Built target turtlebot3_msgs__rs
[5.126s] [  2%] Built target ament_cmake_python_symlink_turtlebot3_msgs
[5.173s] [  3%] Built target turtlebot3_msgs__cpp
[5.232s] [ 27%] Built target turtlebot3_msgs__rosidl_generator_c
[5.414s] [ 36%] Built target turtlebot3_msgs__rosidl_typesupport_introspection_c
[5.423s] [ 52%] Built target turtlebot3_msgs__rosidl_typesupport_c
[5.423s] [ 55%] Built target turtlebot3_msgs__rosidl_typesupport_cpp
[5.423s] [ 65%] Built target turtlebot3_msgs__rosidl_typesupport_fastrtps_cpp
[5.431s] [ 74%] Built target turtlebot3_msgs__rosidl_typesupport_fastrtps_c
[5.434s] [ 84%] Built target turtlebot3_msgs__rosidl_typesupport_introspection_cpp
[5.519s] [ 84%] Built target turtlebot3_msgs
[5.651s] [ 85%] Built target turtlebot3_msgs__py
[5.704s] running egg_info
[5.752s] writing turtlebot3_msgs.egg-info/PKG-INFO
[5.752s] writing dependency_links to turtlebot3_msgs.egg-info/dependency_links.txt
[5.753s] writing top-level names to turtlebot3_msgs.egg-info/top_level.txt
[5.808s] [ 93%] Built target turtlebot3_msgs__rosidl_generator_py
[5.883s] reading manifest file 'turtlebot3_msgs.egg-info/SOURCES.txt'
[5.886s] writing manifest file 'turtlebot3_msgs.egg-info/SOURCES.txt'
[5.910s] [ 95%] Built target turtlebot3_msgs_s__rosidl_typesupport_fastrtps_c
[5.927s] [ 97%] Built target turtlebot3_msgs_s__rosidl_typesupport_introspection_c
[5.934s] [100%] Built target turtlebot3_msgs_s__rosidl_typesupport_c
[6.008s] [100%] Built target ament_cmake_python_build_turtlebot3_msgs_egg
[6.058s] Invoked command in '/ros2_ws/build/turtlebot3_msgs' returned '0': CMAKE_PREFIX_PATH=${CMAKE_PREFIX_PATH}:/opt/ros/jazzy /usr/bin/cmake --build /ros2_ws/build/turtlebot3_msgs -- -j8 -l8
[6.064s] Invoking command in '/ros2_ws/build/turtlebot3_msgs': CMAKE_PREFIX_PATH=${CMAKE_PREFIX_PATH}:/opt/ros/jazzy /usr/bin/cmake --install /ros2_ws/build/turtlebot3_msgs
[6.086s] -- Install configuration: ""
[6.087s] -- Execute custom install script
[6.087s] -- Up-to-date symlink: /ros2_ws/install/turtlebot3_msgs/share/ament_index/resource_index/rosidl_interfaces/turtlebot3_msgs
[6.088s] -- Up-to-date symlink: /ros2_ws/install/turtlebot3_msgs/share/turtlebot3_msgs/msg/SensorState.json
[6.088s] -- Up-to-date symlink: /ros2_ws/install/turtlebot3_msgs/share/turtlebot3_msgs/msg/Sound.json
[6.088s] -- Up-to-date symlink: /ros2_ws/install/turtlebot3_msgs/share/turtlebot3_msgs/msg/VersionInfo.json
[6.089s] -- Up-to-date symlink: /ros2_ws/install/turtlebot3_msgs/share/turtlebot3_msgs/srv/Sound.json
[6.089s] -- Up-to-date symlink: /ros2_ws/install/turtlebot3_msgs/share/turtlebot3_msgs/srv/Dqn.json
[6.089s] -- Up-to-date symlink: /ros2_ws/install/turtlebot3_msgs/share/turtlebot3_msgs/srv/Goal.json
[6.090s] -- Up-to-date symlink: /ros2_ws/install/turtlebot3_msgs/share/turtlebot3_msgs/action/Patrol.json
[6.091s] -- Up-to-date symlink: /ros2_ws/install/turtlebot3_msgs/include/turtlebot3_msgs/turtlebot3_msgs/action/detail/patrol__functions.h
[6.092s] -- Up-to-date symlink: /ros2_ws/install/turtlebot3_msgs/include/turtlebot3_msgs/turtlebot3_msgs/action/detail/patrol__struct.h
[6.092s] -- Up-to-date symlink: /ros2_ws/install/turtlebot3_msgs/include/turtlebot3_msgs/turtlebot3_msgs/action/detail/patrol__type_support.h
[6.092s] -- Up-to-date symlink: /ros2_ws/install/turtlebot3_msgs/include/turtlebot3_msgs/turtlebot3_msgs/action/patrol.h
[6.093s] -- Up-to-date symlink: /ros2_ws/install/turtlebot3_msgs/include/turtlebot3_msgs/turtlebot3_msgs/msg/detail/sensor_state__functions.h
[6.094s] -- Up-to-date symlink: /ros2_ws/install/turtlebot3_msgs/include/turtlebot3_msgs/turtlebot3_msgs/msg/detail/sensor_state__struct.h
[6.094s] -- Up-to-date symlink: /ros2_ws/install/turtlebot3_msgs/include/turtlebot3_msgs/turtlebot3_msgs/msg/detail/sensor_state__type_support.h
[6.094s] -- Up-to-date symlink: /ros2_ws/install/turtlebot3_msgs/include/turtlebot3_msgs/turtlebot3_msgs/msg/detail/sound__functions.h
[6.094s] -- Up-to-date symlink: /ros2_ws/install/turtlebot3_msgs/include/turtlebot3_msgs/turtlebot3_msgs/msg/detail/sound__struct.h
[6.094s] -- Up-to-date symlink: /ros2_ws/install/turtlebot3_msgs/include/turtlebot3_msgs/turtlebot3_msgs/msg/detail/sound__type_support.h
[6.094s] -- Up-to-date symlink: /ros2_ws/install/turtlebot3_msgs/include/turtlebot3_msgs/turtlebot3_msgs/msg/detail/version_info__functions.h
[6.095s] -- Up-to-date symlink: /ros2_ws/install/turtlebot3_msgs/include/turtlebot3_msgs/turtlebot3_msgs/msg/detail/version_info__struct.h
[6.096s] -- Up-to-date symlink: /ros2_ws/install/turtlebot3_msgs/include/turtlebot3_msgs/turtlebot3_msgs/msg/detail/version_info__type_support.h
[6.096s] -- Up-to-date symlink: /ros2_ws/install/turtlebot3_msgs/include/turtlebot3_msgs/turtlebot3_msgs/msg/rosidl_generator_c__visibility_control.h
[6.097s] -- Up-to-date symlink: /ros2_ws/install/turtlebot3_msgs/include/turtlebot3_msgs/turtlebot3_msgs/msg/sensor_state.h
[6.097s] -- Up-to-date symlink: /ros2_ws/install/turtlebot3_msgs/include/turtlebot3_msgs/turtlebot3_msgs/msg/sound.h
[6.097s] -- Up-to-date symlink: /ros2_ws/install/turtlebot3_msgs/include/turtlebot3_msgs/turtlebot3_msgs/msg/version_info.h
[6.098s] -- Up-to-date symlink: /ros2_ws/install/turtlebot3_msgs/include/turtlebot3_msgs/turtlebot3_msgs/srv/detail/dqn__functions.h
[6.098s] -- Up-to-date symlink: /ros2_ws/install/turtlebot3_msgs/include/turtlebot3_msgs/turtlebot3_msgs/srv/detail/dqn__struct.h
[6.098s] -- Up-to-date symlink: /ros2_ws/install/turtlebot3_msgs/include/turtlebot3_msgs/turtlebot3_msgs/srv/detail/dqn__type_support.h
[6.098s] -- Up-to-date symlink: /ros2_ws/install/turtlebot3_msgs/include/turtlebot3_msgs/turtlebot3_msgs/srv/detail/goal__functions.h
[6.098s] -- Up-to-date symlink: /ros2_ws/install/turtlebot3_msgs/include/turtlebot3_msgs/turtlebot3_msgs/srv/detail/goal__struct.h
[6.098s] -- Up-to-date symlink: /ros2_ws/install/turtlebot3_msgs/include/turtlebot3_msgs/turtlebot3_msgs/srv/detail/goal__type_support.h
[6.099s] -- Up-to-date symlink: /ros2_ws/install/turtlebot3_msgs/include/turtlebot3_msgs/turtlebot3_msgs/srv/detail/sound__functions.h
[6.099s] -- Up-to-date symlink: /ros2_ws/install/turtlebot3_msgs/include/turtlebot3_msgs/turtlebot3_msgs/srv/detail/sound__struct.h
[6.100s] -- Up-to-date symlink: /ros2_ws/install/turtlebot3_msgs/include/turtlebot3_msgs/turtlebot3_msgs/srv/detail/sound__type_support.h
[6.100s] -- Up-to-date symlink: /ros2_ws/install/turtlebot3_msgs/include/turtlebot3_msgs/turtlebot3_msgs/srv/dqn.h
[6.100s] -- Up-to-date symlink: /ros2_ws/install/turtlebot3_msgs/include/turtlebot3_msgs/turtlebot3_msgs/srv/goal.h
[6.105s] -- Up-to-date symlink: /ros2_ws/install/turtlebot3_msgs/include/turtlebot3_msgs/turtlebot3_msgs/srv/sound.h
[6.105s] -- Up-to-date symlink: /ros2_ws/install/turtlebot3_msgs/share/turtlebot3_msgs/environment/library_path.sh
[6.105s] -- Up-to-date symlink: /ros2_ws/install/turtlebot3_msgs/share/turtlebot3_msgs/environment/library_path.dsv
[6.106s] -- Up-to-date symlink: /ros2_ws/install/turtlebot3_msgs/include/turtlebot3_msgs/turtlebot3_msgs/action/detail/patrol__rosidl_typesupport_fastrtps_c.h
[6.106s] -- Up-to-date symlink: /ros2_ws/install/turtlebot3_msgs/include/turtlebot3_msgs/turtlebot3_msgs/msg/detail/sensor_state__rosidl_typesupport_fastrtps_c.h
[6.107s] -- Up-to-date symlink: /ros2_ws/install/turtlebot3_msgs/include/turtlebot3_msgs/turtlebot3_msgs/msg/detail/sound__rosidl_typesupport_fastrtps_c.h
[6.107s] -- Up-to-date symlink: /ros2_ws/install/turtlebot3_msgs/include/turtlebot3_msgs/turtlebot3_msgs/msg/detail/version_info__rosidl_typesupport_fastrtps_c.h
[6.108s] -- Up-to-date symlink: /ros2_ws/install/turtlebot3_msgs/include/turtlebot3_msgs/turtlebot3_msgs/msg/rosidl_typesupport_fastrtps_c__visibility_control.h
[6.108s] -- Up-to-date symlink: /ros2_ws/install/turtlebot3_msgs/include/turtlebot3_msgs/turtlebot3_msgs/srv/detail/dqn__rosidl_typesupport_fastrtps_c.h
[6.108s] -- Up-to-date symlink: /ros2_ws/install/turtlebot3_msgs/include/turtlebot3_msgs/turtlebot3_msgs/srv/detail/goal__rosidl_typesupport_fastrtps_c.h
[6.108s] -- Up-to-date symlink: /ros2_ws/install/turtlebot3_msgs/include/turtlebot3_msgs/turtlebot3_msgs/srv/detail/sound__rosidl_typesupport_fastrtps_c.h
[6.109s] -- Up-to-date symlink: /ros2_ws/install/turtlebot3_msgs/include/turtlebot3_msgs/turtlebot3_msgs/action/detail/patrol__builder.hpp
[6.110s] -- Up-to-date symlink: /ros2_ws/install/turtlebot3_msgs/include/turtlebot3_msgs/turtlebot3_msgs/action/detail/patrol__struct.hpp
[6.110s] -- Up-to-date symlink: /ros2_ws/install/turtlebot3_msgs/include/turtlebot3_msgs/turtlebot3_msgs/action/detail/patrol__traits.hpp
[6.110s] -- Up-to-date symlink: /ros2_ws/install/turtlebot3_msgs/include/turtlebot3_msgs/turtlebot3_msgs/action/detail/patrol__type_support.hpp
[6.110s] -- Up-to-date symlink: /ros2_ws/install/turtlebot3_msgs/include/turtlebot3_msgs/turtlebot3_msgs/action/patrol.hpp
[6.112s] -- Up-to-date symlink: /ros2_ws/install/turtlebot3_msgs/include/turtlebot3_msgs/turtlebot3_msgs/msg/detail/sensor_state__builder.hpp
[6.112s] -- Up-to-date symlink: /ros2_ws/install/turtlebot3_msgs/include/turtlebot3_msgs/turtlebot3_msgs/msg/detail/sensor_state__struct.hpp
[6.113s] -- Up-to-date symlink: /ros2_ws/install/turtlebot3_msgs/include/turtlebot3_msgs/turtlebot3_msgs/msg/detail/sensor_state__traits.hpp
[6.114s] -- Up-to-date symlink: /ros2_ws/install/turtlebot3_msgs/include/turtlebot3_msgs/turtlebot3_msgs/msg/detail/sensor_state__type_support.hpp
[6.114s] -- Up-to-date symlink: /ros2_ws/install/turtlebot3_msgs/include/turtlebot3_msgs/turtlebot3_msgs/msg/detail/sound__builder.hpp
[6.114s] -- Up-to-date symlink: /ros2_ws/install/turtlebot3_msgs/include/turtlebot3_msgs/turtlebot3_msgs/msg/detail/sound__struct.hpp
[6.115s] -- Up-to-date symlink: /ros2_ws/install/turtlebot3_msgs/include/turtlebot3_msgs/turtlebot3_msgs/msg/detail/sound__traits.hpp
[6.115s] -- Up-to-date symlink: /ros2_ws/install/turtlebot3_msgs/include/turtlebot3_msgs/turtlebot3_msgs/msg/detail/sound__type_support.hpp
[6.115s] -- Up-to-date symlink: /ros2_ws/install/turtlebot3_msgs/include/turtlebot3_msgs/turtlebot3_msgs/msg/detail/version_info__builder.hpp
[6.116s] -- Up-to-date symlink: /ros2_ws/install/turtlebot3_msgs/include/turtlebot3_msgs/turtlebot3_msgs/msg/detail/version_info__struct.hpp
[6.116s] -- Up-to-date symlink: /ros2_ws/install/turtlebot3_msgs/include/turtlebot3_msgs/turtlebot3_msgs/msg/detail/version_info__traits.hpp
[6.116s] -- Up-to-date symlink: /ros2_ws/install/turtlebot3_msgs/include/turtlebot3_msgs/turtlebot3_msgs/msg/detail/version_info__type_support.hpp
[6.117s] -- Up-to-date symlink: /ros2_ws/install/turtlebot3_msgs/include/turtlebot3_msgs/turtlebot3_msgs/msg/rosidl_generator_cpp__visibility_control.hpp
[6.118s] -- Up-to-date symlink: /ros2_ws/install/turtlebot3_msgs/include/turtlebot3_msgs/turtlebot3_msgs/msg/sensor_state.hpp
[6.119s] -- Up-to-date symlink: /ros2_ws/install/turtlebot3_msgs/include/turtlebot3_msgs/turtlebot3_msgs/msg/sound.hpp
[6.120s] -- Up-to-date symlink: /ros2_ws/install/turtlebot3_msgs/include/turtlebot3_msgs/turtlebot3_msgs/msg/version_info.hpp
[6.121s] -- Up-to-date symlink: /ros2_ws/install/turtlebot3_msgs/include/turtlebot3_msgs/turtlebot3_msgs/srv/detail/dqn__builder.hpp
[6.121s] -- Up-to-date symlink: /ros2_ws/install/turtlebot3_msgs/include/turtlebot3_msgs/turtlebot3_msgs/srv/detail/dqn__struct.hpp
[6.121s] -- Up-to-date symlink: /ros2_ws/install/turtlebot3_msgs/include/turtlebot3_msgs/turtlebot3_msgs/srv/detail/dqn__traits.hpp
[6.121s] -- Up-to-date symlink: /ros2_ws/install/turtlebot3_msgs/include/turtlebot3_msgs/turtlebot3_msgs/srv/detail/dqn__type_support.hpp
[6.121s] -- Up-to-date symlink: /ros2_ws/install/turtlebot3_msgs/include/turtlebot3_msgs/turtlebot3_msgs/srv/detail/goal__builder.hpp
[6.122s] -- Up-to-date symlink: /ros2_ws/install/turtlebot3_msgs/include/turtlebot3_msgs/turtlebot3_msgs/srv/detail/goal__struct.hpp
[6.122s] -- Up-to-date symlink: /ros2_ws/install/turtlebot3_msgs/include/turtlebot3_msgs/turtlebot3_msgs/srv/detail/goal__traits.hpp
[6.123s] -- Up-to-date symlink: /ros2_ws/install/turtlebot3_msgs/include/turtlebot3_msgs/turtlebot3_msgs/srv/detail/goal__type_support.hpp
[6.123s] -- Up-to-date symlink: /ros2_ws/install/turtlebot3_msgs/include/turtlebot3_msgs/turtlebot3_msgs/srv/detail/sound__builder.hpp
[6.123s] -- Up-to-date symlink: /ros2_ws/install/turtlebot3_msgs/include/turtlebot3_msgs/turtlebot3_msgs/srv/detail/sound__struct.hpp
[6.124s] -- Up-to-date symlink: /ros2_ws/install/turtlebot3_msgs/include/turtlebot3_msgs/turtlebot3_msgs/srv/detail/sound__traits.hpp
[6.124s] -- Up-to-date symlink: /ros2_ws/install/turtlebot3_msgs/include/turtlebot3_msgs/turtlebot3_msgs/srv/detail/sound__type_support.hpp
[6.124s] -- Up-to-date symlink: /ros2_ws/install/turtlebot3_msgs/include/turtlebot3_msgs/turtlebot3_msgs/srv/dqn.hpp
[6.124s] -- Up-to-date symlink: /ros2_ws/install/turtlebot3_msgs/include/turtlebot3_msgs/turtlebot3_msgs/srv/goal.hpp
[6.124s] -- Up-to-date symlink: /ros2_ws/install/turtlebot3_msgs/include/turtlebot3_msgs/turtlebot3_msgs/srv/sound.hpp
[6.125s] -- Up-to-date symlink: /ros2_ws/install/turtlebot3_msgs/include/turtlebot3_msgs/turtlebot3_msgs/action/detail/patrol__rosidl_typesupport_fastrtps_cpp.hpp
[6.125s] -- Up-to-date symlink: /ros2_ws/install/turtlebot3_msgs/include/turtlebot3_msgs/turtlebot3_msgs/msg/detail/sensor_state__rosidl_typesupport_fastrtps_cpp.hpp
[6.125s] -- Up-to-date symlink: /ros2_ws/install/turtlebot3_msgs/include/turtlebot3_msgs/turtlebot3_msgs/msg/detail/sound__rosidl_typesupport_fastrtps_cpp.hpp
[6.126s] -- Up-to-date symlink: /ros2_ws/install/turtlebot3_msgs/include/turtlebot3_msgs/turtlebot3_msgs/msg/detail/version_info__rosidl_typesupport_fastrtps_cpp.hpp
[6.126s] -- Up-to-date symlink: /ros2_ws/install/turtlebot3_msgs/include/turtlebot3_msgs/turtlebot3_msgs/msg/rosidl_typesupport_fastrtps_cpp__visibility_control.h
[6.127s] -- Up-to-date symlink: /ros2_ws/install/turtlebot3_msgs/include/turtlebot3_msgs/turtlebot3_msgs/srv/detail/dqn__rosidl_typesupport_fastrtps_cpp.hpp
[6.127s] -- Up-to-date symlink: /ros2_ws/install/turtlebot3_msgs/include/turtlebot3_msgs/turtlebot3_msgs/srv/detail/goal__rosidl_typesupport_fastrtps_cpp.hpp
[6.128s] -- Up-to-date symlink: /ros2_ws/install/turtlebot3_msgs/include/turtlebot3_msgs/turtlebot3_msgs/srv/detail/sound__rosidl_typesupport_fastrtps_cpp.hpp
[6.128s] -- Up-to-date symlink: /ros2_ws/install/turtlebot3_msgs/include/turtlebot3_msgs/turtlebot3_msgs/action/detail/patrol__rosidl_typesupport_introspection_c.h
[6.128s] -- Up-to-date symlink: /ros2_ws/install/turtlebot3_msgs/include/turtlebot3_msgs/turtlebot3_msgs/msg/detail/sensor_state__rosidl_typesupport_introspection_c.h
[6.128s] -- Up-to-date symlink: /ros2_ws/install/turtlebot3_msgs/include/turtlebot3_msgs/turtlebot3_msgs/msg/detail/sound__rosidl_typesupport_introspection_c.h
[6.129s] -- Up-to-date symlink: /ros2_ws/install/turtlebot3_msgs/include/turtlebot3_msgs/turtlebot3_msgs/msg/detail/version_info__rosidl_typesupport_introspection_c.h
[6.130s] -- Up-to-date symlink: /ros2_ws/install/turtlebot3_msgs/include/turtlebot3_msgs/turtlebot3_msgs/msg/rosidl_typesupport_introspection_c__visibility_control.h
[6.130s] -- Up-to-date symlink: /ros2_ws/install/turtlebot3_msgs/include/turtlebot3_msgs/turtlebot3_msgs/srv/detail/dqn__rosidl_typesupport_introspection_c.h
[6.130s] -- Up-to-date symlink: /ros2_ws/install/turtlebot3_msgs/include/turtlebot3_msgs/turtlebot3_msgs/srv/detail/goal__rosidl_typesupport_introspection_c.h
[6.130s] -- Up-to-date symlink: /ros2_ws/install/turtlebot3_msgs/include/turtlebot3_msgs/turtlebot3_msgs/srv/detail/sound__rosidl_typesupport_introspection_c.h
[6.131s] -- Up-to-date symlink: /ros2_ws/install/turtlebot3_msgs/include/turtlebot3_msgs/turtlebot3_msgs/action/detail/patrol__rosidl_typesupport_introspection_cpp.hpp
[6.131s] -- Up-to-date symlink: /ros2_ws/install/turtlebot3_msgs/include/turtlebot3_msgs/turtlebot3_msgs/msg/detail/sensor_state__rosidl_typesupport_introspection_cpp.hpp
[6.131s] -- Up-to-date symlink: /ros2_ws/install/turtlebot3_msgs/include/turtlebot3_msgs/turtlebot3_msgs/msg/detail/sound__rosidl_typesupport_introspection_cpp.hpp
[6.131s] -- Up-to-date symlink: /ros2_ws/install/turtlebot3_msgs/include/turtlebot3_msgs/turtlebot3_msgs/msg/detail/version_info__rosidl_typesupport_introspection_cpp.hpp
[6.132s] -- Up-to-date symlink: /ros2_ws/install/turtlebot3_msgs/include/turtlebot3_msgs/turtlebot3_msgs/srv/detail/dqn__rosidl_typesupport_introspection_cpp.hpp
[6.132s] -- Up-to-date symlink: /ros2_ws/install/turtlebot3_msgs/include/turtlebot3_msgs/turtlebot3_msgs/srv/detail/goal__rosidl_typesupport_introspection_cpp.hpp
[6.132s] -- Up-to-date symlink: /ros2_ws/install/turtlebot3_msgs/include/turtlebot3_msgs/turtlebot3_msgs/srv/detail/sound__rosidl_typesupport_introspection_cpp.hpp
[6.133s] -- Up-to-date symlink: /ros2_ws/install/turtlebot3_msgs/share/turtlebot3_msgs/environment/pythonpath.sh
[6.134s] -- Up-to-date symlink: /ros2_ws/install/turtlebot3_msgs/share/turtlebot3_msgs/environment/pythonpath.dsv
[6.134s] -- Up-to-date symlink: /ros2_ws/install/turtlebot3_msgs/lib/python3.12/site-packages/turtlebot3_msgs-2.4.0-py3.12.egg-info/PKG-INFO
[6.134s] -- Up-to-date symlink: /ros2_ws/install/turtlebot3_msgs/lib/python3.12/site-packages/turtlebot3_msgs-2.4.0-py3.12.egg-info/SOURCES.txt
[6.134s] -- Up-to-date symlink: /ros2_ws/install/turtlebot3_msgs/lib/python3.12/site-packages/turtlebot3_msgs-2.4.0-py3.12.egg-info/dependency_links.txt
[6.134s] -- Up-to-date symlink: /ros2_ws/install/turtlebot3_msgs/lib/python3.12/site-packages/turtlebot3_msgs-2.4.0-py3.12.egg-info/top_level.txt
[6.136s] -- Up-to-date symlink: /ros2_ws/install/turtlebot3_msgs/lib/python3.12/site-packages/turtlebot3_msgs/__init__.py
[6.136s] -- Up-to-date symlink: /ros2_ws/install/turtlebot3_msgs/lib/python3.12/site-packages/turtlebot3_msgs/_turtlebot3_msgs_s.ep.rosidl_typesupport_c.c
[6.136s] -- Up-to-date symlink: /ros2_ws/install/turtlebot3_msgs/lib/python3.12/site-packages/turtlebot3_msgs/_turtlebot3_msgs_s.ep.rosidl_typesupport_fastrtps_c.c
[6.137s] -- Up-to-date symlink: /ros2_ws/install/turtlebot3_msgs/lib/python3.12/site-packages/turtlebot3_msgs/_turtlebot3_msgs_s.ep.rosidl_typesupport_introspection_c.c
[6.137s] -- Up-to-date symlink: /ros2_ws/install/turtlebot3_msgs/lib/python3.12/site-packages/turtlebot3_msgs/action/__init__.py
[6.137s] -- Up-to-date symlink: /ros2_ws/install/turtlebot3_msgs/lib/python3.12/site-packages/turtlebot3_msgs/action/_patrol.py
[6.138s] -- Up-to-date symlink: /ros2_ws/install/turtlebot3_msgs/lib/python3.12/site-packages/turtlebot3_msgs/action/_patrol_s.c
[6.138s] -- Up-to-date symlink: /ros2_ws/install/turtlebot3_msgs/lib/python3.12/site-packages/turtlebot3_msgs/msg/__init__.py
[6.139s] -- Up-to-date symlink: /ros2_ws/install/turtlebot3_msgs/lib/python3.12/site-packages/turtlebot3_msgs/msg/_sensor_state.py
[6.140s] -- Up-to-date symlink: /ros2_ws/install/turtlebot3_msgs/lib/python3.12/site-packages/turtlebot3_msgs/msg/_sensor_state_s.c
[6.140s] -- Up-to-date symlink: /ros2_ws/install/turtlebot3_msgs/lib/python3.12/site-packages/turtlebot3_msgs/msg/_sound.py
[6.143s] -- Up-to-date symlink: /ros2_ws/install/turtlebot3_msgs/lib/python3.12/site-packages/turtlebot3_msgs/msg/_sound_s.c
[6.144s] -- Up-to-date symlink: /ros2_ws/install/turtlebot3_msgs/lib/python3.12/site-packages/turtlebot3_msgs/msg/_version_info.py
[6.144s] -- Up-to-date symlink: /ros2_ws/install/turtlebot3_msgs/lib/python3.12/site-packages/turtlebot3_msgs/msg/_version_info_s.c
[6.145s] -- Up-to-date symlink: /ros2_ws/install/turtlebot3_msgs/lib/python3.12/site-packages/turtlebot3_msgs/srv/__init__.py
[6.147s] -- Up-to-date symlink: /ros2_ws/install/turtlebot3_msgs/lib/python3.12/site-packages/turtlebot3_msgs/srv/_dqn.py
[6.149s] -- Up-to-date symlink: /ros2_ws/install/turtlebot3_msgs/lib/python3.12/site-packages/turtlebot3_msgs/srv/_dqn_s.c
[6.149s] -- Up-to-date symlink: /ros2_ws/install/turtlebot3_msgs/lib/python3.12/site-packages/turtlebot3_msgs/srv/_goal.py
[6.150s] -- Up-to-date symlink: /ros2_ws/install/turtlebot3_msgs/lib/python3.12/site-packages/turtlebot3_msgs/srv/_goal_s.c
[6.150s] -- Up-to-date symlink: /ros2_ws/install/turtlebot3_msgs/lib/python3.12/site-packages/turtlebot3_msgs/srv/_sound.py
[6.150s] -- Up-to-date symlink: /ros2_ws/install/turtlebot3_msgs/lib/python3.12/site-packages/turtlebot3_msgs/srv/_sound_s.c
[6.150s] -- Up-to-date symlink: /ros2_ws/install/turtlebot3_msgs/lib/python3.12/site-packages/turtlebot3_msgs/turtlebot3_msgs_s__rosidl_typesupport_c.so
[6.150s] -- Up-to-date symlink: /ros2_ws/install/turtlebot3_msgs/lib/python3.12/site-packages/turtlebot3_msgs/turtlebot3_msgs_s__rosidl_typesupport_fastrtps_c.so
[6.150s] -- Up-to-date symlink: /ros2_ws/install/turtlebot3_msgs/lib/python3.12/site-packages/turtlebot3_msgs/turtlebot3_msgs_s__rosidl_typesupport_introspection_c.so
[6.150s] -- Up-to-date symlink: /ros2_ws/install/turtlebot3_msgs/lib/python3.12/site-packages/turtlebot3_msgs/turtlebot3_msgs_s__rosidl_typesupport_fastrtps_c.so
[6.150s] -- Up-to-date symlink: /ros2_ws/install/turtlebot3_msgs/lib/python3.12/site-packages/turtlebot3_msgs/turtlebot3_msgs_s__rosidl_typesupport_introspection_c.so
[6.150s] -- Up-to-date symlink: /ros2_ws/install/turtlebot3_msgs/lib/python3.12/site-packages/turtlebot3_msgs/turtlebot3_msgs_s__rosidl_typesupport_c.so
[6.151s] -- Up-to-date symlink: /ros2_ws/install/turtlebot3_msgs/share/ament_index/resource_index/rust_packages/turtlebot3_msgs
[6.151s] -- Up-to-date symlink: /ros2_ws/install/turtlebot3_msgs/share/turtlebot3_msgs/rust/Cargo.toml
[6.151s] -- Up-to-date symlink: /ros2_ws/install/turtlebot3_msgs/share/turtlebot3_msgs/rust/build.rs
[6.151s] -- Up-to-date symlink: /ros2_ws/install/turtlebot3_msgs/share/turtlebot3_msgs/rust/src/action.rs
[6.151s] -- Up-to-date symlink: /ros2_ws/install/turtlebot3_msgs/share/turtlebot3_msgs/rust/src/action/rmw.rs
[6.152s] -- Up-to-date symlink: /ros2_ws/install/turtlebot3_msgs/share/turtlebot3_msgs/rust/src/lib.rs
[6.152s] -- Up-to-date symlink: /ros2_ws/install/turtlebot3_msgs/share/turtlebot3_msgs/rust/src/msg.rs
[6.152s] -- Up-to-date symlink: /ros2_ws/install/turtlebot3_msgs/share/turtlebot3_msgs/rust/src/msg/rmw.rs
[6.152s] -- Up-to-date symlink: /ros2_ws/install/turtlebot3_msgs/share/turtlebot3_msgs/rust/src/srv.rs
[6.152s] -- Up-to-date symlink: /ros2_ws/install/turtlebot3_msgs/share/turtlebot3_msgs/rust/src/srv/rmw.rs
[6.152s] -- Up-to-date symlink: /ros2_ws/install/turtlebot3_msgs/share/turtlebot3_msgs/msg/SensorState.idl
[6.152s] -- Up-to-date symlink: /ros2_ws/install/turtlebot3_msgs/share/turtlebot3_msgs/msg/Sound.idl
[6.152s] -- Up-to-date symlink: /ros2_ws/install/turtlebot3_msgs/share/turtlebot3_msgs/msg/VersionInfo.idl
[6.155s] -- Up-to-date symlink: /ros2_ws/install/turtlebot3_msgs/share/turtlebot3_msgs/srv/Sound.idl
[6.155s] -- Up-to-date symlink: /ros2_ws/install/turtlebot3_msgs/share/turtlebot3_msgs/srv/Dqn.idl
[6.155s] -- Up-to-date symlink: /ros2_ws/install/turtlebot3_msgs/share/turtlebot3_msgs/srv/Goal.idl
[6.155s] -- Up-to-date symlink: /ros2_ws/install/turtlebot3_msgs/share/turtlebot3_msgs/action/Patrol.idl
[6.156s] -- Up-to-date symlink: /ros2_ws/install/turtlebot3_msgs/share/turtlebot3_msgs/msg/SensorState.msg
[6.156s] -- Up-to-date symlink: /ros2_ws/install/turtlebot3_msgs/share/turtlebot3_msgs/msg/Sound.msg
[6.156s] -- Up-to-date symlink: /ros2_ws/install/turtlebot3_msgs/share/turtlebot3_msgs/msg/VersionInfo.msg
[6.157s] -- Up-to-date symlink: /ros2_ws/install/turtlebot3_msgs/share/turtlebot3_msgs/srv/Sound.srv
[6.157s] -- Up-to-date symlink: /ros2_ws/install/turtlebot3_msgs/share/turtlebot3_msgs/srv/Dqn.srv
[6.157s] -- Up-to-date symlink: /ros2_ws/install/turtlebot3_msgs/share/turtlebot3_msgs/srv/Goal.srv
[6.157s] -- Up-to-date symlink: /ros2_ws/install/turtlebot3_msgs/share/turtlebot3_msgs/action/Patrol.action
[6.157s] -- Up-to-date symlink: /ros2_ws/install/turtlebot3_msgs/share/ament_index/resource_index/package_run_dependencies/turtlebot3_msgs
[6.157s] -- Up-to-date symlink: /ros2_ws/install/turtlebot3_msgs/share/ament_index/resource_index/parent_prefix_path/turtlebot3_msgs
[6.157s] -- Up-to-date symlink: /ros2_ws/install/turtlebot3_msgs/share/turtlebot3_msgs/environment/ament_prefix_path.sh
[6.157s] -- Up-to-date symlink: /ros2_ws/install/turtlebot3_msgs/share/turtlebot3_msgs/environment/ament_prefix_path.dsv
[6.158s] -- Up-to-date symlink: /ros2_ws/install/turtlebot3_msgs/share/turtlebot3_msgs/environment/path.sh
[6.158s] -- Up-to-date symlink: /ros2_ws/install/turtlebot3_msgs/share/turtlebot3_msgs/environment/path.dsv
[6.158s] -- Up-to-date symlink: /ros2_ws/install/turtlebot3_msgs/share/turtlebot3_msgs/local_setup.bash
[6.159s] -- Up-to-date symlink: /ros2_ws/install/turtlebot3_msgs/share/turtlebot3_msgs/local_setup.sh
[6.159s] -- Up-to-date symlink: /ros2_ws/install/turtlebot3_msgs/share/turtlebot3_msgs/local_setup.zsh
[6.160s] -- Up-to-date symlink: /ros2_ws/install/turtlebot3_msgs/share/turtlebot3_msgs/local_setup.dsv
[6.160s] -- Symlinking: /ros2_ws/install/turtlebot3_msgs/share/turtlebot3_msgs/package.dsv
[6.191s] -- Up-to-date symlink: /ros2_ws/install/turtlebot3_msgs/share/ament_index/resource_index/packages/turtlebot3_msgs
[6.191s] -- Up-to-date symlink: /ros2_ws/install/turtlebot3_msgs/share/turtlebot3_msgs/cmake/rosidl_cmake-extras.cmake
[6.191s] -- Up-to-date symlink: /ros2_ws/install/turtlebot3_msgs/share/turtlebot3_msgs/cmake/ament_cmake_export_dependencies-extras.cmake
[6.192s] -- Up-to-date symlink: /ros2_ws/install/turtlebot3_msgs/share/turtlebot3_msgs/cmake/ament_cmake_export_include_directories-extras.cmake
[6.192s] -- Up-to-date symlink: /ros2_ws/install/turtlebot3_msgs/share/turtlebot3_msgs/cmake/ament_cmake_export_libraries-extras.cmake
[6.192s] -- Up-to-date symlink: /ros2_ws/install/turtlebot3_msgs/share/turtlebot3_msgs/cmake/ament_cmake_export_targets-extras.cmake
[6.193s] -- Up-to-date symlink: /ros2_ws/install/turtlebot3_msgs/share/turtlebot3_msgs/cmake/rosidl_cmake_export_typesupport_targets-extras.cmake
[6.193s] -- Up-to-date symlink: /ros2_ws/install/turtlebot3_msgs/share/turtlebot3_msgs/cmake/rosidl_cmake_export_typesupport_libraries-extras.cmake
[6.194s] -- Up-to-date symlink: /ros2_ws/install/turtlebot3_msgs/share/turtlebot3_msgs/cmake/rosidl_cmake_aggregate_target-extras.cmake
[6.194s] -- Up-to-date symlink: /ros2_ws/install/turtlebot3_msgs/share/turtlebot3_msgs/cmake/turtlebot3_msgsConfig.cmake
[6.194s] -- Up-to-date symlink: /ros2_ws/install/turtlebot3_msgs/share/turtlebot3_msgs/cmake/turtlebot3_msgsConfig-version.cmake
[6.195s] -- Up-to-date symlink: /ros2_ws/install/turtlebot3_msgs/share/turtlebot3_msgs/package.xml
[6.199s] -- Up-to-date: /ros2_ws/install/turtlebot3_msgs/lib/libturtlebot3_msgs__rosidl_generator_c.so
[6.203s] -- Up-to-date: /ros2_ws/install/turtlebot3_msgs/lib/libturtlebot3_msgs__rosidl_typesupport_fastrtps_c.so
[6.207s] -- Up-to-date: /ros2_ws/install/turtlebot3_msgs/lib/libturtlebot3_msgs__rosidl_typesupport_fastrtps_cpp.so
[6.213s] -- Up-to-date: /ros2_ws/install/turtlebot3_msgs/lib/libturtlebot3_msgs__rosidl_typesupport_introspection_c.so
[6.215s] -- Up-to-date: /ros2_ws/install/turtlebot3_msgs/lib/libturtlebot3_msgs__rosidl_typesupport_c.so
[6.217s] -- Up-to-date: /ros2_ws/install/turtlebot3_msgs/lib/libturtlebot3_msgs__rosidl_typesupport_introspection_cpp.so
[6.219s] -- Up-to-date: /ros2_ws/install/turtlebot3_msgs/lib/libturtlebot3_msgs__rosidl_typesupport_cpp.so
[6.287s] Listing '/ros2_ws/install/turtlebot3_msgs/lib/python3.12/site-packages/turtlebot3_msgs'...
[6.287s] Compiling '/ros2_ws/install/turtlebot3_msgs/lib/python3.12/site-packages/turtlebot3_msgs/__init__.py'...
[6.287s] Listing '/ros2_ws/install/turtlebot3_msgs/lib/python3.12/site-packages/turtlebot3_msgs/action'...
[6.287s] Listing '/ros2_ws/install/turtlebot3_msgs/lib/python3.12/site-packages/turtlebot3_msgs/msg'...
[6.288s] Listing '/ros2_ws/install/turtlebot3_msgs/lib/python3.12/site-packages/turtlebot3_msgs/srv'...
[6.306s] -- Up-to-date: /ros2_ws/install/turtlebot3_msgs/lib/libturtlebot3_msgs__rosidl_generator_py.so
[6.307s] -- Up-to-date: /ros2_ws/install/turtlebot3_msgs/share/turtlebot3_msgs/cmake/export_turtlebot3_msgs__rosidl_generator_cExport.cmake
[6.308s] -- Up-to-date: /ros2_ws/install/turtlebot3_msgs/share/turtlebot3_msgs/cmake/export_turtlebot3_msgs__rosidl_generator_cExport-noconfig.cmake
[6.308s] -- Up-to-date: /ros2_ws/install/turtlebot3_msgs/share/turtlebot3_msgs/cmake/export_turtlebot3_msgs__rosidl_typesupport_fastrtps_cExport.cmake
[6.309s] -- Up-to-date: /ros2_ws/install/turtlebot3_msgs/share/turtlebot3_msgs/cmake/export_turtlebot3_msgs__rosidl_typesupport_fastrtps_cExport-noconfig.cmake
[6.310s] -- Up-to-date: /ros2_ws/install/turtlebot3_msgs/share/turtlebot3_msgs/cmake/export_turtlebot3_msgs__rosidl_generator_cppExport.cmake
[6.311s] -- Up-to-date: /ros2_ws/install/turtlebot3_msgs/share/turtlebot3_msgs/cmake/export_turtlebot3_msgs__rosidl_typesupport_fastrtps_cppExport.cmake
[6.311s] -- Up-to-date: /ros2_ws/install/turtlebot3_msgs/share/turtlebot3_msgs/cmake/export_turtlebot3_msgs__rosidl_typesupport_fastrtps_cppExport-noconfig.cmake
[6.312s] -- Up-to-date: /ros2_ws/install/turtlebot3_msgs/share/turtlebot3_msgs/cmake/turtlebot3_msgs__rosidl_typesupport_introspection_cExport.cmake
[6.312s] -- Up-to-date: /ros2_ws/install/turtlebot3_msgs/share/turtlebot3_msgs/cmake/turtlebot3_msgs__rosidl_typesupport_introspection_cExport-noconfig.cmake
[6.313s] -- Up-to-date: /ros2_ws/install/turtlebot3_msgs/share/turtlebot3_msgs/cmake/turtlebot3_msgs__rosidl_typesupport_cExport.cmake
[6.313s] -- Up-to-date: /ros2_ws/install/turtlebot3_msgs/share/turtlebot3_msgs/cmake/turtlebot3_msgs__rosidl_typesupport_cExport-noconfig.cmake
[6.315s] -- Up-to-date: /ros2_ws/install/turtlebot3_msgs/share/turtlebot3_msgs/cmake/turtlebot3_msgs__rosidl_typesupport_introspection_cppExport.cmake
[6.315s] -- Up-to-date: /ros2_ws/install/turtlebot3_msgs/share/turtlebot3_msgs/cmake/turtlebot3_msgs__rosidl_typesupport_introspection_cppExport-noconfig.cmake
[6.315s] -- Up-to-date: /ros2_ws/install/turtlebot3_msgs/share/turtlebot3_msgs/cmake/turtlebot3_msgs__rosidl_typesupport_cppExport.cmake
[6.315s] -- Up-to-date: /ros2_ws/install/turtlebot3_msgs/share/turtlebot3_msgs/cmake/turtlebot3_msgs__rosidl_typesupport_cppExport-noconfig.cmake
[6.317s] -- Up-to-date: /ros2_ws/install/turtlebot3_msgs/share/turtlebot3_msgs/cmake/export_turtlebot3_msgs__rosidl_generator_pyExport.cmake
[6.318s] -- Up-to-date: /ros2_ws/install/turtlebot3_msgs/share/turtlebot3_msgs/cmake/export_turtlebot3_msgs__rosidl_generator_pyExport-noconfig.cmake
[6.321s] Invoked command in '/ros2_ws/build/turtlebot3_msgs' returned '0': CMAKE_PREFIX_PATH=${CMAKE_PREFIX_PATH}:/opt/ros/jazzy /usr/bin/cmake --install /ros2_ws/build/turtlebot3_msgs
