/ros2_ws/install/turtlebot3_example/lib/python3.12/site-packages/turtlebot3_example/__init__.py
/ros2_ws/install/turtlebot3_example/lib/python3.12/site-packages/turtlebot3_example/turtlebot3_obstacle_detection/__init__.py
/ros2_ws/install/turtlebot3_example/lib/python3.12/site-packages/turtlebot3_example/turtlebot3_obstacle_detection/turtlebot3_obstacle_detection.py
/ros2_ws/install/turtlebot3_example/lib/python3.12/site-packages/turtlebot3_example/turtlebot3_relative_move/__init__.py
/ros2_ws/install/turtlebot3_example/lib/python3.12/site-packages/turtlebot3_example/turtlebot3_relative_move/turtlebot3_relative_move.py
/ros2_ws/install/turtlebot3_example/lib/python3.12/site-packages/turtlebot3_example/turtlebot3_absolute_move/turtlebot3_absolute_move.py
/ros2_ws/install/turtlebot3_example/lib/python3.12/site-packages/turtlebot3_example/turtlebot3_absolute_move/__init__.py
/ros2_ws/install/turtlebot3_example/lib/python3.12/site-packages/turtlebot3_example/turtlebot3_interactive_marker/__init__.py
/ros2_ws/install/turtlebot3_example/lib/python3.12/site-packages/turtlebot3_example/turtlebot3_interactive_marker/turtlebot3_interactive_marker.py
/ros2_ws/install/turtlebot3_example/lib/python3.12/site-packages/turtlebot3_example/turtlebot3_patrol/turtlebot3_patrol_client.py
/ros2_ws/install/turtlebot3_example/lib/python3.12/site-packages/turtlebot3_example/turtlebot3_patrol/turtlebot3_patrol_server.py
/ros2_ws/install/turtlebot3_example/lib/python3.12/site-packages/turtlebot3_example/turtlebot3_patrol/__init__.py
/ros2_ws/install/turtlebot3_example/lib/python3.12/site-packages/turtlebot3_example/__pycache__/__init__.cpython-312.pyc
/ros2_ws/install/turtlebot3_example/lib/python3.12/site-packages/turtlebot3_example/turtlebot3_obstacle_detection/__pycache__/__init__.cpython-312.pyc
/ros2_ws/install/turtlebot3_example/lib/python3.12/site-packages/turtlebot3_example/turtlebot3_obstacle_detection/__pycache__/turtlebot3_obstacle_detection.cpython-312.pyc
/ros2_ws/install/turtlebot3_example/lib/python3.12/site-packages/turtlebot3_example/turtlebot3_relative_move/__pycache__/__init__.cpython-312.pyc
/ros2_ws/install/turtlebot3_example/lib/python3.12/site-packages/turtlebot3_example/turtlebot3_relative_move/__pycache__/turtlebot3_relative_move.cpython-312.pyc
/ros2_ws/install/turtlebot3_example/lib/python3.12/site-packages/turtlebot3_example/turtlebot3_absolute_move/__pycache__/turtlebot3_absolute_move.cpython-312.pyc
/ros2_ws/install/turtlebot3_example/lib/python3.12/site-packages/turtlebot3_example/turtlebot3_absolute_move/__pycache__/__init__.cpython-312.pyc
/ros2_ws/install/turtlebot3_example/lib/python3.12/site-packages/turtlebot3_example/turtlebot3_interactive_marker/__pycache__/__init__.cpython-312.pyc
/ros2_ws/install/turtlebot3_example/lib/python3.12/site-packages/turtlebot3_example/turtlebot3_interactive_marker/__pycache__/turtlebot3_interactive_marker.cpython-312.pyc
/ros2_ws/install/turtlebot3_example/lib/python3.12/site-packages/turtlebot3_example/turtlebot3_patrol/__pycache__/turtlebot3_patrol_client.cpython-312.pyc
/ros2_ws/install/turtlebot3_example/lib/python3.12/site-packages/turtlebot3_example/turtlebot3_patrol/__pycache__/turtlebot3_patrol_server.cpython-312.pyc
/ros2_ws/install/turtlebot3_example/lib/python3.12/site-packages/turtlebot3_example/turtlebot3_patrol/__pycache__/__init__.cpython-312.pyc
/ros2_ws/install/turtlebot3_example/share/ament_index/resource_index/packages/turtlebot3_example
/ros2_ws/install/turtlebot3_example/share/turtlebot3_example/package.xml
/ros2_ws/install/turtlebot3_example/lib/python3.12/site-packages/turtlebot3_example-2.3.7-py3.12.egg-info/top_level.txt
/ros2_ws/install/turtlebot3_example/lib/python3.12/site-packages/turtlebot3_example-2.3.7-py3.12.egg-info/entry_points.txt
/ros2_ws/install/turtlebot3_example/lib/python3.12/site-packages/turtlebot3_example-2.3.7-py3.12.egg-info/SOURCES.txt
/ros2_ws/install/turtlebot3_example/lib/python3.12/site-packages/turtlebot3_example-2.3.7-py3.12.egg-info/requires.txt
/ros2_ws/install/turtlebot3_example/lib/python3.12/site-packages/turtlebot3_example-2.3.7-py3.12.egg-info/PKG-INFO
/ros2_ws/install/turtlebot3_example/lib/python3.12/site-packages/turtlebot3_example-2.3.7-py3.12.egg-info/dependency_links.txt
/ros2_ws/install/turtlebot3_example/lib/python3.12/site-packages/turtlebot3_example-2.3.7-py3.12.egg-info/zip-safe
/ros2_ws/install/turtlebot3_example/lib/turtlebot3_example/turtlebot3_absolute_move
/ros2_ws/install/turtlebot3_example/lib/turtlebot3_example/turtlebot3_interactive_marker
/ros2_ws/install/turtlebot3_example/lib/turtlebot3_example/turtlebot3_obstacle_detection
/ros2_ws/install/turtlebot3_example/lib/turtlebot3_example/turtlebot3_patrol_client
/ros2_ws/install/turtlebot3_example/lib/turtlebot3_example/turtlebot3_patrol_server
/ros2_ws/install/turtlebot3_example/lib/turtlebot3_example/turtlebot3_relative_move
