[0.079s] Invoking command in '/ros2_ws/build/turtlebot3_msgs': CMAKE_PREFIX_PATH=${CMAKE_PREFIX_PATH}:/opt/ros/jazzy /usr/bin/cmake /ros2_ws/src/turtlebot3_msgs -DCMAKE_INSTALL_PREFIX=/ros2_ws/install/turtlebot3_msgs
[0.246s] -- Found action_msgs: 2.0.4 (/opt/ros/jazzy/share/action_msgs/cmake)
[0.509s] -- Override CMake install command with custom implementation using symlinks instead of copying resources
[0.670s] -- Found rosidl_generator_c: 4.6.9 (/opt/ros/jazzy/share/rosidl_generator_c/cmake)
[0.700s] -- Found rosidl_generator_cpp: 4.6.9 (/opt/ros/jazzy/share/rosidl_generator_cpp/cmake)
[0.742s] -- Using all available rosidl_typesupport_c: rosidl_typesupport_fastrtps_c;rosidl_typesupport_introspection_c
[0.780s] -- Using all available rosidl_typesupport_cpp: rosidl_typesupport_fastrtps_cpp;rosidl_typesupport_introspection_cpp
[0.985s] -- Found rosidl_default_generators: 1.6.1 (/opt/ros/jazzy/share/rosidl_default_generators/cmake)
[1.001s] -- Found rosidl_adapter: 4.6.9 (/opt/ros/jazzy/share/rosidl_adapter/cmake)
[1.006s] -- Found std_msgs: 5.3.8 (/opt/ros/jazzy/share/std_msgs/cmake)
[1.059s] -- Found geometry_msgs: 5.3.8 (/opt/ros/jazzy/share/geometry_msgs/cmake)
[1.762s] -- Found ament_cmake_cppcheck: 0.17.5 (/opt/ros/jazzy/share/ament_cmake_cppcheck/cmake)
[1.764s] -- Found ament_cmake_cpplint: 0.17.5 (/opt/ros/jazzy/share/ament_cmake_cpplint/cmake)
[1.768s] -- Found ament_cmake_uncrustify: 0.17.5 (/opt/ros/jazzy/share/ament_cmake_uncrustify/cmake)
[1.771s] -- Found ament_cmake_ros: 0.12.1 (/opt/ros/jazzy/share/ament_cmake_ros/cmake)
[2.568s] -- Using all available rosidl_typesupport_c: rosidl_typesupport_fastrtps_c;rosidl_typesupport_introspection_c
[3.006s] -- Using all available rosidl_typesupport_cpp: rosidl_typesupport_fastrtps_cpp;rosidl_typesupport_introspection_cpp
[3.017s] -- Found python_cmake_module: 0.11.1 (/opt/ros/jazzy/share/python_cmake_module/cmake)
[3.855s] -- Found Python3: /usr/bin/python3 (found version "3.12.3") found components: Interpreter Development NumPy Development.Module Development.Embed 
[3.982s] -- Found ament_cmake_flake8: 0.17.5 (/opt/ros/jazzy/share/ament_cmake_flake8/cmake)
[3.990s] -- Found ament_cmake_pep257: 0.17.5 (/opt/ros/jazzy/share/ament_cmake_pep257/cmake)
[4.170s] -- Found Python3: /usr/bin/python3 (found version "3.12.3") found components: Interpreter 
[4.251s] -- Configuring done (4.1s)
[4.755s] -- Generating done (0.4s)
[4.838s] -- Build files have been written to: /ros2_ws/build/turtlebot3_msgs
[4.887s] Invoked command in '/ros2_ws/build/turtlebot3_msgs' returned '0': CMAKE_PREFIX_PATH=${CMAKE_PREFIX_PATH}:/opt/ros/jazzy /usr/bin/cmake /ros2_ws/src/turtlebot3_msgs -DCMAKE_INSTALL_PREFIX=/ros2_ws/install/turtlebot3_msgs
[4.887s] Invoking command in '/ros2_ws/build/turtlebot3_msgs': CMAKE_PREFIX_PATH=${CMAKE_PREFIX_PATH}:/opt/ros/jazzy /usr/bin/cmake --build /ros2_ws/build/turtlebot3_msgs -- -j8 -l8
[5.073s] [  1%] Built target turtlebot3_msgs__rosidl_generator_type_description
[5.085s] [  2%] Built target turtlebot3_msgs__rs
[5.126s] [  2%] Built target ament_cmake_python_symlink_turtlebot3_msgs
[5.155s] [  3%] Built target turtlebot3_msgs__cpp
[5.197s] [  4%] [32mBuilding C object CMakeFiles/turtlebot3_msgs__rosidl_generator_c.dir/rosidl_generator_c/turtlebot3_msgs/action/detail/patrol__functions.c.o[0m
[5.472s] running egg_info
[5.496s] writing turtlebot3_msgs.egg-info/PKG-INFO
[5.497s] writing dependency_links to turtlebot3_msgs.egg-info/dependency_links.txt
[5.498s] writing top-level names to turtlebot3_msgs.egg-info/top_level.txt
[5.561s] reading manifest file 'turtlebot3_msgs.egg-info/SOURCES.txt'
[5.562s] writing manifest file 'turtlebot3_msgs.egg-info/SOURCES.txt'
[5.703s] [  4%] Built target ament_cmake_python_build_turtlebot3_msgs_egg
[5.717s] [  5%] [32m[1mLinking C shared library libturtlebot3_msgs__rosidl_generator_c.so[0m
[5.825s] [ 27%] Built target turtlebot3_msgs__rosidl_generator_c
[5.904s] [ 28%] [32m[1mLinking CXX shared library libturtlebot3_msgs__rosidl_typesupport_c.so[0m
[5.904s] [ 29%] [32mBuilding C object CMakeFiles/turtlebot3_msgs__rosidl_typesupport_introspection_c.dir/rosidl_typesupport_introspection_c/turtlebot3_msgs/srv/detail/sound__type_support.c.o[0m
[5.913s] [ 30%] [32mBuilding CXX object CMakeFiles/turtlebot3_msgs__rosidl_typesupport_cpp.dir/rosidl_typesupport_cpp/turtlebot3_msgs/srv/goal__type_support.cpp.o[0m
[5.920s] [ 31%] [32m[1mLinking CXX shared library libturtlebot3_msgs__rosidl_typesupport_fastrtps_c.so[0m
[5.925s] [ 32%] [32m[1mLinking CXX shared library libturtlebot3_msgs__rosidl_typesupport_fastrtps_cpp.so[0m
[5.938s] [ 33%] [32m[1mLinking CXX shared library libturtlebot3_msgs__rosidl_typesupport_introspection_cpp.so[0m
[6.044s] [ 42%] Built target turtlebot3_msgs__rosidl_typesupport_c
[6.046s] [ 43%] [32m[1mLinking C shared library libturtlebot3_msgs__rosidl_typesupport_introspection_c.so[0m
[6.173s] [ 50%] Built target turtlebot3_msgs__rosidl_typesupport_introspection_c
[6.206s] [ 58%] Built target turtlebot3_msgs__rosidl_typesupport_fastrtps_c
[6.227s] [ 67%] Built target turtlebot3_msgs__rosidl_typesupport_fastrtps_cpp
[6.231s] [ 75%] Built target turtlebot3_msgs__rosidl_typesupport_introspection_cpp
[6.586s] [ 76%] [32m[1mLinking CXX shared library libturtlebot3_msgs__rosidl_typesupport_cpp.so[0m
[6.785s] [ 84%] Built target turtlebot3_msgs__rosidl_typesupport_cpp
[6.834s] [ 84%] Built target turtlebot3_msgs
[6.937s] [ 85%] Built target turtlebot3_msgs__py
[6.945s] gmake[2]: Warning: File 'CMakeFiles/turtlebot3_msgs__rosidl_generator_py.dir/compiler_depend.make' has modification time 48 s in the future
[6.980s] gmake[2]: warning:  Clock skew detected.  Your build may be incomplete.
[6.985s] gmake[2]: Warning: File 'CMakeFiles/turtlebot3_msgs__rosidl_generator_py.dir/depend.make' has modification time 48 s in the future
[7.007s] [ 86%] [32mBuilding C object CMakeFiles/turtlebot3_msgs__rosidl_generator_py.dir/rosidl_generator_py/turtlebot3_msgs/msg/_sensor_state_s.c.o[0m
[7.007s] [ 87%] [32mBuilding C object CMakeFiles/turtlebot3_msgs__rosidl_generator_py.dir/rosidl_generator_py/turtlebot3_msgs/srv/_sound_s.c.o[0m
[7.012s] [ 88%] [32mBuilding C object CMakeFiles/turtlebot3_msgs__rosidl_generator_py.dir/rosidl_generator_py/turtlebot3_msgs/srv/_dqn_s.c.o[0m
[7.014s] [ 89%] [32mBuilding C object CMakeFiles/turtlebot3_msgs__rosidl_generator_py.dir/rosidl_generator_py/turtlebot3_msgs/msg/_sound_s.c.o[0m
[7.031s] [ 90%] [32mBuilding C object CMakeFiles/turtlebot3_msgs__rosidl_generator_py.dir/rosidl_generator_py/turtlebot3_msgs/action/_patrol_s.c.o[0m
[7.032s] [ 91%] [32mBuilding C object CMakeFiles/turtlebot3_msgs__rosidl_generator_py.dir/rosidl_generator_py/turtlebot3_msgs/msg/_version_info_s.c.o[0m
[7.032s] [ 92%] [32mBuilding C object CMakeFiles/turtlebot3_msgs__rosidl_generator_py.dir/rosidl_generator_py/turtlebot3_msgs/srv/_goal_s.c.o[0m
[7.472s] [ 93%] [32m[1mLinking C shared library libturtlebot3_msgs__rosidl_generator_py.so[0m
[7.562s] gmake[2]: warning:  Clock skew detected.  Your build may be incomplete.
[7.580s] [ 93%] Built target turtlebot3_msgs__rosidl_generator_py
[7.586s] gmake[2]: Warning: File 'CMakeFiles/turtlebot3_msgs_s__rosidl_typesupport_fastrtps_c.dir/compiler_depend.make' has modification time 47 s in the future
[7.586s] gmake[2]: Warning: File 'CMakeFiles/turtlebot3_msgs_s__rosidl_typesupport_introspection_c.dir/compiler_depend.make' has modification time 48 s in the future
[7.610s] gmake[2]: warning:  Clock skew detected.  Your build may be incomplete.
[7.611s] gmake[2]: warning:  Clock skew detected.  Your build may be incomplete.
[7.615s] gmake[2]: Warning: File 'CMakeFiles/turtlebot3_msgs_s__rosidl_typesupport_fastrtps_c.dir/depend.make' has modification time 47 s in the future
[7.615s] gmake[2]: Warning: File 'CMakeFiles/turtlebot3_msgs_s__rosidl_typesupport_introspection_c.dir/depend.make' has modification time 47 s in the future
[7.633s] [ 94%] [32m[1mLinking C shared module rosidl_generator_py/turtlebot3_msgs/turtlebot3_msgs_s__rosidl_typesupport_fastrtps_c.so[0m
[7.634s] [ 95%] [32mBuilding C object CMakeFiles/turtlebot3_msgs_s__rosidl_typesupport_introspection_c.dir/rosidl_generator_py/turtlebot3_msgs/_turtlebot3_msgs_s.ep.rosidl_typesupport_introspection_c.c.o[0m
[7.636s] [ 96%] [32mBuilding C object CMakeFiles/turtlebot3_msgs_s__rosidl_typesupport_c.dir/rosidl_generator_py/turtlebot3_msgs/_turtlebot3_msgs_s.ep.rosidl_typesupport_c.c.o[0m
[7.691s] gmake[2]: warning:  Clock skew detected.  Your build may be incomplete.
[7.710s] [ 97%] Built target turtlebot3_msgs_s__rosidl_typesupport_fastrtps_c
[7.908s] [ 98%] [32m[1mLinking C shared module rosidl_generator_py/turtlebot3_msgs/turtlebot3_msgs_s__rosidl_typesupport_c.so[0m
[7.916s] [100%] [32m[1mLinking C shared module rosidl_generator_py/turtlebot3_msgs/turtlebot3_msgs_s__rosidl_typesupport_introspection_c.so[0m
[7.974s] gmake[2]: warning:  Clock skew detected.  Your build may be incomplete.
[7.983s] [100%] Built target turtlebot3_msgs_s__rosidl_typesupport_c
[7.994s] [100%] Built target turtlebot3_msgs_s__rosidl_typesupport_introspection_c
[8.030s] Invoked command in '/ros2_ws/build/turtlebot3_msgs' returned '0': CMAKE_PREFIX_PATH=${CMAKE_PREFIX_PATH}:/opt/ros/jazzy /usr/bin/cmake --build /ros2_ws/build/turtlebot3_msgs -- -j8 -l8
[8.032s] Invoking command in '/ros2_ws/build/turtlebot3_msgs': CMAKE_PREFIX_PATH=${CMAKE_PREFIX_PATH}:/opt/ros/jazzy /usr/bin/cmake --install /ros2_ws/build/turtlebot3_msgs
[8.049s] -- Install configuration: ""
[8.051s] -- Execute custom install script
[8.052s] -- Up-to-date symlink: /ros2_ws/install/turtlebot3_msgs/share/ament_index/resource_index/rosidl_interfaces/turtlebot3_msgs
[8.053s] -- Up-to-date symlink: /ros2_ws/install/turtlebot3_msgs/share/turtlebot3_msgs/msg/SensorState.json
[8.053s] -- Up-to-date symlink: /ros2_ws/install/turtlebot3_msgs/share/turtlebot3_msgs/msg/Sound.json
[8.054s] -- Up-to-date symlink: /ros2_ws/install/turtlebot3_msgs/share/turtlebot3_msgs/msg/VersionInfo.json
[8.054s] -- Up-to-date symlink: /ros2_ws/install/turtlebot3_msgs/share/turtlebot3_msgs/srv/Sound.json
[8.055s] -- Up-to-date symlink: /ros2_ws/install/turtlebot3_msgs/share/turtlebot3_msgs/srv/Dqn.json
[8.056s] -- Up-to-date symlink: /ros2_ws/install/turtlebot3_msgs/share/turtlebot3_msgs/srv/Goal.json
[8.057s] -- Up-to-date symlink: /ros2_ws/install/turtlebot3_msgs/share/turtlebot3_msgs/action/Patrol.json
[8.060s] -- Up-to-date symlink: /ros2_ws/install/turtlebot3_msgs/include/turtlebot3_msgs/turtlebot3_msgs/action/detail/patrol__functions.h
[8.060s] -- Up-to-date symlink: /ros2_ws/install/turtlebot3_msgs/include/turtlebot3_msgs/turtlebot3_msgs/action/detail/patrol__struct.h
[8.061s] -- Up-to-date symlink: /ros2_ws/install/turtlebot3_msgs/include/turtlebot3_msgs/turtlebot3_msgs/action/detail/patrol__type_support.h
[8.062s] -- Up-to-date symlink: /ros2_ws/install/turtlebot3_msgs/include/turtlebot3_msgs/turtlebot3_msgs/action/patrol.h
[8.062s] -- Up-to-date symlink: /ros2_ws/install/turtlebot3_msgs/include/turtlebot3_msgs/turtlebot3_msgs/msg/detail/sensor_state__functions.h
[8.063s] -- Up-to-date symlink: /ros2_ws/install/turtlebot3_msgs/include/turtlebot3_msgs/turtlebot3_msgs/msg/detail/sensor_state__struct.h
[8.064s] -- Up-to-date symlink: /ros2_ws/install/turtlebot3_msgs/include/turtlebot3_msgs/turtlebot3_msgs/msg/detail/sensor_state__type_support.h
[8.064s] -- Up-to-date symlink: /ros2_ws/install/turtlebot3_msgs/include/turtlebot3_msgs/turtlebot3_msgs/msg/detail/sound__functions.h
[8.065s] -- Up-to-date symlink: /ros2_ws/install/turtlebot3_msgs/include/turtlebot3_msgs/turtlebot3_msgs/msg/detail/sound__struct.h
[8.066s] -- Up-to-date symlink: /ros2_ws/install/turtlebot3_msgs/include/turtlebot3_msgs/turtlebot3_msgs/msg/detail/sound__type_support.h
[8.066s] -- Up-to-date symlink: /ros2_ws/install/turtlebot3_msgs/include/turtlebot3_msgs/turtlebot3_msgs/msg/detail/version_info__functions.h
[8.067s] -- Up-to-date symlink: /ros2_ws/install/turtlebot3_msgs/include/turtlebot3_msgs/turtlebot3_msgs/msg/detail/version_info__struct.h
[8.067s] -- Up-to-date symlink: /ros2_ws/install/turtlebot3_msgs/include/turtlebot3_msgs/turtlebot3_msgs/msg/detail/version_info__type_support.h
[8.068s] -- Up-to-date symlink: /ros2_ws/install/turtlebot3_msgs/include/turtlebot3_msgs/turtlebot3_msgs/msg/rosidl_generator_c__visibility_control.h
[8.069s] -- Up-to-date symlink: /ros2_ws/install/turtlebot3_msgs/include/turtlebot3_msgs/turtlebot3_msgs/msg/sensor_state.h
[8.070s] -- Up-to-date symlink: /ros2_ws/install/turtlebot3_msgs/include/turtlebot3_msgs/turtlebot3_msgs/msg/sound.h
[8.071s] -- Up-to-date symlink: /ros2_ws/install/turtlebot3_msgs/include/turtlebot3_msgs/turtlebot3_msgs/msg/version_info.h
[8.072s] -- Up-to-date symlink: /ros2_ws/install/turtlebot3_msgs/include/turtlebot3_msgs/turtlebot3_msgs/srv/detail/dqn__functions.h
[8.072s] -- Up-to-date symlink: /ros2_ws/install/turtlebot3_msgs/include/turtlebot3_msgs/turtlebot3_msgs/srv/detail/dqn__struct.h
[8.073s] -- Up-to-date symlink: /ros2_ws/install/turtlebot3_msgs/include/turtlebot3_msgs/turtlebot3_msgs/srv/detail/dqn__type_support.h
[8.074s] -- Up-to-date symlink: /ros2_ws/install/turtlebot3_msgs/include/turtlebot3_msgs/turtlebot3_msgs/srv/detail/goal__functions.h
[8.074s] -- Up-to-date symlink: /ros2_ws/install/turtlebot3_msgs/include/turtlebot3_msgs/turtlebot3_msgs/srv/detail/goal__struct.h
[8.075s] -- Up-to-date symlink: /ros2_ws/install/turtlebot3_msgs/include/turtlebot3_msgs/turtlebot3_msgs/srv/detail/goal__type_support.h
[8.076s] -- Up-to-date symlink: /ros2_ws/install/turtlebot3_msgs/include/turtlebot3_msgs/turtlebot3_msgs/srv/detail/sound__functions.h
[8.076s] -- Up-to-date symlink: /ros2_ws/install/turtlebot3_msgs/include/turtlebot3_msgs/turtlebot3_msgs/srv/detail/sound__struct.h
[8.077s] -- Up-to-date symlink: /ros2_ws/install/turtlebot3_msgs/include/turtlebot3_msgs/turtlebot3_msgs/srv/detail/sound__type_support.h
[8.078s] -- Up-to-date symlink: /ros2_ws/install/turtlebot3_msgs/include/turtlebot3_msgs/turtlebot3_msgs/srv/dqn.h
[8.079s] -- Up-to-date symlink: /ros2_ws/install/turtlebot3_msgs/include/turtlebot3_msgs/turtlebot3_msgs/srv/goal.h
[8.080s] -- Up-to-date symlink: /ros2_ws/install/turtlebot3_msgs/include/turtlebot3_msgs/turtlebot3_msgs/srv/sound.h
[8.082s] -- Up-to-date symlink: /ros2_ws/install/turtlebot3_msgs/share/turtlebot3_msgs/environment/library_path.sh
[8.083s] -- Up-to-date symlink: /ros2_ws/install/turtlebot3_msgs/share/turtlebot3_msgs/environment/library_path.dsv
[8.087s] -- Up-to-date symlink: /ros2_ws/install/turtlebot3_msgs/include/turtlebot3_msgs/turtlebot3_msgs/action/detail/patrol__rosidl_typesupport_fastrtps_c.h
[8.087s] -- Up-to-date symlink: /ros2_ws/install/turtlebot3_msgs/include/turtlebot3_msgs/turtlebot3_msgs/msg/detail/sensor_state__rosidl_typesupport_fastrtps_c.h
[8.088s] -- Up-to-date symlink: /ros2_ws/install/turtlebot3_msgs/include/turtlebot3_msgs/turtlebot3_msgs/msg/detail/sound__rosidl_typesupport_fastrtps_c.h
[8.089s] -- Up-to-date symlink: /ros2_ws/install/turtlebot3_msgs/include/turtlebot3_msgs/turtlebot3_msgs/msg/detail/version_info__rosidl_typesupport_fastrtps_c.h
[8.090s] -- Up-to-date symlink: /ros2_ws/install/turtlebot3_msgs/include/turtlebot3_msgs/turtlebot3_msgs/msg/rosidl_typesupport_fastrtps_c__visibility_control.h
[8.090s] -- Up-to-date symlink: /ros2_ws/install/turtlebot3_msgs/include/turtlebot3_msgs/turtlebot3_msgs/srv/detail/dqn__rosidl_typesupport_fastrtps_c.h
[8.091s] -- Up-to-date symlink: /ros2_ws/install/turtlebot3_msgs/include/turtlebot3_msgs/turtlebot3_msgs/srv/detail/goal__rosidl_typesupport_fastrtps_c.h
[8.092s] -- Up-to-date symlink: /ros2_ws/install/turtlebot3_msgs/include/turtlebot3_msgs/turtlebot3_msgs/srv/detail/sound__rosidl_typesupport_fastrtps_c.h
[8.097s] -- Up-to-date symlink: /ros2_ws/install/turtlebot3_msgs/include/turtlebot3_msgs/turtlebot3_msgs/action/detail/patrol__builder.hpp
[8.097s] -- Up-to-date symlink: /ros2_ws/install/turtlebot3_msgs/include/turtlebot3_msgs/turtlebot3_msgs/action/detail/patrol__struct.hpp
[8.098s] -- Up-to-date symlink: /ros2_ws/install/turtlebot3_msgs/include/turtlebot3_msgs/turtlebot3_msgs/action/detail/patrol__traits.hpp
[8.099s] -- Up-to-date symlink: /ros2_ws/install/turtlebot3_msgs/include/turtlebot3_msgs/turtlebot3_msgs/action/detail/patrol__type_support.hpp
[8.099s] -- Up-to-date symlink: /ros2_ws/install/turtlebot3_msgs/include/turtlebot3_msgs/turtlebot3_msgs/action/patrol.hpp
[8.100s] -- Up-to-date symlink: /ros2_ws/install/turtlebot3_msgs/include/turtlebot3_msgs/turtlebot3_msgs/msg/detail/sensor_state__builder.hpp
[8.101s] -- Up-to-date symlink: /ros2_ws/install/turtlebot3_msgs/include/turtlebot3_msgs/turtlebot3_msgs/msg/detail/sensor_state__struct.hpp
[8.101s] -- Up-to-date symlink: /ros2_ws/install/turtlebot3_msgs/include/turtlebot3_msgs/turtlebot3_msgs/msg/detail/sensor_state__traits.hpp
[8.101s] -- Up-to-date symlink: /ros2_ws/install/turtlebot3_msgs/include/turtlebot3_msgs/turtlebot3_msgs/msg/detail/sensor_state__type_support.hpp
[8.102s] -- Up-to-date symlink: /ros2_ws/install/turtlebot3_msgs/include/turtlebot3_msgs/turtlebot3_msgs/msg/detail/sound__builder.hpp
[8.102s] -- Up-to-date symlink: /ros2_ws/install/turtlebot3_msgs/include/turtlebot3_msgs/turtlebot3_msgs/msg/detail/sound__struct.hpp
[8.103s] -- Up-to-date symlink: /ros2_ws/install/turtlebot3_msgs/include/turtlebot3_msgs/turtlebot3_msgs/msg/detail/sound__traits.hpp
[8.103s] -- Up-to-date symlink: /ros2_ws/install/turtlebot3_msgs/include/turtlebot3_msgs/turtlebot3_msgs/msg/detail/sound__type_support.hpp
[8.104s] -- Up-to-date symlink: /ros2_ws/install/turtlebot3_msgs/include/turtlebot3_msgs/turtlebot3_msgs/msg/detail/version_info__builder.hpp
[8.104s] -- Up-to-date symlink: /ros2_ws/install/turtlebot3_msgs/include/turtlebot3_msgs/turtlebot3_msgs/msg/detail/version_info__struct.hpp
[8.105s] -- Up-to-date symlink: /ros2_ws/install/turtlebot3_msgs/include/turtlebot3_msgs/turtlebot3_msgs/msg/detail/version_info__traits.hpp
[8.105s] -- Up-to-date symlink: /ros2_ws/install/turtlebot3_msgs/include/turtlebot3_msgs/turtlebot3_msgs/msg/detail/version_info__type_support.hpp
[8.106s] -- Up-to-date symlink: /ros2_ws/install/turtlebot3_msgs/include/turtlebot3_msgs/turtlebot3_msgs/msg/rosidl_generator_cpp__visibility_control.hpp
[8.106s] -- Up-to-date symlink: /ros2_ws/install/turtlebot3_msgs/include/turtlebot3_msgs/turtlebot3_msgs/msg/sensor_state.hpp
[8.107s] -- Up-to-date symlink: /ros2_ws/install/turtlebot3_msgs/include/turtlebot3_msgs/turtlebot3_msgs/msg/sound.hpp
[8.108s] -- Up-to-date symlink: /ros2_ws/install/turtlebot3_msgs/include/turtlebot3_msgs/turtlebot3_msgs/msg/version_info.hpp
[8.108s] -- Up-to-date symlink: /ros2_ws/install/turtlebot3_msgs/include/turtlebot3_msgs/turtlebot3_msgs/srv/detail/dqn__builder.hpp
[8.108s] -- Up-to-date symlink: /ros2_ws/install/turtlebot3_msgs/include/turtlebot3_msgs/turtlebot3_msgs/srv/detail/dqn__struct.hpp
[8.109s] -- Up-to-date symlink: /ros2_ws/install/turtlebot3_msgs/include/turtlebot3_msgs/turtlebot3_msgs/srv/detail/dqn__traits.hpp
[8.111s] -- Up-to-date symlink: /ros2_ws/install/turtlebot3_msgs/include/turtlebot3_msgs/turtlebot3_msgs/srv/detail/dqn__type_support.hpp
[8.112s] -- Up-to-date symlink: /ros2_ws/install/turtlebot3_msgs/include/turtlebot3_msgs/turtlebot3_msgs/srv/detail/goal__builder.hpp
[8.112s] -- Up-to-date symlink: /ros2_ws/install/turtlebot3_msgs/include/turtlebot3_msgs/turtlebot3_msgs/srv/detail/goal__struct.hpp
[8.113s] -- Up-to-date symlink: /ros2_ws/install/turtlebot3_msgs/include/turtlebot3_msgs/turtlebot3_msgs/srv/detail/goal__traits.hpp
[8.114s] -- Up-to-date symlink: /ros2_ws/install/turtlebot3_msgs/include/turtlebot3_msgs/turtlebot3_msgs/srv/detail/goal__type_support.hpp
[8.114s] -- Up-to-date symlink: /ros2_ws/install/turtlebot3_msgs/include/turtlebot3_msgs/turtlebot3_msgs/srv/detail/sound__builder.hpp
[8.115s] -- Up-to-date symlink: /ros2_ws/install/turtlebot3_msgs/include/turtlebot3_msgs/turtlebot3_msgs/srv/detail/sound__struct.hpp
[8.116s] -- Up-to-date symlink: /ros2_ws/install/turtlebot3_msgs/include/turtlebot3_msgs/turtlebot3_msgs/srv/detail/sound__traits.hpp
[8.116s] -- Up-to-date symlink: /ros2_ws/install/turtlebot3_msgs/include/turtlebot3_msgs/turtlebot3_msgs/srv/detail/sound__type_support.hpp
[8.117s] -- Up-to-date symlink: /ros2_ws/install/turtlebot3_msgs/include/turtlebot3_msgs/turtlebot3_msgs/srv/dqn.hpp
[8.117s] -- Up-to-date symlink: /ros2_ws/install/turtlebot3_msgs/include/turtlebot3_msgs/turtlebot3_msgs/srv/goal.hpp
[8.118s] -- Up-to-date symlink: /ros2_ws/install/turtlebot3_msgs/include/turtlebot3_msgs/turtlebot3_msgs/srv/sound.hpp
[8.122s] -- Up-to-date symlink: /ros2_ws/install/turtlebot3_msgs/include/turtlebot3_msgs/turtlebot3_msgs/action/detail/patrol__rosidl_typesupport_fastrtps_cpp.hpp
[8.122s] -- Up-to-date symlink: /ros2_ws/install/turtlebot3_msgs/include/turtlebot3_msgs/turtlebot3_msgs/msg/detail/sensor_state__rosidl_typesupport_fastrtps_cpp.hpp
[8.122s] -- Up-to-date symlink: /ros2_ws/install/turtlebot3_msgs/include/turtlebot3_msgs/turtlebot3_msgs/msg/detail/sound__rosidl_typesupport_fastrtps_cpp.hpp
[8.123s] -- Up-to-date symlink: /ros2_ws/install/turtlebot3_msgs/include/turtlebot3_msgs/turtlebot3_msgs/msg/detail/version_info__rosidl_typesupport_fastrtps_cpp.hpp
[8.123s] -- Up-to-date symlink: /ros2_ws/install/turtlebot3_msgs/include/turtlebot3_msgs/turtlebot3_msgs/msg/rosidl_typesupport_fastrtps_cpp__visibility_control.h
[8.124s] -- Up-to-date symlink: /ros2_ws/install/turtlebot3_msgs/include/turtlebot3_msgs/turtlebot3_msgs/srv/detail/dqn__rosidl_typesupport_fastrtps_cpp.hpp
[8.125s] -- Up-to-date symlink: /ros2_ws/install/turtlebot3_msgs/include/turtlebot3_msgs/turtlebot3_msgs/srv/detail/goal__rosidl_typesupport_fastrtps_cpp.hpp
[8.125s] -- Up-to-date symlink: /ros2_ws/install/turtlebot3_msgs/include/turtlebot3_msgs/turtlebot3_msgs/srv/detail/sound__rosidl_typesupport_fastrtps_cpp.hpp
[8.129s] -- Up-to-date symlink: /ros2_ws/install/turtlebot3_msgs/include/turtlebot3_msgs/turtlebot3_msgs/action/detail/patrol__rosidl_typesupport_introspection_c.h
[8.129s] -- Up-to-date symlink: /ros2_ws/install/turtlebot3_msgs/include/turtlebot3_msgs/turtlebot3_msgs/msg/detail/sensor_state__rosidl_typesupport_introspection_c.h
[8.130s] -- Up-to-date symlink: /ros2_ws/install/turtlebot3_msgs/include/turtlebot3_msgs/turtlebot3_msgs/msg/detail/sound__rosidl_typesupport_introspection_c.h
[8.131s] -- Up-to-date symlink: /ros2_ws/install/turtlebot3_msgs/include/turtlebot3_msgs/turtlebot3_msgs/msg/detail/version_info__rosidl_typesupport_introspection_c.h
[8.131s] -- Up-to-date symlink: /ros2_ws/install/turtlebot3_msgs/include/turtlebot3_msgs/turtlebot3_msgs/msg/rosidl_typesupport_introspection_c__visibility_control.h
[8.132s] -- Up-to-date symlink: /ros2_ws/install/turtlebot3_msgs/include/turtlebot3_msgs/turtlebot3_msgs/srv/detail/dqn__rosidl_typesupport_introspection_c.h
[8.132s] -- Up-to-date symlink: /ros2_ws/install/turtlebot3_msgs/include/turtlebot3_msgs/turtlebot3_msgs/srv/detail/goal__rosidl_typesupport_introspection_c.h
[8.133s] -- Up-to-date symlink: /ros2_ws/install/turtlebot3_msgs/include/turtlebot3_msgs/turtlebot3_msgs/srv/detail/sound__rosidl_typesupport_introspection_c.h
[8.136s] -- Up-to-date symlink: /ros2_ws/install/turtlebot3_msgs/include/turtlebot3_msgs/turtlebot3_msgs/action/detail/patrol__rosidl_typesupport_introspection_cpp.hpp
[8.136s] -- Up-to-date symlink: /ros2_ws/install/turtlebot3_msgs/include/turtlebot3_msgs/turtlebot3_msgs/msg/detail/sensor_state__rosidl_typesupport_introspection_cpp.hpp
[8.137s] -- Up-to-date symlink: /ros2_ws/install/turtlebot3_msgs/include/turtlebot3_msgs/turtlebot3_msgs/msg/detail/sound__rosidl_typesupport_introspection_cpp.hpp
[8.137s] -- Up-to-date symlink: /ros2_ws/install/turtlebot3_msgs/include/turtlebot3_msgs/turtlebot3_msgs/msg/detail/version_info__rosidl_typesupport_introspection_cpp.hpp
[8.138s] -- Up-to-date symlink: /ros2_ws/install/turtlebot3_msgs/include/turtlebot3_msgs/turtlebot3_msgs/srv/detail/dqn__rosidl_typesupport_introspection_cpp.hpp
[8.138s] -- Up-to-date symlink: /ros2_ws/install/turtlebot3_msgs/include/turtlebot3_msgs/turtlebot3_msgs/srv/detail/goal__rosidl_typesupport_introspection_cpp.hpp
[8.139s] -- Up-to-date symlink: /ros2_ws/install/turtlebot3_msgs/include/turtlebot3_msgs/turtlebot3_msgs/srv/detail/sound__rosidl_typesupport_introspection_cpp.hpp
[8.140s] -- Up-to-date symlink: /ros2_ws/install/turtlebot3_msgs/share/turtlebot3_msgs/environment/pythonpath.sh
[8.140s] -- Up-to-date symlink: /ros2_ws/install/turtlebot3_msgs/share/turtlebot3_msgs/environment/pythonpath.dsv
[8.141s] -- Up-to-date symlink: /ros2_ws/install/turtlebot3_msgs/lib/python3.12/site-packages/turtlebot3_msgs-2.4.0-py3.12.egg-info/PKG-INFO
[8.141s] -- Up-to-date symlink: /ros2_ws/install/turtlebot3_msgs/lib/python3.12/site-packages/turtlebot3_msgs-2.4.0-py3.12.egg-info/SOURCES.txt
[8.142s] -- Up-to-date symlink: /ros2_ws/install/turtlebot3_msgs/lib/python3.12/site-packages/turtlebot3_msgs-2.4.0-py3.12.egg-info/dependency_links.txt
[8.143s] -- Up-to-date symlink: /ros2_ws/install/turtlebot3_msgs/lib/python3.12/site-packages/turtlebot3_msgs-2.4.0-py3.12.egg-info/top_level.txt
[8.145s] -- Up-to-date symlink: /ros2_ws/install/turtlebot3_msgs/lib/python3.12/site-packages/turtlebot3_msgs/__init__.py
[8.145s] -- Up-to-date symlink: /ros2_ws/install/turtlebot3_msgs/lib/python3.12/site-packages/turtlebot3_msgs/_turtlebot3_msgs_s.ep.rosidl_typesupport_c.c
[8.146s] -- Up-to-date symlink: /ros2_ws/install/turtlebot3_msgs/lib/python3.12/site-packages/turtlebot3_msgs/_turtlebot3_msgs_s.ep.rosidl_typesupport_fastrtps_c.c
[8.146s] -- Up-to-date symlink: /ros2_ws/install/turtlebot3_msgs/lib/python3.12/site-packages/turtlebot3_msgs/_turtlebot3_msgs_s.ep.rosidl_typesupport_introspection_c.c
[8.147s] -- Up-to-date symlink: /ros2_ws/install/turtlebot3_msgs/lib/python3.12/site-packages/turtlebot3_msgs/action/__init__.py
[8.148s] -- Up-to-date symlink: /ros2_ws/install/turtlebot3_msgs/lib/python3.12/site-packages/turtlebot3_msgs/action/_patrol.py
[8.148s] -- Up-to-date symlink: /ros2_ws/install/turtlebot3_msgs/lib/python3.12/site-packages/turtlebot3_msgs/action/_patrol_s.c
[8.149s] -- Up-to-date symlink: /ros2_ws/install/turtlebot3_msgs/lib/python3.12/site-packages/turtlebot3_msgs/msg/__init__.py
[8.150s] -- Up-to-date symlink: /ros2_ws/install/turtlebot3_msgs/lib/python3.12/site-packages/turtlebot3_msgs/msg/_sensor_state.py
[8.151s] -- Up-to-date symlink: /ros2_ws/install/turtlebot3_msgs/lib/python3.12/site-packages/turtlebot3_msgs/msg/_sensor_state_s.c
[8.151s] -- Up-to-date symlink: /ros2_ws/install/turtlebot3_msgs/lib/python3.12/site-packages/turtlebot3_msgs/msg/_sound.py
[8.152s] -- Up-to-date symlink: /ros2_ws/install/turtlebot3_msgs/lib/python3.12/site-packages/turtlebot3_msgs/msg/_sound_s.c
[8.153s] -- Up-to-date symlink: /ros2_ws/install/turtlebot3_msgs/lib/python3.12/site-packages/turtlebot3_msgs/msg/_version_info.py
[8.154s] -- Up-to-date symlink: /ros2_ws/install/turtlebot3_msgs/lib/python3.12/site-packages/turtlebot3_msgs/msg/_version_info_s.c
[8.154s] -- Up-to-date symlink: /ros2_ws/install/turtlebot3_msgs/lib/python3.12/site-packages/turtlebot3_msgs/srv/__init__.py
[8.155s] -- Up-to-date symlink: /ros2_ws/install/turtlebot3_msgs/lib/python3.12/site-packages/turtlebot3_msgs/srv/_dqn.py
[8.155s] -- Up-to-date symlink: /ros2_ws/install/turtlebot3_msgs/lib/python3.12/site-packages/turtlebot3_msgs/srv/_dqn_s.c
[8.156s] -- Up-to-date symlink: /ros2_ws/install/turtlebot3_msgs/lib/python3.12/site-packages/turtlebot3_msgs/srv/_goal.py
[8.157s] -- Up-to-date symlink: /ros2_ws/install/turtlebot3_msgs/lib/python3.12/site-packages/turtlebot3_msgs/srv/_goal_s.c
[8.157s] -- Up-to-date symlink: /ros2_ws/install/turtlebot3_msgs/lib/python3.12/site-packages/turtlebot3_msgs/srv/_sound.py
[8.158s] -- Up-to-date symlink: /ros2_ws/install/turtlebot3_msgs/lib/python3.12/site-packages/turtlebot3_msgs/srv/_sound_s.c
[8.159s] -- Up-to-date symlink: /ros2_ws/install/turtlebot3_msgs/lib/python3.12/site-packages/turtlebot3_msgs/turtlebot3_msgs_s__rosidl_typesupport_c.so
[8.159s] -- Up-to-date symlink: /ros2_ws/install/turtlebot3_msgs/lib/python3.12/site-packages/turtlebot3_msgs/turtlebot3_msgs_s__rosidl_typesupport_fastrtps_c.so
[8.160s] -- Up-to-date symlink: /ros2_ws/install/turtlebot3_msgs/lib/python3.12/site-packages/turtlebot3_msgs/turtlebot3_msgs_s__rosidl_typesupport_introspection_c.so
[8.160s] -- Up-to-date symlink: /ros2_ws/install/turtlebot3_msgs/lib/python3.12/site-packages/turtlebot3_msgs/turtlebot3_msgs_s__rosidl_typesupport_fastrtps_c.so
[8.161s] -- Up-to-date symlink: /ros2_ws/install/turtlebot3_msgs/lib/python3.12/site-packages/turtlebot3_msgs/turtlebot3_msgs_s__rosidl_typesupport_introspection_c.so
[8.161s] -- Up-to-date symlink: /ros2_ws/install/turtlebot3_msgs/lib/python3.12/site-packages/turtlebot3_msgs/turtlebot3_msgs_s__rosidl_typesupport_c.so
[8.162s] -- Up-to-date symlink: /ros2_ws/install/turtlebot3_msgs/share/ament_index/resource_index/rust_packages/turtlebot3_msgs
[8.164s] -- Up-to-date symlink: /ros2_ws/install/turtlebot3_msgs/share/turtlebot3_msgs/rust/Cargo.toml
[8.164s] -- Up-to-date symlink: /ros2_ws/install/turtlebot3_msgs/share/turtlebot3_msgs/rust/build.rs
[8.165s] -- Up-to-date symlink: /ros2_ws/install/turtlebot3_msgs/share/turtlebot3_msgs/rust/src/action.rs
[8.165s] -- Up-to-date symlink: /ros2_ws/install/turtlebot3_msgs/share/turtlebot3_msgs/rust/src/action/rmw.rs
[8.166s] -- Up-to-date symlink: /ros2_ws/install/turtlebot3_msgs/share/turtlebot3_msgs/rust/src/lib.rs
[8.166s] -- Up-to-date symlink: /ros2_ws/install/turtlebot3_msgs/share/turtlebot3_msgs/rust/src/msg.rs
[8.167s] -- Up-to-date symlink: /ros2_ws/install/turtlebot3_msgs/share/turtlebot3_msgs/rust/src/msg/rmw.rs
[8.167s] -- Up-to-date symlink: /ros2_ws/install/turtlebot3_msgs/share/turtlebot3_msgs/rust/src/srv.rs
[8.168s] -- Up-to-date symlink: /ros2_ws/install/turtlebot3_msgs/share/turtlebot3_msgs/rust/src/srv/rmw.rs
[8.169s] -- Up-to-date symlink: /ros2_ws/install/turtlebot3_msgs/share/turtlebot3_msgs/msg/SensorState.idl
[8.169s] -- Up-to-date symlink: /ros2_ws/install/turtlebot3_msgs/share/turtlebot3_msgs/msg/Sound.idl
[8.170s] -- Up-to-date symlink: /ros2_ws/install/turtlebot3_msgs/share/turtlebot3_msgs/msg/VersionInfo.idl
[8.170s] -- Up-to-date symlink: /ros2_ws/install/turtlebot3_msgs/share/turtlebot3_msgs/srv/Sound.idl
[8.171s] -- Up-to-date symlink: /ros2_ws/install/turtlebot3_msgs/share/turtlebot3_msgs/srv/Dqn.idl
[8.172s] -- Up-to-date symlink: /ros2_ws/install/turtlebot3_msgs/share/turtlebot3_msgs/srv/Goal.idl
[8.172s] -- Up-to-date symlink: /ros2_ws/install/turtlebot3_msgs/share/turtlebot3_msgs/action/Patrol.idl
[8.172s] -- Up-to-date symlink: /ros2_ws/install/turtlebot3_msgs/share/turtlebot3_msgs/msg/SensorState.msg
[8.173s] -- Up-to-date symlink: /ros2_ws/install/turtlebot3_msgs/share/turtlebot3_msgs/msg/Sound.msg
[8.173s] -- Up-to-date symlink: /ros2_ws/install/turtlebot3_msgs/share/turtlebot3_msgs/msg/VersionInfo.msg
[8.173s] -- Up-to-date symlink: /ros2_ws/install/turtlebot3_msgs/share/turtlebot3_msgs/srv/Sound.srv
[8.174s] -- Up-to-date symlink: /ros2_ws/install/turtlebot3_msgs/share/turtlebot3_msgs/srv/Dqn.srv
[8.174s] -- Up-to-date symlink: /ros2_ws/install/turtlebot3_msgs/share/turtlebot3_msgs/srv/Goal.srv
[8.174s] -- Up-to-date symlink: /ros2_ws/install/turtlebot3_msgs/share/turtlebot3_msgs/action/Patrol.action
[8.174s] -- Up-to-date symlink: /ros2_ws/install/turtlebot3_msgs/share/ament_index/resource_index/package_run_dependencies/turtlebot3_msgs
[8.175s] -- Up-to-date symlink: /ros2_ws/install/turtlebot3_msgs/share/ament_index/resource_index/parent_prefix_path/turtlebot3_msgs
[8.176s] -- Up-to-date symlink: /ros2_ws/install/turtlebot3_msgs/share/turtlebot3_msgs/environment/ament_prefix_path.sh
[8.177s] -- Up-to-date symlink: /ros2_ws/install/turtlebot3_msgs/share/turtlebot3_msgs/environment/ament_prefix_path.dsv
[8.178s] -- Up-to-date symlink: /ros2_ws/install/turtlebot3_msgs/share/turtlebot3_msgs/environment/path.sh
[8.179s] -- Up-to-date symlink: /ros2_ws/install/turtlebot3_msgs/share/turtlebot3_msgs/environment/path.dsv
[8.179s] -- Up-to-date symlink: /ros2_ws/install/turtlebot3_msgs/share/turtlebot3_msgs/local_setup.bash
[8.180s] -- Up-to-date symlink: /ros2_ws/install/turtlebot3_msgs/share/turtlebot3_msgs/local_setup.sh
[8.181s] -- Up-to-date symlink: /ros2_ws/install/turtlebot3_msgs/share/turtlebot3_msgs/local_setup.zsh
[8.181s] -- Up-to-date symlink: /ros2_ws/install/turtlebot3_msgs/share/turtlebot3_msgs/local_setup.dsv
[8.181s] -- Symlinking: /ros2_ws/install/turtlebot3_msgs/share/turtlebot3_msgs/package.dsv
[8.201s] -- Up-to-date symlink: /ros2_ws/install/turtlebot3_msgs/share/ament_index/resource_index/packages/turtlebot3_msgs
[8.202s] -- Up-to-date symlink: /ros2_ws/install/turtlebot3_msgs/share/turtlebot3_msgs/cmake/rosidl_cmake-extras.cmake
[8.202s] -- Up-to-date symlink: /ros2_ws/install/turtlebot3_msgs/share/turtlebot3_msgs/cmake/ament_cmake_export_dependencies-extras.cmake
[8.203s] -- Up-to-date symlink: /ros2_ws/install/turtlebot3_msgs/share/turtlebot3_msgs/cmake/ament_cmake_export_include_directories-extras.cmake
[8.203s] -- Up-to-date symlink: /ros2_ws/install/turtlebot3_msgs/share/turtlebot3_msgs/cmake/ament_cmake_export_libraries-extras.cmake
[8.204s] -- Up-to-date symlink: /ros2_ws/install/turtlebot3_msgs/share/turtlebot3_msgs/cmake/ament_cmake_export_targets-extras.cmake
[8.205s] -- Up-to-date symlink: /ros2_ws/install/turtlebot3_msgs/share/turtlebot3_msgs/cmake/rosidl_cmake_export_typesupport_targets-extras.cmake
[8.205s] -- Up-to-date symlink: /ros2_ws/install/turtlebot3_msgs/share/turtlebot3_msgs/cmake/rosidl_cmake_export_typesupport_libraries-extras.cmake
[8.205s] -- Up-to-date symlink: /ros2_ws/install/turtlebot3_msgs/share/turtlebot3_msgs/cmake/rosidl_cmake_aggregate_target-extras.cmake
[8.206s] -- Up-to-date symlink: /ros2_ws/install/turtlebot3_msgs/share/turtlebot3_msgs/cmake/turtlebot3_msgsConfig.cmake
[8.207s] -- Up-to-date symlink: /ros2_ws/install/turtlebot3_msgs/share/turtlebot3_msgs/cmake/turtlebot3_msgsConfig-version.cmake
[8.207s] -- Up-to-date symlink: /ros2_ws/install/turtlebot3_msgs/share/turtlebot3_msgs/package.xml
[8.208s] -- Installing: /ros2_ws/install/turtlebot3_msgs/lib/libturtlebot3_msgs__rosidl_generator_c.so
[8.210s] -- Set non-toolchain portion of runtime path of "/ros2_ws/install/turtlebot3_msgs/lib/libturtlebot3_msgs__rosidl_generator_c.so" to ""
[8.212s] -- Installing: /ros2_ws/install/turtlebot3_msgs/lib/libturtlebot3_msgs__rosidl_typesupport_fastrtps_c.so
[8.212s] -- Set non-toolchain portion of runtime path of "/ros2_ws/install/turtlebot3_msgs/lib/libturtlebot3_msgs__rosidl_typesupport_fastrtps_c.so" to ""
[8.214s] -- Installing: /ros2_ws/install/turtlebot3_msgs/lib/libturtlebot3_msgs__rosidl_typesupport_fastrtps_cpp.so
[8.215s] -- Set non-toolchain portion of runtime path of "/ros2_ws/install/turtlebot3_msgs/lib/libturtlebot3_msgs__rosidl_typesupport_fastrtps_cpp.so" to ""
[8.217s] -- Installing: /ros2_ws/install/turtlebot3_msgs/lib/libturtlebot3_msgs__rosidl_typesupport_introspection_c.so
[8.218s] -- Set non-toolchain portion of runtime path of "/ros2_ws/install/turtlebot3_msgs/lib/libturtlebot3_msgs__rosidl_typesupport_introspection_c.so" to ""
[8.220s] -- Installing: /ros2_ws/install/turtlebot3_msgs/lib/libturtlebot3_msgs__rosidl_typesupport_c.so
[8.220s] -- Set non-toolchain portion of runtime path of "/ros2_ws/install/turtlebot3_msgs/lib/libturtlebot3_msgs__rosidl_typesupport_c.so" to ""
[8.221s] -- Installing: /ros2_ws/install/turtlebot3_msgs/lib/libturtlebot3_msgs__rosidl_typesupport_introspection_cpp.so
[8.223s] -- Set non-toolchain portion of runtime path of "/ros2_ws/install/turtlebot3_msgs/lib/libturtlebot3_msgs__rosidl_typesupport_introspection_cpp.so" to ""
[8.225s] -- Installing: /ros2_ws/install/turtlebot3_msgs/lib/libturtlebot3_msgs__rosidl_typesupport_cpp.so
[8.226s] -- Set non-toolchain portion of runtime path of "/ros2_ws/install/turtlebot3_msgs/lib/libturtlebot3_msgs__rosidl_typesupport_cpp.so" to ""
[8.330s] Listing '/ros2_ws/install/turtlebot3_msgs/lib/python3.12/site-packages/turtlebot3_msgs'...
[8.330s] Compiling '/ros2_ws/install/turtlebot3_msgs/lib/python3.12/site-packages/turtlebot3_msgs/__init__.py'...
[8.330s] Listing '/ros2_ws/install/turtlebot3_msgs/lib/python3.12/site-packages/turtlebot3_msgs/action'...
[8.330s] Listing '/ros2_ws/install/turtlebot3_msgs/lib/python3.12/site-packages/turtlebot3_msgs/msg'...
[8.330s] Compiling '/ros2_ws/install/turtlebot3_msgs/lib/python3.12/site-packages/turtlebot3_msgs/msg/_sound.py'...
[8.330s] Compiling '/ros2_ws/install/turtlebot3_msgs/lib/python3.12/site-packages/turtlebot3_msgs/msg/_version_info.py'...
[8.330s] Listing '/ros2_ws/install/turtlebot3_msgs/lib/python3.12/site-packages/turtlebot3_msgs/srv'...
[8.330s] Compiling '/ros2_ws/install/turtlebot3_msgs/lib/python3.12/site-packages/turtlebot3_msgs/srv/__init__.py'...
[8.330s] Compiling '/ros2_ws/install/turtlebot3_msgs/lib/python3.12/site-packages/turtlebot3_msgs/srv/_dqn.py'...
[8.331s] Compiling '/ros2_ws/install/turtlebot3_msgs/lib/python3.12/site-packages/turtlebot3_msgs/srv/_goal.py'...
[8.331s] Compiling '/ros2_ws/install/turtlebot3_msgs/lib/python3.12/site-packages/turtlebot3_msgs/srv/_sound.py'...
[8.345s] -- Installing: /ros2_ws/install/turtlebot3_msgs/lib/libturtlebot3_msgs__rosidl_generator_py.so
[8.346s] -- Set non-toolchain portion of runtime path of "/ros2_ws/install/turtlebot3_msgs/lib/libturtlebot3_msgs__rosidl_generator_py.so" to ""
[8.348s] -- Up-to-date: /ros2_ws/install/turtlebot3_msgs/share/turtlebot3_msgs/cmake/export_turtlebot3_msgs__rosidl_generator_cExport.cmake
[8.349s] -- Up-to-date: /ros2_ws/install/turtlebot3_msgs/share/turtlebot3_msgs/cmake/export_turtlebot3_msgs__rosidl_generator_cExport-noconfig.cmake
[8.349s] -- Up-to-date: /ros2_ws/install/turtlebot3_msgs/share/turtlebot3_msgs/cmake/export_turtlebot3_msgs__rosidl_typesupport_fastrtps_cExport.cmake
[8.349s] -- Up-to-date: /ros2_ws/install/turtlebot3_msgs/share/turtlebot3_msgs/cmake/export_turtlebot3_msgs__rosidl_typesupport_fastrtps_cExport-noconfig.cmake
[8.351s] -- Up-to-date: /ros2_ws/install/turtlebot3_msgs/share/turtlebot3_msgs/cmake/export_turtlebot3_msgs__rosidl_generator_cppExport.cmake
[8.351s] -- Up-to-date: /ros2_ws/install/turtlebot3_msgs/share/turtlebot3_msgs/cmake/export_turtlebot3_msgs__rosidl_typesupport_fastrtps_cppExport.cmake
[8.351s] -- Up-to-date: /ros2_ws/install/turtlebot3_msgs/share/turtlebot3_msgs/cmake/export_turtlebot3_msgs__rosidl_typesupport_fastrtps_cppExport-noconfig.cmake
[8.352s] -- Up-to-date: /ros2_ws/install/turtlebot3_msgs/share/turtlebot3_msgs/cmake/turtlebot3_msgs__rosidl_typesupport_introspection_cExport.cmake
[8.353s] -- Up-to-date: /ros2_ws/install/turtlebot3_msgs/share/turtlebot3_msgs/cmake/turtlebot3_msgs__rosidl_typesupport_introspection_cExport-noconfig.cmake
[8.353s] -- Up-to-date: /ros2_ws/install/turtlebot3_msgs/share/turtlebot3_msgs/cmake/turtlebot3_msgs__rosidl_typesupport_cExport.cmake
[8.354s] -- Up-to-date: /ros2_ws/install/turtlebot3_msgs/share/turtlebot3_msgs/cmake/turtlebot3_msgs__rosidl_typesupport_cExport-noconfig.cmake
[8.356s] -- Up-to-date: /ros2_ws/install/turtlebot3_msgs/share/turtlebot3_msgs/cmake/turtlebot3_msgs__rosidl_typesupport_introspection_cppExport.cmake
[8.356s] -- Up-to-date: /ros2_ws/install/turtlebot3_msgs/share/turtlebot3_msgs/cmake/turtlebot3_msgs__rosidl_typesupport_introspection_cppExport-noconfig.cmake
[8.358s] -- Up-to-date: /ros2_ws/install/turtlebot3_msgs/share/turtlebot3_msgs/cmake/turtlebot3_msgs__rosidl_typesupport_cppExport.cmake
[8.358s] -- Up-to-date: /ros2_ws/install/turtlebot3_msgs/share/turtlebot3_msgs/cmake/turtlebot3_msgs__rosidl_typesupport_cppExport-noconfig.cmake
[8.360s] -- Up-to-date: /ros2_ws/install/turtlebot3_msgs/share/turtlebot3_msgs/cmake/export_turtlebot3_msgs__rosidl_generator_pyExport.cmake
[8.360s] -- Up-to-date: /ros2_ws/install/turtlebot3_msgs/share/turtlebot3_msgs/cmake/export_turtlebot3_msgs__rosidl_generator_pyExport-noconfig.cmake
[8.364s] Invoked command in '/ros2_ws/build/turtlebot3_msgs' returned '0': CMAKE_PREFIX_PATH=${CMAKE_PREFIX_PATH}:/opt/ros/jazzy /usr/bin/cmake --install /ros2_ws/build/turtlebot3_msgs
