[4.178s] Invoking command in '/ros2_ws/build/turtlebot3_teleop': PYTHONPATH=/ros2_ws/build/turtlebot3_teleop/prefix_override:/usr/lib/python3/dist-packages/colcon_core/task/python/colcon_distutils_commands:/ros2_ws/install/turtlebot3_teleop/lib/python3.12/site-packages:${PYTHONPATH} /usr/bin/python3 -W ignore:setup.py install is deprecated -W ignore:easy_install command is deprecated setup.py develop --editable --build-directory /ros2_ws/build/turtlebot3_teleop/build --no-deps symlink_data
[4.919s] running develop
[5.322s] running egg_info
[5.325s] creating turtlebot3_teleop.egg-info
[5.357s] writing turtlebot3_teleop.egg-info/PKG-INFO
[5.357s] writing dependency_links to turtlebot3_teleop.egg-info/dependency_links.txt
[5.357s] writing entry points to turtlebot3_teleop.egg-info/entry_points.txt
[5.357s] writing requirements to turtlebot3_teleop.egg-info/requires.txt
[5.358s] writing top-level names to turtlebot3_teleop.egg-info/top_level.txt
[5.358s] writing manifest file 'turtlebot3_teleop.egg-info/SOURCES.txt'
[5.440s] reading manifest file 'turtlebot3_teleop.egg-info/SOURCES.txt'
[5.440s] writing manifest file 'turtlebot3_teleop.egg-info/SOURCES.txt'
[5.476s] running build_ext
[5.476s] Creating /ros2_ws/install/turtlebot3_teleop/lib/python3.12/site-packages/turtlebot3-teleop.egg-link (link to .)
[5.480s] Installing teleop_keyboard script to /ros2_ws/install/turtlebot3_teleop/lib/turtlebot3_teleop
[5.488s] 
[5.488s] Installed /ros2_ws/build/turtlebot3_teleop
[5.488s] running symlink_data
[5.488s] creating /ros2_ws/install/turtlebot3_teleop/share/ament_index
[5.488s] creating /ros2_ws/install/turtlebot3_teleop/share/ament_index/resource_index
[5.488s] creating /ros2_ws/install/turtlebot3_teleop/share/ament_index/resource_index/packages
[5.488s] symbolically linking /ros2_ws/build/turtlebot3_teleop/resource/turtlebot3_teleop -> /ros2_ws/install/turtlebot3_teleop/share/ament_index/resource_index/packages
[5.490s] symbolically linking /ros2_ws/build/turtlebot3_teleop/package.xml -> /ros2_ws/install/turtlebot3_teleop/share/turtlebot3_teleop
[5.591s] Invoked command in '/ros2_ws/build/turtlebot3_teleop' returned '0': PYTHONPATH=/ros2_ws/build/turtlebot3_teleop/prefix_override:/usr/lib/python3/dist-packages/colcon_core/task/python/colcon_distutils_commands:/ros2_ws/install/turtlebot3_teleop/lib/python3.12/site-packages:${PYTHONPATH} /usr/bin/python3 -W ignore:setup.py install is deprecated -W ignore:easy_install command is deprecated setup.py develop --editable --build-directory /ros2_ws/build/turtlebot3_teleop/build --no-deps symlink_data
