[2.223s] Invoking command in '/ros2_ws/build/turtlebot3_example': AMENT_PREFIX_PATH=/ros2_ws/install/turtlebot3_msgs:${AMENT_PREFIX_PATH} CMAKE_PREFIX_PATH=/ros2_ws/install/turtlebot3_msgs:${CMAKE_PREFIX_PATH} LD_LIBRARY_PATH=/ros2_ws/install/turtlebot3_msgs/lib:${LD_LIBRARY_PATH} PYTHONPATH=/ros2_ws/build/turtlebot3_example/prefix_override:/usr/lib/python3/dist-packages/colcon_core/task/python/colcon_distutils_commands:/ros2_ws/install/turtlebot3_example/lib/python3.12/site-packages:/ros2_ws/install/turtlebot3_msgs/lib/python3.12/site-packages:${PYTHONPATH} /usr/bin/python3 -W ignore:setup.py install is deprecated -W ignore:easy_install command is deprecated setup.py develop --editable --build-directory /ros2_ws/build/turtlebot3_example/build --no-deps symlink_data
[2.737s] running develop
[3.149s] running egg_info
[3.149s] creating turtlebot3_example.egg-info
[3.175s] writing turtlebot3_example.egg-info/PKG-INFO
[3.175s] writing dependency_links to turtlebot3_example.egg-info/dependency_links.txt
[3.175s] writing entry points to turtlebot3_example.egg-info/entry_points.txt
[3.176s] writing requirements to turtlebot3_example.egg-info/requires.txt
[3.176s] writing top-level names to turtlebot3_example.egg-info/top_level.txt
[3.176s] writing manifest file 'turtlebot3_example.egg-info/SOURCES.txt'
[3.234s] reading manifest file 'turtlebot3_example.egg-info/SOURCES.txt'
[3.235s] writing manifest file 'turtlebot3_example.egg-info/SOURCES.txt'
[3.277s] running build_ext
[3.277s] Creating /ros2_ws/install/turtlebot3_example/lib/python3.12/site-packages/turtlebot3-example.egg-link (link to .)
[3.279s] Installing turtlebot3_absolute_move script to /ros2_ws/install/turtlebot3_example/lib/turtlebot3_example
[3.281s] Installing turtlebot3_interactive_marker script to /ros2_ws/install/turtlebot3_example/lib/turtlebot3_example
[3.281s] Installing turtlebot3_obstacle_detection script to /ros2_ws/install/turtlebot3_example/lib/turtlebot3_example
[3.281s] Installing turtlebot3_patrol_client script to /ros2_ws/install/turtlebot3_example/lib/turtlebot3_example
[3.281s] Installing turtlebot3_patrol_server script to /ros2_ws/install/turtlebot3_example/lib/turtlebot3_example
[3.282s] Installing turtlebot3_relative_move script to /ros2_ws/install/turtlebot3_example/lib/turtlebot3_example
[3.282s] 
[3.282s] Installed /ros2_ws/build/turtlebot3_example
[3.283s] running symlink_data
[3.283s] creating /ros2_ws/install/turtlebot3_example/share/ament_index
[3.285s] creating /ros2_ws/install/turtlebot3_example/share/ament_index/resource_index
[3.286s] creating /ros2_ws/install/turtlebot3_example/share/ament_index/resource_index/packages
[3.290s] symbolically linking /ros2_ws/build/turtlebot3_example/resource/turtlebot3_example -> /ros2_ws/install/turtlebot3_example/share/ament_index/resource_index/packages
[3.293s] symbolically linking /ros2_ws/build/turtlebot3_example/package.xml -> /ros2_ws/install/turtlebot3_example/share/turtlebot3_example
[3.498s] Invoked command in '/ros2_ws/build/turtlebot3_example' returned '0': AMENT_PREFIX_PATH=/ros2_ws/install/turtlebot3_msgs:${AMENT_PREFIX_PATH} CMAKE_PREFIX_PATH=/ros2_ws/install/turtlebot3_msgs:${CMAKE_PREFIX_PATH} LD_LIBRARY_PATH=/ros2_ws/install/turtlebot3_msgs/lib:${LD_LIBRARY_PATH} PYTHONPATH=/ros2_ws/build/turtlebot3_example/prefix_override:/usr/lib/python3/dist-packages/colcon_core/task/python/colcon_distutils_commands:/ros2_ws/install/turtlebot3_example/lib/python3.12/site-packages:/ros2_ws/install/turtlebot3_msgs/lib/python3.12/site-packages:${PYTHONPATH} /usr/bin/python3 -W ignore:setup.py install is deprecated -W ignore:easy_install command is deprecated setup.py develop --editable --build-directory /ros2_ws/build/turtlebot3_example/build --no-deps symlink_data
