[1.545s] Invoking command in '/ros2_ws/src/maze_bot': PYTHONPATH=/ros2_ws/build/maze_bot/prefix_override:/usr/lib/python3/dist-packages/colcon_core/task/python/colcon_distutils_commands:/ros2_ws/install/maze_bot/lib/python3.12/site-packages:${PYTHONPATH} /usr/bin/python3 -W ignore:setup.py install is deprecated -W ignore:easy_install command is deprecated setup.py egg_info --egg-base ../../build/maze_bot build --build-base /ros2_ws/build/maze_bot/build install --record /ros2_ws/build/maze_bot/install.log --install-scripts $base/lib/maze_bot --single-version-externally-managed install_data
[1.978s] running egg_info
[1.978s] creating ../../build/maze_bot/maze_bot.egg-info
[2.011s] writing ../../build/maze_bot/maze_bot.egg-info/PKG-INFO
[2.011s] writing dependency_links to ../../build/maze_bot/maze_bot.egg-info/dependency_links.txt
[2.012s] writing requirements to ../../build/maze_bot/maze_bot.egg-info/requires.txt
[2.012s] writing top-level names to ../../build/maze_bot/maze_bot.egg-info/top_level.txt
[2.012s] writing manifest file '../../build/maze_bot/maze_bot.egg-info/SOURCES.txt'
[2.070s] reading manifest file '../../build/maze_bot/maze_bot.egg-info/SOURCES.txt'
[2.072s] writing manifest file '../../build/maze_bot/maze_bot.egg-info/SOURCES.txt'
[2.072s] running build
[2.072s] running build_py
[2.072s] creating /ros2_ws/build/maze_bot/build
[2.073s] creating /ros2_ws/build/maze_bot/build/lib
[2.074s] creating /ros2_ws/build/maze_bot/build/lib/maze_bot
[2.075s] copying maze_bot/__init__.py -> /ros2_ws/build/maze_bot/build/lib/maze_bot
[2.076s] running install
[2.086s] running install_lib
[2.115s] creating /ros2_ws/install/maze_bot/lib/python3.12/site-packages/maze_bot
[2.116s] copying /ros2_ws/build/maze_bot/build/lib/maze_bot/__init__.py -> /ros2_ws/install/maze_bot/lib/python3.12/site-packages/maze_bot
[2.117s] byte-compiling /ros2_ws/install/maze_bot/lib/python3.12/site-packages/maze_bot/__init__.py to __init__.cpython-312.pyc
[2.119s] running install_data
[2.120s] creating /ros2_ws/install/maze_bot/share/ament_index
[2.121s] creating /ros2_ws/install/maze_bot/share/ament_index/resource_index
[2.123s] creating /ros2_ws/install/maze_bot/share/ament_index/resource_index/packages
[2.124s] copying resource/maze_bot -> /ros2_ws/install/maze_bot/share/ament_index/resource_index/packages
[2.124s] copying package.xml -> /ros2_ws/install/maze_bot/share/maze_bot
[2.125s] creating /ros2_ws/install/maze_bot/share/maze_bot/worlds
[2.126s] copying worlds/maze.sdf -> /ros2_ws/install/maze_bot/share/maze_bot/worlds
[2.127s] creating /ros2_ws/install/maze_bot/share/maze_bot/launch
[2.128s] copying launch/maze_world.launch.py -> /ros2_ws/install/maze_bot/share/maze_bot/launch
[2.128s] running install_egg_info
[2.159s] Copying ../../build/maze_bot/maze_bot.egg-info to /ros2_ws/install/maze_bot/lib/python3.12/site-packages/maze_bot-0.0.0-py3.12.egg-info
[2.163s] running install_scripts
[2.419s] writing list of installed files to '/ros2_ws/build/maze_bot/install.log'
[2.490s] Invoked command in '/ros2_ws/src/maze_bot' returned '0': PYTHONPATH=/ros2_ws/build/maze_bot/prefix_override:/usr/lib/python3/dist-packages/colcon_core/task/python/colcon_distutils_commands:/ros2_ws/install/maze_bot/lib/python3.12/site-packages:${PYTHONPATH} /usr/bin/python3 -W ignore:setup.py install is deprecated -W ignore:easy_install command is deprecated setup.py egg_info --egg-base ../../build/maze_bot build --build-base /ros2_ws/build/maze_bot/build install --record /ros2_ws/build/maze_bot/install.log --install-scripts $base/lib/maze_bot --single-version-externally-managed install_data
