[0.063s] Invoking command in '/ros2_ws/build/dynamixel_sdk': CMAKE_PREFIX_PATH=${CMAKE_PREFIX_PATH}:/opt/ros/jazzy /usr/bin/cmake /ros2_ws/src/DynamixelSDK/ros/dynamixel_sdk -DCMAKE_INSTALL_PREFIX=/ros2_ws/install/dynamixel_sdk
[0.212s] -- Found ament_cmake: 2.5.6 (/opt/ros/jazzy/share/ament_cmake/cmake)
[0.689s] -- Override CMake install command with custom implementation using symlinks instead of copying resources
[1.366s] -- Configuring done (1.2s)
[1.413s] -- Generating done (0.0s)
[1.420s] -- Build files have been written to: /ros2_ws/build/dynamixel_sdk
[1.733s] Invoked command in '/ros2_ws/build/dynamixel_sdk' returned '0': CMAKE_PREFIX_PATH=${CMAKE_PREFIX_PATH}:/opt/ros/jazzy /usr/bin/cmake /ros2_ws/src/DynamixelSDK/ros/dynamixel_sdk -DCMAKE_INSTALL_PREFIX=/ros2_ws/install/dynamixel_sdk
[1.735s] Invoking command in '/ros2_ws/build/dynamixel_sdk': CMAKE_PREFIX_PATH=${CMAKE_PREFIX_PATH}:/opt/ros/jazzy /usr/bin/cmake --build /ros2_ws/build/dynamixel_sdk -- -j8 -l8
[1.901s] [  0%] Built target ament_cmake_python_symlink_dynamixel_sdk
[1.907s] [  5%] [32mBuilding CXX object CMakeFiles/dynamixel_sdk.dir/src/dynamixel_sdk/packet_handler.cpp.o[0m
[1.923s] [ 11%] [32mBuilding CXX object CMakeFiles/dynamixel_sdk.dir/src/dynamixel_sdk/group_sync_read.cpp.o[0m
[1.926s] [ 16%] [32mBuilding CXX object CMakeFiles/dynamixel_sdk.dir/src/dynamixel_sdk/protocol2_packet_handler.cpp.o[0m
[1.932s] [ 22%] [32mBuilding CXX object CMakeFiles/dynamixel_sdk.dir/src/dynamixel_sdk/group_sync_write.cpp.o[0m
[1.937s] [ 22%] Built target ament_cmake_python_symlink_dynamixel_easy_sdk
[1.940s] [ 27%] [32mBuilding CXX object CMakeFiles/dynamixel_sdk.dir/src/dynamixel_sdk/protocol1_packet_handler.cpp.o[0m
[1.963s] [ 33%] [32mBuilding CXX object CMakeFiles/dynamixel_sdk.dir/src/dynamixel_sdk/group_bulk_read.cpp.o[0m
[1.975s] [ 38%] [32mBuilding CXX object CMakeFiles/dynamixel_sdk.dir/src/dynamixel_sdk/group_bulk_write.cpp.o[0m
[2.360s] running egg_info
[2.407s] writing dynamixel_sdk.egg-info/PKG-INFO
[2.408s] writing dependency_links to dynamixel_sdk.egg-info/dependency_links.txt
[2.408s] writing top-level names to dynamixel_sdk.egg-info/top_level.txt
[2.499s] reading manifest file 'dynamixel_sdk.egg-info/SOURCES.txt'
[2.503s] writing manifest file 'dynamixel_sdk.egg-info/SOURCES.txt'
[2.713s] [ 38%] Built target ament_cmake_python_build_dynamixel_sdk_egg
[2.769s] [ 44%] [32mBuilding CXX object CMakeFiles/dynamixel_sdk.dir/src/dynamixel_sdk/group_fast_bulk_read.cpp.o[0m
[2.880s] [ 50%] [32mBuilding CXX object CMakeFiles/dynamixel_sdk.dir/src/dynamixel_sdk/group_fast_sync_read.cpp.o[0m
[3.024s] [ 55%] [32mBuilding CXX object CMakeFiles/dynamixel_sdk.dir/src/dynamixel_sdk/group_handler.cpp.o[0m
[3.085s] [ 61%] [32mBuilding CXX object CMakeFiles/dynamixel_sdk.dir/src/dynamixel_sdk/port_handler.cpp.o[0m
[3.162s] [ 66%] [32mBuilding CXX object CMakeFiles/dynamixel_sdk.dir/src/dynamixel_easy_sdk/connector.cpp.o[0m
[3.256s] [ 72%] [32mBuilding CXX object CMakeFiles/dynamixel_sdk.dir/src/dynamixel_easy_sdk/control_table.cpp.o[0m
[3.291s] [ 77%] [32mBuilding CXX object CMakeFiles/dynamixel_sdk.dir/src/dynamixel_easy_sdk/dynamixel_error.cpp.o[0m
[3.372s] [ 83%] [32mBuilding CXX object CMakeFiles/dynamixel_sdk.dir/src/dynamixel_easy_sdk/motor.cpp.o[0m
[3.372s] running egg_info
[3.394s] writing dynamixel_easy_sdk.egg-info/PKG-INFO
[3.394s] writing dependency_links to dynamixel_easy_sdk.egg-info/dependency_links.txt
[3.395s] writing top-level names to dynamixel_easy_sdk.egg-info/top_level.txt
[3.504s] reading manifest file 'dynamixel_easy_sdk.egg-info/SOURCES.txt'
[3.509s] writing manifest file 'dynamixel_easy_sdk.egg-info/SOURCES.txt'
[3.608s] [ 88%] [32mBuilding CXX object CMakeFiles/dynamixel_sdk.dir/src/dynamixel_sdk/port_handler_linux.cpp.o[0m
[3.761s] [ 88%] Built target ament_cmake_python_build_dynamixel_easy_sdk_egg
[5.547s] [ 94%] [32m[1mLinking CXX shared library libdynamixel_sdk.so[0m
[5.825s] [100%] Built target dynamixel_sdk
[5.864s] Invoked command in '/ros2_ws/build/dynamixel_sdk' returned '0': CMAKE_PREFIX_PATH=${CMAKE_PREFIX_PATH}:/opt/ros/jazzy /usr/bin/cmake --build /ros2_ws/build/dynamixel_sdk -- -j8 -l8
[5.867s] Invoking command in '/ros2_ws/build/dynamixel_sdk': CMAKE_PREFIX_PATH=${CMAKE_PREFIX_PATH}:/opt/ros/jazzy /usr/bin/cmake --install /ros2_ws/build/dynamixel_sdk
[5.887s] -- Install configuration: ""
[5.888s] -- Execute custom install script
[5.894s] -- Up-to-date symlink: /ros2_ws/install/dynamixel_sdk/include//dynamixel_easy_sdk/connector.hpp
[5.896s] -- Up-to-date symlink: /ros2_ws/install/dynamixel_sdk/include//dynamixel_easy_sdk/control_table.hpp
[5.896s] -- Up-to-date symlink: /ros2_ws/install/dynamixel_sdk/include//dynamixel_easy_sdk/data_types.hpp
[5.897s] -- Up-to-date symlink: /ros2_ws/install/dynamixel_sdk/include//dynamixel_easy_sdk/dynamixel_easy_sdk.hpp
[5.899s] -- Up-to-date symlink: /ros2_ws/install/dynamixel_sdk/include//dynamixel_easy_sdk/dynamixel_error.hpp
[5.902s] -- Up-to-date symlink: /ros2_ws/install/dynamixel_sdk/include//dynamixel_easy_sdk/group_executor.hpp
[5.902s] -- Up-to-date symlink: /ros2_ws/install/dynamixel_sdk/include//dynamixel_easy_sdk/motor.hpp
[5.904s] -- Up-to-date symlink: /ros2_ws/install/dynamixel_sdk/include//dynamixel_sdk/dynamixel_sdk.h
[5.906s] -- Up-to-date symlink: /ros2_ws/install/dynamixel_sdk/include//dynamixel_sdk/group_bulk_read.h
[5.908s] -- Up-to-date symlink: /ros2_ws/install/dynamixel_sdk/include//dynamixel_sdk/group_bulk_write.h
[5.909s] -- Up-to-date symlink: /ros2_ws/install/dynamixel_sdk/include//dynamixel_sdk/group_fast_bulk_read.h
[5.910s] -- Up-to-date symlink: /ros2_ws/install/dynamixel_sdk/include//dynamixel_sdk/group_fast_sync_read.h
[5.913s] -- Up-to-date symlink: /ros2_ws/install/dynamixel_sdk/include//dynamixel_sdk/group_handler.h
[5.914s] -- Up-to-date symlink: /ros2_ws/install/dynamixel_sdk/include//dynamixel_sdk/group_sync_read.h
[5.915s] -- Up-to-date symlink: /ros2_ws/install/dynamixel_sdk/include//dynamixel_sdk/group_sync_write.h
[5.916s] -- Up-to-date symlink: /ros2_ws/install/dynamixel_sdk/include//dynamixel_sdk/packet_handler.h
[5.917s] -- Up-to-date symlink: /ros2_ws/install/dynamixel_sdk/include//dynamixel_sdk/port_handler.h
[5.919s] -- Up-to-date symlink: /ros2_ws/install/dynamixel_sdk/include//dynamixel_sdk/port_handler_arduino.h
[5.919s] -- Up-to-date symlink: /ros2_ws/install/dynamixel_sdk/include//dynamixel_sdk/port_handler_linux.h
[5.921s] -- Up-to-date symlink: /ros2_ws/install/dynamixel_sdk/include//dynamixel_sdk/port_handler_mac.h
[5.921s] -- Up-to-date symlink: /ros2_ws/install/dynamixel_sdk/include//dynamixel_sdk/port_handler_windows.h
[5.922s] -- Up-to-date symlink: /ros2_ws/install/dynamixel_sdk/include//dynamixel_sdk/protocol1_packet_handler.h
[5.923s] -- Up-to-date symlink: /ros2_ws/install/dynamixel_sdk/include//dynamixel_sdk/protocol2_packet_handler.h
[5.928s] -- Up-to-date symlink: /ros2_ws/install/dynamixel_sdk/share/dynamixel_sdk/control_table/2xc430_w250.model
[5.929s] -- Up-to-date symlink: /ros2_ws/install/dynamixel_sdk/share/dynamixel_sdk/control_table/2xl430_w250.model
[5.929s] -- Up-to-date symlink: /ros2_ws/install/dynamixel_sdk/share/dynamixel_sdk/control_table/dynamixel.model
[5.934s] -- Up-to-date symlink: /ros2_ws/install/dynamixel_sdk/share/dynamixel_sdk/control_table/h42_20_s300_ra.model
[5.934s] -- Up-to-date symlink: /ros2_ws/install/dynamixel_sdk/share/dynamixel_sdk/control_table/h54_100_s500_ra.model
[5.934s] -- Up-to-date symlink: /ros2_ws/install/dynamixel_sdk/share/dynamixel_sdk/control_table/h54_200_s500_ra.model
[5.934s] -- Up-to-date symlink: /ros2_ws/install/dynamixel_sdk/share/dynamixel_sdk/control_table/m42_10_s260_ra.model
[5.934s] -- Up-to-date symlink: /ros2_ws/install/dynamixel_sdk/share/dynamixel_sdk/control_table/m54_40_s250_ra.model
[5.935s] -- Up-to-date symlink: /ros2_ws/install/dynamixel_sdk/share/dynamixel_sdk/control_table/m54_60_s250_ra.model
[5.937s] -- Up-to-date symlink: /ros2_ws/install/dynamixel_sdk/share/dynamixel_sdk/control_table/mx_106.model
[5.937s] -- Up-to-date symlink: /ros2_ws/install/dynamixel_sdk/share/dynamixel_sdk/control_table/mx_28.model
[5.937s] -- Up-to-date symlink: /ros2_ws/install/dynamixel_sdk/share/dynamixel_sdk/control_table/mx_64.model
[5.938s] -- Up-to-date symlink: /ros2_ws/install/dynamixel_sdk/share/dynamixel_sdk/control_table/ph42_020_s300.model
[5.939s] -- Up-to-date symlink: /ros2_ws/install/dynamixel_sdk/share/dynamixel_sdk/control_table/ph54_100_s500.model
[5.941s] -- Up-to-date symlink: /ros2_ws/install/dynamixel_sdk/share/dynamixel_sdk/control_table/ph54_200_s500.model
[5.941s] -- Up-to-date symlink: /ros2_ws/install/dynamixel_sdk/share/dynamixel_sdk/control_table/pm42_010_s260.model
[5.941s] -- Up-to-date symlink: /ros2_ws/install/dynamixel_sdk/share/dynamixel_sdk/control_table/pm54_040_s250.model
[5.941s] -- Up-to-date symlink: /ros2_ws/install/dynamixel_sdk/share/dynamixel_sdk/control_table/pm54_060_s250.model
[5.943s] -- Up-to-date symlink: /ros2_ws/install/dynamixel_sdk/share/dynamixel_sdk/control_table/rh_p12_rn.model
[5.943s] -- Up-to-date symlink: /ros2_ws/install/dynamixel_sdk/share/dynamixel_sdk/control_table/xc330_m181.model
[5.945s] -- Up-to-date symlink: /ros2_ws/install/dynamixel_sdk/share/dynamixel_sdk/control_table/xc330_m181_fw52.model
[5.946s] -- Up-to-date symlink: /ros2_ws/install/dynamixel_sdk/share/dynamixel_sdk/control_table/xc330_m288.model
[5.947s] -- Up-to-date symlink: /ros2_ws/install/dynamixel_sdk/share/dynamixel_sdk/control_table/xc330_m288_fw52.model
[5.949s] -- Up-to-date symlink: /ros2_ws/install/dynamixel_sdk/share/dynamixel_sdk/control_table/xc330_t181.model
[5.949s] -- Up-to-date symlink: /ros2_ws/install/dynamixel_sdk/share/dynamixel_sdk/control_table/xc330_t181_fw52.model
[5.954s] -- Up-to-date symlink: /ros2_ws/install/dynamixel_sdk/share/dynamixel_sdk/control_table/xc330_t288.model
[5.954s] -- Up-to-date symlink: /ros2_ws/install/dynamixel_sdk/share/dynamixel_sdk/control_table/xc330_t288_fw52.model
[5.955s] -- Up-to-date symlink: /ros2_ws/install/dynamixel_sdk/share/dynamixel_sdk/control_table/xc430_w150.model
[5.955s] -- Up-to-date symlink: /ros2_ws/install/dynamixel_sdk/share/dynamixel_sdk/control_table/xc430_w240.model
[5.955s] -- Up-to-date symlink: /ros2_ws/install/dynamixel_sdk/share/dynamixel_sdk/control_table/xd430_t210.model
[5.955s] -- Up-to-date symlink: /ros2_ws/install/dynamixel_sdk/share/dynamixel_sdk/control_table/xd430_t350.model
[5.955s] -- Up-to-date symlink: /ros2_ws/install/dynamixel_sdk/share/dynamixel_sdk/control_table/xd540_t150.model
[5.957s] -- Up-to-date symlink: /ros2_ws/install/dynamixel_sdk/share/dynamixel_sdk/control_table/xd540_t270.model
[5.957s] -- Up-to-date symlink: /ros2_ws/install/dynamixel_sdk/share/dynamixel_sdk/control_table/xh430_v210.model
[5.958s] -- Up-to-date symlink: /ros2_ws/install/dynamixel_sdk/share/dynamixel_sdk/control_table/xh430_v350.model
[5.959s] -- Up-to-date symlink: /ros2_ws/install/dynamixel_sdk/share/dynamixel_sdk/control_table/xh430_w210.model
[5.960s] -- Up-to-date symlink: /ros2_ws/install/dynamixel_sdk/share/dynamixel_sdk/control_table/xh430_w350.model
[5.961s] -- Up-to-date symlink: /ros2_ws/install/dynamixel_sdk/share/dynamixel_sdk/control_table/xh540_v150.model
[5.961s] -- Up-to-date symlink: /ros2_ws/install/dynamixel_sdk/share/dynamixel_sdk/control_table/xh540_v270.model
[5.962s] -- Up-to-date symlink: /ros2_ws/install/dynamixel_sdk/share/dynamixel_sdk/control_table/xh540_w150.model
[5.963s] -- Up-to-date symlink: /ros2_ws/install/dynamixel_sdk/share/dynamixel_sdk/control_table/xh540_w270.model
[5.964s] -- Up-to-date symlink: /ros2_ws/install/dynamixel_sdk/share/dynamixel_sdk/control_table/xl320.model
[5.965s] -- Up-to-date symlink: /ros2_ws/install/dynamixel_sdk/share/dynamixel_sdk/control_table/xl330_m077.model
[5.970s] -- Up-to-date symlink: /ros2_ws/install/dynamixel_sdk/share/dynamixel_sdk/control_table/xl330_m077_fw52.model
[5.971s] -- Up-to-date symlink: /ros2_ws/install/dynamixel_sdk/share/dynamixel_sdk/control_table/xl330_m288.model
[5.972s] -- Up-to-date symlink: /ros2_ws/install/dynamixel_sdk/share/dynamixel_sdk/control_table/xl330_m288_fw52.model
[5.972s] -- Up-to-date symlink: /ros2_ws/install/dynamixel_sdk/share/dynamixel_sdk/control_table/xl430_w250.model
[5.972s] -- Up-to-date symlink: /ros2_ws/install/dynamixel_sdk/share/dynamixel_sdk/control_table/xm430_w210.model
[5.973s] -- Up-to-date symlink: /ros2_ws/install/dynamixel_sdk/share/dynamixel_sdk/control_table/xm430_w350.model
[5.975s] -- Up-to-date symlink: /ros2_ws/install/dynamixel_sdk/share/dynamixel_sdk/control_table/xm540_w150.model
[5.975s] -- Up-to-date symlink: /ros2_ws/install/dynamixel_sdk/share/dynamixel_sdk/control_table/xm540_w270.model
[5.975s] -- Up-to-date symlink: /ros2_ws/install/dynamixel_sdk/share/dynamixel_sdk/control_table/xw430_t200.model
[5.975s] -- Up-to-date symlink: /ros2_ws/install/dynamixel_sdk/share/dynamixel_sdk/control_table/xw430_t333.model
[5.977s] -- Up-to-date symlink: /ros2_ws/install/dynamixel_sdk/share/dynamixel_sdk/control_table/xw540_h260.model
[5.978s] -- Up-to-date symlink: /ros2_ws/install/dynamixel_sdk/share/dynamixel_sdk/control_table/xw540_t140.model
[5.980s] -- Up-to-date symlink: /ros2_ws/install/dynamixel_sdk/share/dynamixel_sdk/control_table/xw540_t260.model
[5.980s] -- Up-to-date symlink: /ros2_ws/install/dynamixel_sdk/share/dynamixel_sdk/control_table/ym070_210_a051.model
[5.980s] -- Up-to-date symlink: /ros2_ws/install/dynamixel_sdk/share/dynamixel_sdk/control_table/ym070_210_a099.model
[5.981s] -- Up-to-date symlink: /ros2_ws/install/dynamixel_sdk/share/dynamixel_sdk/control_table/ym070_210_b001.model
[5.982s] -- Up-to-date symlink: /ros2_ws/install/dynamixel_sdk/share/dynamixel_sdk/control_table/ym070_210_m001.model
[5.982s] -- Up-to-date symlink: /ros2_ws/install/dynamixel_sdk/share/dynamixel_sdk/control_table/ym070_210_r051.model
[5.987s] -- Up-to-date symlink: /ros2_ws/install/dynamixel_sdk/share/dynamixel_sdk/control_table/ym070_210_r099.model
[5.987s] -- Up-to-date symlink: /ros2_ws/install/dynamixel_sdk/share/dynamixel_sdk/control_table/ym080_230_a051.model
[5.987s] -- Up-to-date symlink: /ros2_ws/install/dynamixel_sdk/share/dynamixel_sdk/control_table/ym080_230_a099.model
[5.987s] -- Up-to-date symlink: /ros2_ws/install/dynamixel_sdk/share/dynamixel_sdk/control_table/ym080_230_b001.model
[5.988s] -- Up-to-date symlink: /ros2_ws/install/dynamixel_sdk/share/dynamixel_sdk/control_table/ym080_230_m001.model
[5.990s] -- Up-to-date symlink: /ros2_ws/install/dynamixel_sdk/share/dynamixel_sdk/control_table/ym080_230_r051.model
[5.990s] -- Up-to-date symlink: /ros2_ws/install/dynamixel_sdk/share/dynamixel_sdk/control_table/ym080_230_r099.model
[5.991s] -- Up-to-date symlink: /ros2_ws/install/dynamixel_sdk/share/dynamixel_sdk/environment/pythonpath.sh
[5.991s] -- Up-to-date symlink: /ros2_ws/install/dynamixel_sdk/share/dynamixel_sdk/environment/pythonpath.dsv
[5.991s] -- Up-to-date symlink: /ros2_ws/install/dynamixel_sdk/lib/python3.12/site-packages/dynamixel_sdk-4.0.5-py3.12.egg-info/PKG-INFO
[5.992s] -- Up-to-date symlink: /ros2_ws/install/dynamixel_sdk/lib/python3.12/site-packages/dynamixel_sdk-4.0.5-py3.12.egg-info/SOURCES.txt
[5.992s] -- Up-to-date symlink: /ros2_ws/install/dynamixel_sdk/lib/python3.12/site-packages/dynamixel_sdk-4.0.5-py3.12.egg-info/dependency_links.txt
[5.993s] -- Up-to-date symlink: /ros2_ws/install/dynamixel_sdk/lib/python3.12/site-packages/dynamixel_sdk-4.0.5-py3.12.egg-info/top_level.txt
[5.995s] -- Up-to-date symlink: /ros2_ws/install/dynamixel_sdk/lib/python3.12/site-packages/dynamixel_sdk/__init__.py
[5.996s] -- Up-to-date symlink: /ros2_ws/install/dynamixel_sdk/lib/python3.12/site-packages/dynamixel_sdk/group_bulk_read.cpp
[5.996s] -- Up-to-date symlink: /ros2_ws/install/dynamixel_sdk/lib/python3.12/site-packages/dynamixel_sdk/group_bulk_read.py
[5.998s] -- Up-to-date symlink: /ros2_ws/install/dynamixel_sdk/lib/python3.12/site-packages/dynamixel_sdk/group_bulk_write.cpp
[6.000s] -- Up-to-date symlink: /ros2_ws/install/dynamixel_sdk/lib/python3.12/site-packages/dynamixel_sdk/group_bulk_write.py
[6.000s] -- Up-to-date symlink: /ros2_ws/install/dynamixel_sdk/lib/python3.12/site-packages/dynamixel_sdk/group_fast_bulk_read.cpp
[6.000s] -- Up-to-date symlink: /ros2_ws/install/dynamixel_sdk/lib/python3.12/site-packages/dynamixel_sdk/group_fast_sync_read.cpp
[6.002s] -- Up-to-date symlink: /ros2_ws/install/dynamixel_sdk/lib/python3.12/site-packages/dynamixel_sdk/group_handler.cpp
[6.002s] -- Up-to-date symlink: /ros2_ws/install/dynamixel_sdk/lib/python3.12/site-packages/dynamixel_sdk/group_sync_read.cpp
[6.002s] -- Up-to-date symlink: /ros2_ws/install/dynamixel_sdk/lib/python3.12/site-packages/dynamixel_sdk/group_sync_read.py
[6.003s] -- Up-to-date symlink: /ros2_ws/install/dynamixel_sdk/lib/python3.12/site-packages/dynamixel_sdk/group_sync_write.cpp
[6.006s] -- Up-to-date symlink: /ros2_ws/install/dynamixel_sdk/lib/python3.12/site-packages/dynamixel_sdk/group_sync_write.py
[6.007s] -- Up-to-date symlink: /ros2_ws/install/dynamixel_sdk/lib/python3.12/site-packages/dynamixel_sdk/packet_handler.cpp
[6.008s] -- Up-to-date symlink: /ros2_ws/install/dynamixel_sdk/lib/python3.12/site-packages/dynamixel_sdk/packet_handler.py
[6.008s] -- Up-to-date symlink: /ros2_ws/install/dynamixel_sdk/lib/python3.12/site-packages/dynamixel_sdk/port_handler.cpp
[6.010s] -- Up-to-date symlink: /ros2_ws/install/dynamixel_sdk/lib/python3.12/site-packages/dynamixel_sdk/port_handler.py
[6.011s] -- Up-to-date symlink: /ros2_ws/install/dynamixel_sdk/lib/python3.12/site-packages/dynamixel_sdk/port_handler_arduino.cpp
[6.012s] -- Up-to-date symlink: /ros2_ws/install/dynamixel_sdk/lib/python3.12/site-packages/dynamixel_sdk/port_handler_linux.cpp
[6.013s] -- Up-to-date symlink: /ros2_ws/install/dynamixel_sdk/lib/python3.12/site-packages/dynamixel_sdk/port_handler_mac.cpp
[6.014s] -- Up-to-date symlink: /ros2_ws/install/dynamixel_sdk/lib/python3.12/site-packages/dynamixel_sdk/port_handler_windows.cpp
[6.016s] -- Up-to-date symlink: /ros2_ws/install/dynamixel_sdk/lib/python3.12/site-packages/dynamixel_sdk/protocol1_packet_handler.cpp
[6.016s] -- Up-to-date symlink: /ros2_ws/install/dynamixel_sdk/lib/python3.12/site-packages/dynamixel_sdk/protocol1_packet_handler.py
[6.020s] -- Up-to-date symlink: /ros2_ws/install/dynamixel_sdk/lib/python3.12/site-packages/dynamixel_sdk/protocol2_packet_handler.cpp
[6.022s] -- Up-to-date symlink: /ros2_ws/install/dynamixel_sdk/lib/python3.12/site-packages/dynamixel_sdk/protocol2_packet_handler.py
[6.022s] -- Up-to-date symlink: /ros2_ws/install/dynamixel_sdk/lib/python3.12/site-packages/dynamixel_sdk/robotis_def.py
[6.023s] -- Up-to-date symlink: /ros2_ws/install/dynamixel_sdk/lib/python3.12/site-packages/dynamixel_easy_sdk-4.0.5-py3.12.egg-info/PKG-INFO
[6.025s] -- Up-to-date symlink: /ros2_ws/install/dynamixel_sdk/lib/python3.12/site-packages/dynamixel_easy_sdk-4.0.5-py3.12.egg-info/SOURCES.txt
[6.025s] -- Up-to-date symlink: /ros2_ws/install/dynamixel_sdk/lib/python3.12/site-packages/dynamixel_easy_sdk-4.0.5-py3.12.egg-info/dependency_links.txt
[6.026s] -- Up-to-date symlink: /ros2_ws/install/dynamixel_sdk/lib/python3.12/site-packages/dynamixel_easy_sdk-4.0.5-py3.12.egg-info/top_level.txt
[6.027s] -- Up-to-date symlink: /ros2_ws/install/dynamixel_sdk/lib/python3.12/site-packages/dynamixel_easy_sdk/__init__.py
[6.029s] -- Up-to-date symlink: /ros2_ws/install/dynamixel_sdk/lib/python3.12/site-packages/dynamixel_easy_sdk/connector.cpp
[6.029s] -- Up-to-date symlink: /ros2_ws/install/dynamixel_sdk/lib/python3.12/site-packages/dynamixel_easy_sdk/connector.py
[6.030s] -- Up-to-date symlink: /ros2_ws/install/dynamixel_sdk/lib/python3.12/site-packages/dynamixel_easy_sdk/control_table.cpp
[6.031s] -- Up-to-date symlink: /ros2_ws/install/dynamixel_sdk/lib/python3.12/site-packages/dynamixel_easy_sdk/control_table.py
[6.032s] -- Up-to-date symlink: /ros2_ws/install/dynamixel_sdk/lib/python3.12/site-packages/dynamixel_easy_sdk/data_types.py
[6.033s] -- Up-to-date symlink: /ros2_ws/install/dynamixel_sdk/lib/python3.12/site-packages/dynamixel_easy_sdk/dynamixel_error.cpp
[6.034s] -- Up-to-date symlink: /ros2_ws/install/dynamixel_sdk/lib/python3.12/site-packages/dynamixel_easy_sdk/dynamixel_error.py
[6.036s] -- Up-to-date symlink: /ros2_ws/install/dynamixel_sdk/lib/python3.12/site-packages/dynamixel_easy_sdk/group_executor.cpp
[6.037s] -- Up-to-date symlink: /ros2_ws/install/dynamixel_sdk/lib/python3.12/site-packages/dynamixel_easy_sdk/group_executor.py
[6.038s] -- Up-to-date symlink: /ros2_ws/install/dynamixel_sdk/lib/python3.12/site-packages/dynamixel_easy_sdk/motor.cpp
[6.039s] -- Up-to-date symlink: /ros2_ws/install/dynamixel_sdk/lib/python3.12/site-packages/dynamixel_easy_sdk/motor.py
[6.040s] -- Up-to-date symlink: /ros2_ws/install/dynamixel_sdk/share/dynamixel_sdk/environment/library_path.sh
[6.042s] -- Up-to-date symlink: /ros2_ws/install/dynamixel_sdk/share/dynamixel_sdk/environment/library_path.dsv
[6.043s] -- Up-to-date symlink: /ros2_ws/install/dynamixel_sdk/share/ament_index/resource_index/package_run_dependencies/dynamixel_sdk
[6.044s] -- Up-to-date symlink: /ros2_ws/install/dynamixel_sdk/share/ament_index/resource_index/parent_prefix_path/dynamixel_sdk
[6.046s] -- Up-to-date symlink: /ros2_ws/install/dynamixel_sdk/share/dynamixel_sdk/environment/ament_prefix_path.sh
[6.047s] -- Up-to-date symlink: /ros2_ws/install/dynamixel_sdk/share/dynamixel_sdk/environment/ament_prefix_path.dsv
[6.048s] -- Up-to-date symlink: /ros2_ws/install/dynamixel_sdk/share/dynamixel_sdk/environment/path.sh
[6.049s] -- Up-to-date symlink: /ros2_ws/install/dynamixel_sdk/share/dynamixel_sdk/environment/path.dsv
[6.050s] -- Up-to-date symlink: /ros2_ws/install/dynamixel_sdk/share/dynamixel_sdk/local_setup.bash
[6.051s] -- Up-to-date symlink: /ros2_ws/install/dynamixel_sdk/share/dynamixel_sdk/local_setup.sh
[6.053s] -- Up-to-date symlink: /ros2_ws/install/dynamixel_sdk/share/dynamixel_sdk/local_setup.zsh
[6.055s] -- Up-to-date symlink: /ros2_ws/install/dynamixel_sdk/share/dynamixel_sdk/local_setup.dsv
[6.056s] -- Symlinking: /ros2_ws/install/dynamixel_sdk/share/dynamixel_sdk/package.dsv
[6.082s] -- Up-to-date symlink: /ros2_ws/install/dynamixel_sdk/share/ament_index/resource_index/packages/dynamixel_sdk
[6.082s] -- Up-to-date symlink: /ros2_ws/install/dynamixel_sdk/share/dynamixel_sdk/cmake/ament_cmake_export_targets-extras.cmake
[6.082s] -- Up-to-date symlink: /ros2_ws/install/dynamixel_sdk/share/dynamixel_sdk/cmake/ament_cmake_export_include_directories-extras.cmake
[6.084s] -- Up-to-date symlink: /ros2_ws/install/dynamixel_sdk/share/dynamixel_sdk/cmake/ament_cmake_export_libraries-extras.cmake
[6.086s] -- Up-to-date symlink: /ros2_ws/install/dynamixel_sdk/share/dynamixel_sdk/cmake/dynamixel_sdkConfig.cmake
[6.087s] -- Up-to-date symlink: /ros2_ws/install/dynamixel_sdk/share/dynamixel_sdk/cmake/dynamixel_sdkConfig-version.cmake
[6.087s] -- Up-to-date symlink: /ros2_ws/install/dynamixel_sdk/share/dynamixel_sdk/package.xml
[6.088s] -- Installing: /ros2_ws/install/dynamixel_sdk/lib/libdynamixel_sdk.so
[6.178s] Listing '/ros2_ws/install/dynamixel_sdk/lib/python3.12/site-packages/dynamixel_sdk'...
[6.241s] Listing '/ros2_ws/install/dynamixel_sdk/lib/python3.12/site-packages/dynamixel_easy_sdk'...
[6.250s] -- Up-to-date: /ros2_ws/install/dynamixel_sdk/share/dynamixel_sdk/cmake/dynamixel_sdkExport.cmake
[6.250s] -- Up-to-date: /ros2_ws/install/dynamixel_sdk/share/dynamixel_sdk/cmake/dynamixel_sdkExport-noconfig.cmake
[6.255s] Invoked command in '/ros2_ws/build/dynamixel_sdk' returned '0': CMAKE_PREFIX_PATH=${CMAKE_PREFIX_PATH}:/opt/ros/jazzy /usr/bin/cmake --install /ros2_ws/build/dynamixel_sdk
