running egg_info
creating ../../build/maze_bot/maze_bot.egg-info
writing ../../build/maze_bot/maze_bot.egg-info/PKG-INFO
writing dependency_links to ../../build/maze_bot/maze_bot.egg-info/dependency_links.txt
writing requirements to ../../build/maze_bot/maze_bot.egg-info/requires.txt
writing top-level names to ../../build/maze_bot/maze_bot.egg-info/top_level.txt
writing manifest file '../../build/maze_bot/maze_bot.egg-info/SOURCES.txt'
reading manifest file '../../build/maze_bot/maze_bot.egg-info/SOURCES.txt'
writing manifest file '../../build/maze_bot/maze_bot.egg-info/SOURCES.txt'
running build
running build_py
creating /ros2_ws/build/maze_bot/build
creating /ros2_ws/build/maze_bot/build/lib
creating /ros2_ws/build/maze_bot/build/lib/maze_bot
copying maze_bot/__init__.py -> /ros2_ws/build/maze_bot/build/lib/maze_bot
running install
running install_lib
creating /ros2_ws/install/maze_bot/lib/python3.12/site-packages/maze_bot
copying /ros2_ws/build/maze_bot/build/lib/maze_bot/__init__.py -> /ros2_ws/install/maze_bot/lib/python3.12/site-packages/maze_bot
byte-compiling /ros2_ws/install/maze_bot/lib/python3.12/site-packages/maze_bot/__init__.py to __init__.cpython-312.pyc
running install_data
creating /ros2_ws/install/maze_bot/share/ament_index
creating /ros2_ws/install/maze_bot/share/ament_index/resource_index
creating /ros2_ws/install/maze_bot/share/ament_index/resource_index/packages
copying resource/maze_bot -> /ros2_ws/install/maze_bot/share/ament_index/resource_index/packages
copying package.xml -> /ros2_ws/install/maze_bot/share/maze_bot
creating /ros2_ws/install/maze_bot/share/maze_bot/worlds
copying worlds/maze.sdf -> /ros2_ws/install/maze_bot/share/maze_bot/worlds
creating /ros2_ws/install/maze_bot/share/maze_bot/launch
copying launch/maze_world.launch.py -> /ros2_ws/install/maze_bot/share/maze_bot/launch
running install_egg_info
Copying ../../build/maze_bot/maze_bot.egg-info to /ros2_ws/install/maze_bot/lib/python3.12/site-packages/maze_bot-0.0.0-py3.12.egg-info
running install_scripts
writing list of installed files to '/ros2_ws/build/maze_bot/install.log'
