[1.743s] Invoking command in '/ros2_ws/build/turtlebot3_example': CMAKE_PREFIX_PATH=/ros2_ws/install/turtlebot3_msgs:/ros2_ws/install/turtlebot3:/ros2_ws/install/turtlebot3_simulations:/ros2_ws/install/turtlebot3_bringup:/ros2_ws/install/turtlebot3_node:/ros2_ws/install/turtlebot3_navigation2:/ros2_ws/install/turtlebot3_fake_node:/ros2_ws/install/turtlebot3_gazebo:/ros2_ws/install/turtlebot3_description:/ros2_ws/install/turtlebot3_cartographer:/ros2_ws/install/dynamixel_sdk_examples:/ros2_ws/install/dynamixel_sdk_custom_interfaces:/ros2_ws/install/dynamixel_sdk:/opt/ros/jazzy/opt/gz_sim_vendor:/opt/ros/jazzy/opt/gz_sensors_vendor:/opt/ros/jazzy/opt/gz_physics_vendor:/opt/ros/jazzy/opt/sdformat_vendor:/opt/ros/jazzy/opt/gz_gui_vendor:/opt/ros/jazzy/opt/gz_transport_vendor:/opt/ros/jazzy/opt/gz_rendering_vendor:/opt/ros/jazzy/opt/gz_plugin_vendor:/opt/ros/jazzy/opt/gz_fuel_tools_vendor:/opt/ros/jazzy/opt/gz_msgs_vendor:/opt/ros/jazzy/opt/gz_common_vendor:/opt/ros/jazzy/opt/gz_math_vendor:/opt/ros/jazzy/opt/gz_utils_vendor:/opt/ros/jazzy/opt/gz_tools_vendor:/opt/ros/jazzy/opt/gz_ogre_next_vendor:/opt/ros/jazzy/opt/gz_dartsim_vendor:/opt/ros/jazzy/opt/gz_cmake_vendor PYTHONPATH=/ros2_ws/build/turtlebot3_example/prefix_override:/usr/lib/python3/dist-packages/colcon_core/task/python/colcon_distutils_commands:/ros2_ws/install/turtlebot3_example/lib/python3.12/site-packages:/ros2_ws/install/turtlebot3_msgs/lib/python3.12/site-packages:/ros2_ws/build/turtlebot3_teleop:/ros2_ws/install/turtlebot3_teleop/lib/python3.12/site-packages:/ros2_ws/build/turtlebot3_example:/ros2_ws/install/turtlebot3_example/lib/python3.12/site-packages:/ros2_ws/build/maze_bot:/ros2_ws/install/maze_bot/lib/python3.12/site-packages:/ros2_ws/install/dynamixel_sdk_custom_interfaces/lib/python3.12/site-packages:/ros2_ws/install/dynamixel_sdk/lib/python3.12/site-packages:/opt/ros/jazzy/lib/python3.12/site-packages /usr/bin/python3 -W ignore:setup.py install is deprecated -W ignore:easy_install command is deprecated setup.py develop --editable --build-directory /ros2_ws/build/turtlebot3_example/build --no-deps symlink_data
[2.117s] running develop
[2.309s] running egg_info
[2.327s] writing turtlebot3_example.egg-info/PKG-INFO
[2.327s] writing dependency_links to turtlebot3_example.egg-info/dependency_links.txt
[2.328s] writing entry points to turtlebot3_example.egg-info/entry_points.txt
[2.328s] writing requirements to turtlebot3_example.egg-info/requires.txt
[2.329s] writing top-level names to turtlebot3_example.egg-info/top_level.txt
[2.366s] reading manifest file 'turtlebot3_example.egg-info/SOURCES.txt'
[2.367s] writing manifest file 'turtlebot3_example.egg-info/SOURCES.txt'
[2.385s] running build_ext
[2.385s] Creating /ros2_ws/install/turtlebot3_example/lib/python3.12/site-packages/turtlebot3-example.egg-link (link to .)
[2.386s] Installing turtlebot3_absolute_move script to /ros2_ws/install/turtlebot3_example/lib/turtlebot3_example
[2.386s] Installing turtlebot3_interactive_marker script to /ros2_ws/install/turtlebot3_example/lib/turtlebot3_example
[2.387s] Installing turtlebot3_obstacle_detection script to /ros2_ws/install/turtlebot3_example/lib/turtlebot3_example
[2.387s] Installing turtlebot3_patrol_client script to /ros2_ws/install/turtlebot3_example/lib/turtlebot3_example
[2.387s] Installing turtlebot3_patrol_server script to /ros2_ws/install/turtlebot3_example/lib/turtlebot3_example
[2.387s] Installing turtlebot3_relative_move script to /ros2_ws/install/turtlebot3_example/lib/turtlebot3_example
[2.387s] 
[2.388s] Installed /ros2_ws/build/turtlebot3_example
[2.388s] running symlink_data
[2.441s] Invoked command in '/ros2_ws/build/turtlebot3_example' returned '0': CMAKE_PREFIX_PATH=/ros2_ws/install/turtlebot3_msgs:/ros2_ws/install/turtlebot3:/ros2_ws/install/turtlebot3_simulations:/ros2_ws/install/turtlebot3_bringup:/ros2_ws/install/turtlebot3_node:/ros2_ws/install/turtlebot3_navigation2:/ros2_ws/install/turtlebot3_fake_node:/ros2_ws/install/turtlebot3_gazebo:/ros2_ws/install/turtlebot3_description:/ros2_ws/install/turtlebot3_cartographer:/ros2_ws/install/dynamixel_sdk_examples:/ros2_ws/install/dynamixel_sdk_custom_interfaces:/ros2_ws/install/dynamixel_sdk:/opt/ros/jazzy/opt/gz_sim_vendor:/opt/ros/jazzy/opt/gz_sensors_vendor:/opt/ros/jazzy/opt/gz_physics_vendor:/opt/ros/jazzy/opt/sdformat_vendor:/opt/ros/jazzy/opt/gz_gui_vendor:/opt/ros/jazzy/opt/gz_transport_vendor:/opt/ros/jazzy/opt/gz_rendering_vendor:/opt/ros/jazzy/opt/gz_plugin_vendor:/opt/ros/jazzy/opt/gz_fuel_tools_vendor:/opt/ros/jazzy/opt/gz_msgs_vendor:/opt/ros/jazzy/opt/gz_common_vendor:/opt/ros/jazzy/opt/gz_math_vendor:/opt/ros/jazzy/opt/gz_utils_vendor:/opt/ros/jazzy/opt/gz_tools_vendor:/opt/ros/jazzy/opt/gz_ogre_next_vendor:/opt/ros/jazzy/opt/gz_dartsim_vendor:/opt/ros/jazzy/opt/gz_cmake_vendor PYTHONPATH=/ros2_ws/build/turtlebot3_example/prefix_override:/usr/lib/python3/dist-packages/colcon_core/task/python/colcon_distutils_commands:/ros2_ws/install/turtlebot3_example/lib/python3.12/site-packages:/ros2_ws/install/turtlebot3_msgs/lib/python3.12/site-packages:/ros2_ws/build/turtlebot3_teleop:/ros2_ws/install/turtlebot3_teleop/lib/python3.12/site-packages:/ros2_ws/build/turtlebot3_example:/ros2_ws/install/turtlebot3_example/lib/python3.12/site-packages:/ros2_ws/build/maze_bot:/ros2_ws/install/maze_bot/lib/python3.12/site-packages:/ros2_ws/install/dynamixel_sdk_custom_interfaces/lib/python3.12/site-packages:/ros2_ws/install/dynamixel_sdk/lib/python3.12/site-packages:/opt/ros/jazzy/lib/python3.12/site-packages /usr/bin/python3 -W ignore:setup.py install is deprecated -W ignore:easy_install command is deprecated setup.py develop --editable --build-directory /ros2_ws/build/turtlebot3_example/build --no-deps symlink_data
