[2.203s] Invoking command in '/ros2_ws/build/turtlebot3_example': AMENT_PREFIX_PATH=/ros2_ws/install/turtlebot3_msgs:${AMENT_PREFIX_PATH} CMAKE_PREFIX_PATH=/ros2_ws/install/turtlebot3_msgs:${CMAKE_PREFIX_PATH} LD_LIBRARY_PATH=/ros2_ws/install/turtlebot3_msgs/lib:${LD_LIBRARY_PATH} PYTHONPATH=/ros2_ws/build/turtlebot3_example/prefix_override:/usr/lib/python3/dist-packages/colcon_core/task/python/colcon_distutils_commands:/ros2_ws/install/turtlebot3_example/lib/python3.12/site-packages:/ros2_ws/install/turtlebot3_msgs/lib/python3.12/site-packages:${PYTHONPATH} /usr/bin/python3 -W ignore:setup.py install is deprecated -W ignore:easy_install command is deprecated setup.py develop --editable --build-directory /ros2_ws/build/turtlebot3_example/build --no-deps symlink_data
[2.755s] running develop
[3.077s] running egg_info
[3.104s] writing turtlebot3_example.egg-info/PKG-INFO
[3.105s] writing dependency_links to turtlebot3_example.egg-info/dependency_links.txt
[3.106s] writing entry points to turtlebot3_example.egg-info/entry_points.txt
[3.107s] writing requirements to turtlebot3_example.egg-info/requires.txt
[3.107s] writing top-level names to turtlebot3_example.egg-info/top_level.txt
[3.168s] reading manifest file 'turtlebot3_example.egg-info/SOURCES.txt'
[3.169s] writing manifest file 'turtlebot3_example.egg-info/SOURCES.txt'
[3.200s] running build_ext
[3.200s] Creating /ros2_ws/install/turtlebot3_example/lib/python3.12/site-packages/turtlebot3-example.egg-link (link to .)
[3.201s] Installing turtlebot3_absolute_move script to /ros2_ws/install/turtlebot3_example/lib/turtlebot3_example
[3.201s] Installing turtlebot3_interactive_marker script to /ros2_ws/install/turtlebot3_example/lib/turtlebot3_example
[3.201s] Installing turtlebot3_obstacle_detection script to /ros2_ws/install/turtlebot3_example/lib/turtlebot3_example
[3.202s] Installing turtlebot3_patrol_client script to /ros2_ws/install/turtlebot3_example/lib/turtlebot3_example
[3.202s] Installing turtlebot3_patrol_server script to /ros2_ws/install/turtlebot3_example/lib/turtlebot3_example
[3.203s] Installing turtlebot3_relative_move script to /ros2_ws/install/turtlebot3_example/lib/turtlebot3_example
[3.204s] 
[3.204s] Installed /ros2_ws/build/turtlebot3_example
[3.204s] running symlink_data
[3.274s] Invoked command in '/ros2_ws/build/turtlebot3_example' returned '0': AMENT_PREFIX_PATH=/ros2_ws/install/turtlebot3_msgs:${AMENT_PREFIX_PATH} CMAKE_PREFIX_PATH=/ros2_ws/install/turtlebot3_msgs:${CMAKE_PREFIX_PATH} LD_LIBRARY_PATH=/ros2_ws/install/turtlebot3_msgs/lib:${LD_LIBRARY_PATH} PYTHONPATH=/ros2_ws/build/turtlebot3_example/prefix_override:/usr/lib/python3/dist-packages/colcon_core/task/python/colcon_distutils_commands:/ros2_ws/install/turtlebot3_example/lib/python3.12/site-packages:/ros2_ws/install/turtlebot3_msgs/lib/python3.12/site-packages:${PYTHONPATH} /usr/bin/python3 -W ignore:setup.py install is deprecated -W ignore:easy_install command is deprecated setup.py develop --editable --build-directory /ros2_ws/build/turtlebot3_example/build --no-deps symlink_data
