[0.133s] Invoking command in '/ros2_ws/build/turtlebot3_description': CMAKE_PREFIX_PATH=${CMAKE_PREFIX_PATH}:/opt/ros/jazzy /usr/bin/cmake /ros2_ws/src/turtlebot3/turtlebot3_description -DAMENT_CMAKE_SYMLINK_INSTALL=1 -DCMAKE_INSTALL_PREFIX=/ros2_ws/install/turtlebot3_description
[0.306s] -- Found ament_cmake: 2.5.6 (/opt/ros/jazzy/share/ament_cmake/cmake)
[0.981s] -- Override CMake install command with custom implementation using symlinks instead of copying resources
[1.016s] -- Found urdf: 2.10.1 (/opt/ros/jazzy/share/urdf/cmake)
[1.160s] -- Found TinyXML2 via Config file: /usr/lib/x86_64-linux-gnu/cmake/tinyxml2
[1.499s] -- Configuring done (1.2s)
[1.526s] -- Generating done (0.0s)
[1.530s] -- Build files have been written to: /ros2_ws/build/turtlebot3_description
[1.542s] Invoked command in '/ros2_ws/build/turtlebot3_description' returned '0': CMAKE_PREFIX_PATH=${CMAKE_PREFIX_PATH}:/opt/ros/jazzy /usr/bin/cmake /ros2_ws/src/turtlebot3/turtlebot3_description -DAMENT_CMAKE_SYMLINK_INSTALL=1 -DCMAKE_INSTALL_PREFIX=/ros2_ws/install/turtlebot3_description
[1.542s] Invoking command in '/ros2_ws/build/turtlebot3_description': CMAKE_PREFIX_PATH=${CMAKE_PREFIX_PATH}:/opt/ros/jazzy /usr/bin/cmake --build /ros2_ws/build/turtlebot3_description -- -j8 -l8
[1.789s] Invoked command in '/ros2_ws/build/turtlebot3_description' returned '0': CMAKE_PREFIX_PATH=${CMAKE_PREFIX_PATH}:/opt/ros/jazzy /usr/bin/cmake --build /ros2_ws/build/turtlebot3_description -- -j8 -l8
[1.791s] Invoking command in '/ros2_ws/build/turtlebot3_description': CMAKE_PREFIX_PATH=${CMAKE_PREFIX_PATH}:/opt/ros/jazzy /usr/bin/cmake --install /ros2_ws/build/turtlebot3_description
[1.820s] -- Install configuration: ""
[1.824s] -- Execute custom install script
[1.825s] -- Up-to-date symlink: /ros2_ws/install/turtlebot3_description/share/turtlebot3_description/meshes/bases/burger_base.stl
[1.826s] -- Up-to-date symlink: /ros2_ws/install/turtlebot3_description/share/turtlebot3_description/meshes/bases/waffle_base.stl
[1.826s] -- Up-to-date symlink: /ros2_ws/install/turtlebot3_description/share/turtlebot3_description/meshes/bases/waffle_pi_base.stl
[1.826s] -- Up-to-date symlink: /ros2_ws/install/turtlebot3_description/share/turtlebot3_description/meshes/sensors/astra.dae
[1.827s] -- Up-to-date symlink: /ros2_ws/install/turtlebot3_description/share/turtlebot3_description/meshes/sensors/astra.jpg
[1.827s] -- Up-to-date symlink: /ros2_ws/install/turtlebot3_description/share/turtlebot3_description/meshes/sensors/lds.stl
[1.828s] -- Up-to-date symlink: /ros2_ws/install/turtlebot3_description/share/turtlebot3_description/meshes/sensors/r200.dae
[1.828s] -- Up-to-date symlink: /ros2_ws/install/turtlebot3_description/share/turtlebot3_description/meshes/sensors/r200.jpg
[1.828s] -- Up-to-date symlink: /ros2_ws/install/turtlebot3_description/share/turtlebot3_description/meshes/wheels/left_tire.stl
[1.828s] -- Up-to-date symlink: /ros2_ws/install/turtlebot3_description/share/turtlebot3_description/meshes/wheels/right_tire.stl
[1.830s] -- Up-to-date symlink: /ros2_ws/install/turtlebot3_description/share/turtlebot3_description/rviz/model.rviz
[1.830s] -- Up-to-date symlink: /ros2_ws/install/turtlebot3_description/share/turtlebot3_description/urdf/common_properties.urdf
[1.830s] -- Up-to-date symlink: /ros2_ws/install/turtlebot3_description/share/turtlebot3_description/urdf/turtlebot3_burger.urdf
[1.830s] -- Up-to-date symlink: /ros2_ws/install/turtlebot3_description/share/turtlebot3_description/urdf/turtlebot3_waffle.urdf
[1.830s] -- Up-to-date symlink: /ros2_ws/install/turtlebot3_description/share/turtlebot3_description/urdf/turtlebot3_waffle_pi.urdf
[1.830s] -- Up-to-date symlink: /ros2_ws/install/turtlebot3_description/share/ament_index/resource_index/package_run_dependencies/turtlebot3_description
[1.831s] -- Up-to-date symlink: /ros2_ws/install/turtlebot3_description/share/ament_index/resource_index/parent_prefix_path/turtlebot3_description
[1.831s] -- Up-to-date symlink: /ros2_ws/install/turtlebot3_description/share/turtlebot3_description/environment/ament_prefix_path.sh
[1.831s] -- Up-to-date symlink: /ros2_ws/install/turtlebot3_description/share/turtlebot3_description/environment/ament_prefix_path.dsv
[1.831s] -- Up-to-date symlink: /ros2_ws/install/turtlebot3_description/share/turtlebot3_description/environment/path.sh
[1.831s] -- Up-to-date symlink: /ros2_ws/install/turtlebot3_description/share/turtlebot3_description/environment/path.dsv
[1.832s] -- Up-to-date symlink: /ros2_ws/install/turtlebot3_description/share/turtlebot3_description/local_setup.bash
[1.832s] -- Up-to-date symlink: /ros2_ws/install/turtlebot3_description/share/turtlebot3_description/local_setup.sh
[1.833s] -- Up-to-date symlink: /ros2_ws/install/turtlebot3_description/share/turtlebot3_description/local_setup.zsh
[1.833s] -- Up-to-date symlink: /ros2_ws/install/turtlebot3_description/share/turtlebot3_description/local_setup.dsv
[1.833s] -- Symlinking: /ros2_ws/install/turtlebot3_description/share/turtlebot3_description/package.dsv
[1.874s] -- Up-to-date symlink: /ros2_ws/install/turtlebot3_description/share/ament_index/resource_index/packages/turtlebot3_description
[1.874s] -- Up-to-date symlink: /ros2_ws/install/turtlebot3_description/share/turtlebot3_description/cmake/turtlebot3_descriptionConfig.cmake
[1.874s] -- Up-to-date symlink: /ros2_ws/install/turtlebot3_description/share/turtlebot3_description/cmake/turtlebot3_descriptionConfig-version.cmake
[1.875s] -- Up-to-date symlink: /ros2_ws/install/turtlebot3_description/share/turtlebot3_description/package.xml
[2.251s] Invoked command in '/ros2_ws/build/turtlebot3_description' returned '0': CMAKE_PREFIX_PATH=${CMAKE_PREFIX_PATH}:/opt/ros/jazzy /usr/bin/cmake --install /ros2_ws/build/turtlebot3_description
