[1.939s] Invoking command in '/ros2_ws/src/maze_bot': PYTHONPATH=/ros2_ws/build/maze_bot/prefix_override:/usr/lib/python3/dist-packages/colcon_core/task/python/colcon_distutils_commands:/ros2_ws/install/maze_bot/lib/python3.12/site-packages:${PYTHONPATH} /usr/bin/python3 -W ignore:setup.py install is deprecated -W ignore:easy_install command is deprecated setup.py egg_info --egg-base ../../build/maze_bot build --build-base /ros2_ws/build/maze_bot/build install --record /ros2_ws/build/maze_bot/install.log --install-scripts $base/lib/maze_bot --single-version-externally-managed install_data
[2.481s] running egg_info
[2.507s] writing ../../build/maze_bot/maze_bot.egg-info/PKG-INFO
[2.508s] writing dependency_links to ../../build/maze_bot/maze_bot.egg-info/dependency_links.txt
[2.509s] writing requirements to ../../build/maze_bot/maze_bot.egg-info/requires.txt
[2.509s] writing top-level names to ../../build/maze_bot/maze_bot.egg-info/top_level.txt
[2.568s] reading manifest file '../../build/maze_bot/maze_bot.egg-info/SOURCES.txt'
[2.569s] writing manifest file '../../build/maze_bot/maze_bot.egg-info/SOURCES.txt'
[2.570s] running build
[2.570s] running build_py
[2.570s] running install
[2.580s] running install_lib
[2.622s] running install_data
[2.623s] creating /ros2_ws/install/maze_bot/share/maze_bot/rviz
[2.627s] running install_egg_info
[2.656s] removing '/ros2_ws/install/maze_bot/lib/python3.12/site-packages/maze_bot-0.0.0-py3.12.egg-info' (and everything under it)
[2.657s] Copying ../../build/maze_bot/maze_bot.egg-info to /ros2_ws/install/maze_bot/lib/python3.12/site-packages/maze_bot-0.0.0-py3.12.egg-info
[2.657s] running install_scripts
[2.884s] writing list of installed files to '/ros2_ws/build/maze_bot/install.log'
[2.999s] Invoked command in '/ros2_ws/src/maze_bot' returned '0': PYTHONPATH=/ros2_ws/build/maze_bot/prefix_override:/usr/lib/python3/dist-packages/colcon_core/task/python/colcon_distutils_commands:/ros2_ws/install/maze_bot/lib/python3.12/site-packages:${PYTHONPATH} /usr/bin/python3 -W ignore:setup.py install is deprecated -W ignore:easy_install command is deprecated setup.py egg_info --egg-base ../../build/maze_bot build --build-base /ros2_ws/build/maze_bot/build install --record /ros2_ws/build/maze_bot/install.log --install-scripts $base/lib/maze_bot --single-version-externally-managed install_data
